[0.005s] Invoking command in '/home/spaceshipecsat/ur_10_CatapultTest/build/ros2_linkattacher': AMENT_PREFIX_PATH=/home/spaceshipecsat/ur_10_CatapultTest/install/linkattacher_msgs:${AMENT_PREFIX_PATH} CMAKE_PREFIX_PATH=/home/spaceshipecsat/ur_10_CatapultTest/install/linkattacher_msgs:/opt/ros/humble LD_LIBRARY_PATH=/home/spaceshipecsat/ur_10_CatapultTest/install/linkattacher_msgs/lib:${LD_LIBRARY_PATH} PYTHONPATH=/home/spaceshipecsat/ur_10_CatapultTest/install/linkattacher_msgs/local/lib/python3.10/dist-packages:${PYTHONPATH} /usr/bin/cmake /home/spaceshipecsat/ur_10_CatapultTest/src/IFRA_LinkAttacher/ros2_LinkAttacher -DCMAKE_INSTALL_PREFIX=/home/spaceshipecsat/ur_10_CatapultTest/install/ros2_linkattacher
[0.013s] -- Found ament_cmake: 1.3.11 (/opt/ros/humble/share/ament_cmake/cmake)
[0.070s] -- Override CMake install command with custom implementation using symlinks instead of copying resources
[0.073s] -- Found ament_lint_auto: 0.12.12 (/opt/ros/humble/share/ament_lint_auto/cmake)
[0.102s] -- Found gazebo_ros: 3.9.0 (/opt/ros/humble/share/gazebo_ros/cmake)
[0.116s] -- Found rosidl_generator_c: 3.1.6 (/opt/ros/humble/share/rosidl_generator_c/cmake)
[0.117s] -- Found rosidl_adapter: 3.1.6 (/opt/ros/humble/share/rosidl_adapter/cmake)
[0.120s] -- Found rosidl_generator_cpp: 3.1.6 (/opt/ros/humble/share/rosidl_generator_cpp/cmake)
[0.124s] -- Using all available rosidl_typesupport_c: rosidl_typesupport_fastrtps_c;rosidl_typesupport_introspection_c
[0.129s] -- Using all available rosidl_typesupport_cpp: rosidl_typesupport_fastrtps_cpp;rosidl_typesupport_introspection_cpp
[0.144s] -- Found rmw_implementation_cmake: 6.1.2 (/opt/ros/humble/share/rmw_implementation_cmake/cmake)
[0.144s] -- Found rmw_fastrtps_cpp: 6.2.7 (/opt/ros/humble/share/rmw_fastrtps_cpp/cmake)
[0.199s] -- Using RMW implementation 'rmw_fastrtps_cpp' as default
[0.239s] -- Found DART: /usr/include (Required is at least version "6.6") found components: dart 
[0.253s] -- Found Protobuf: /usr/lib/x86_64-linux-gnu/libprotobuf.so (found version "3.12.4") 
[0.254s] -- Looking for ignition-math6 -- found version 6.15.1
[0.256s] -- Searching for dependencies of ignition-math6
[0.256s] -- Looking for OGRE...
[0.259s] -- Found Ogre Ghadamon (1.9.0)
[0.260s] -- Found OGRE: optimized;/usr/lib/x86_64-linux-gnu/libOgreMain.so;debug;/usr/lib/x86_64-linux-gnu/libOgreMain.so
[0.264s] -- Looking for OGRE_Paging...
[0.264s] -- Found OGRE_Paging: optimized;/usr/lib/x86_64-linux-gnu/libOgrePaging.so;debug;/usr/lib/x86_64-linux-gnu/libOgrePaging.so
[0.264s] -- Looking for OGRE_Terrain...
[0.265s] -- Found OGRE_Terrain: optimized;/usr/lib/x86_64-linux-gnu/libOgreTerrain.so;debug;/usr/lib/x86_64-linux-gnu/libOgreTerrain.so
[0.265s] -- Looking for OGRE_Property...
[0.265s] -- Found OGRE_Property: optimized;/usr/lib/x86_64-linux-gnu/libOgreProperty.so;debug;/usr/lib/x86_64-linux-gnu/libOgreProperty.so
[0.265s] -- Looking for OGRE_RTShaderSystem...
[0.265s] -- Found OGRE_RTShaderSystem: optimized;/usr/lib/x86_64-linux-gnu/libOgreRTShaderSystem.so;debug;/usr/lib/x86_64-linux-gnu/libOgreRTShaderSystem.so
[0.265s] -- Looking for OGRE_Volume...
[0.265s] -- Found OGRE_Volume: optimized;/usr/lib/x86_64-linux-gnu/libOgreVolume.so;debug;/usr/lib/x86_64-linux-gnu/libOgreVolume.so
[0.265s] -- Looking for OGRE_Overlay...
[0.265s] -- Found OGRE_Overlay: optimized;/usr/lib/x86_64-linux-gnu/libOgreOverlay.so;debug;/usr/lib/x86_64-linux-gnu/libOgreOverlay.so
[0.310s] -- Looking for ignition-math6 -- found version 6.15.1
[0.310s] -- Looking for ignition-transport8 -- found version 8.2.1
[0.310s] -- Searching for dependencies of ignition-transport8
[0.319s] -- Found Protobuf: /usr/lib/x86_64-linux-gnu/libprotobuf.so (found suitable version "3.12.4", minimum required is "3") 
[0.324s] -- Config-file not installed for ZeroMQ -- checking for pkg-config
[0.327s] -- Checking for module 'libzmq >= 4'
[0.336s] --   Found libzmq , version 4.3.4
[0.361s] -- Checking for module 'uuid'
[0.369s] --   Found uuid, version 2.37.2
[0.388s] -- Looking for ignition-msgs5 -- found version 5.8.1
[0.388s] -- Searching for dependencies of ignition-msgs5
[0.397s] -- Looking for ignition-math6 -- found version 6.15.1
[0.400s] -- Checking for module 'tinyxml2'
[0.408s] --   Found tinyxml2, version 9.0.0
[0.428s] -- Looking for ignition-msgs5 -- found version 5.8.1
[0.428s] -- Looking for ignition-common3 -- found version 3.14.0
[0.428s] -- Searching for dependencies of ignition-common3
[0.428s] -- Looking for dlfcn.h - found
[0.428s] -- Looking for libdl - found
[0.436s] -- Searching for <ignition-common3> component [graphics]
[0.436s] -- Looking for ignition-common3-graphics -- found version 3.14.0
[0.437s] -- Searching for dependencies of ignition-common3-graphics
[0.437s] -- Looking for ignition-math6 -- found version 6.15.1
[0.437s] -- Looking for ignition-fuel_tools4 -- found version 4.4.0
[0.438s] -- Searching for dependencies of ignition-fuel_tools4
[0.457s] -- Checking for module 'jsoncpp'
[0.465s] --   Found jsoncpp, version 1.9.5
[0.487s] -- Checking for module 'libzip'
[0.494s] --   Found libzip, version 1.7.3
[0.513s] -- Looking for ignition-common3 -- found version 3.14.0
[0.513s] -- Looking for ignition-math6 -- found version 6.15.1
[0.513s] -- Looking for ignition-msgs5 -- found version 5.8.1
[0.514s] -- Gazebo version: 11.10
[0.515s] -- Found gazebo_msgs: 3.9.0 (/opt/ros/humble/share/gazebo_msgs/cmake)
[0.538s] -- Found linkattacher_msgs: 0.0.0 (/home/spaceshipecsat/ur_10_CatapultTest/install/linkattacher_msgs/share/linkattacher_msgs/cmake)
[0.546s] -- Added test 'copyright' to check source files copyright and LICENSE
[0.546s] -- Added test 'cppcheck' to perform static code analysis on C / C++ code
[0.547s] -- Configured cppcheck include dirs: /home/spaceshipecsat/ur_10_CatapultTest/src/IFRA_LinkAttacher/ros2_LinkAttacher/include
[0.547s] -- Configured cppcheck exclude dirs and/or files: 
[0.547s] -- Added test 'cpplint' to check C / C++ code against the Google style
[0.547s] -- Configured cpplint exclude dirs and/or files: 
[0.547s] -- Added test 'lint_cmake' to check CMake code style
[0.547s] -- Added test 'uncrustify' to check C / C++ code style
[0.547s] -- Configured uncrustify additional arguments: 
[0.547s] -- Added test 'xmllint' to check XML markup files
[0.548s] -- Configuring done
[0.560s] -- Generating done
[0.562s] -- Build files have been written to: /home/spaceshipecsat/ur_10_CatapultTest/build/ros2_linkattacher
[0.568s] Invoked command in '/home/spaceshipecsat/ur_10_CatapultTest/build/ros2_linkattacher' returned '0': AMENT_PREFIX_PATH=/home/spaceshipecsat/ur_10_CatapultTest/install/linkattacher_msgs:${AMENT_PREFIX_PATH} CMAKE_PREFIX_PATH=/home/spaceshipecsat/ur_10_CatapultTest/install/linkattacher_msgs:/opt/ros/humble LD_LIBRARY_PATH=/home/spaceshipecsat/ur_10_CatapultTest/install/linkattacher_msgs/lib:${LD_LIBRARY_PATH} PYTHONPATH=/home/spaceshipecsat/ur_10_CatapultTest/install/linkattacher_msgs/local/lib/python3.10/dist-packages:${PYTHONPATH} /usr/bin/cmake /home/spaceshipecsat/ur_10_CatapultTest/src/IFRA_LinkAttacher/ros2_LinkAttacher -DCMAKE_INSTALL_PREFIX=/home/spaceshipecsat/ur_10_CatapultTest/install/ros2_linkattacher
[0.569s] Invoking command in '/home/spaceshipecsat/ur_10_CatapultTest/build/ros2_linkattacher': AMENT_PREFIX_PATH=/home/spaceshipecsat/ur_10_CatapultTest/install/linkattacher_msgs:${AMENT_PREFIX_PATH} CMAKE_PREFIX_PATH=/home/spaceshipecsat/ur_10_CatapultTest/install/linkattacher_msgs:/opt/ros/humble LD_LIBRARY_PATH=/home/spaceshipecsat/ur_10_CatapultTest/install/linkattacher_msgs/lib:${LD_LIBRARY_PATH} PYTHONPATH=/home/spaceshipecsat/ur_10_CatapultTest/install/linkattacher_msgs/local/lib/python3.10/dist-packages:${PYTHONPATH} /usr/bin/cmake --build /home/spaceshipecsat/ur_10_CatapultTest/build/ros2_linkattacher -- -j32 -l32
[0.601s] [ 50%] [32mBuilding CXX object CMakeFiles/gazebo_link_attacher.dir/src/gazebo_link_attacher.cpp.o[0m
[5.951s] [100%] [32m[1mLinking CXX shared library libgazebo_link_attacher.so[0m
[6.213s] [100%] Built target gazebo_link_attacher
[6.223s] Invoked command in '/home/spaceshipecsat/ur_10_CatapultTest/build/ros2_linkattacher' returned '0': AMENT_PREFIX_PATH=/home/spaceshipecsat/ur_10_CatapultTest/install/linkattacher_msgs:${AMENT_PREFIX_PATH} CMAKE_PREFIX_PATH=/home/spaceshipecsat/ur_10_CatapultTest/install/linkattacher_msgs:/opt/ros/humble LD_LIBRARY_PATH=/home/spaceshipecsat/ur_10_CatapultTest/install/linkattacher_msgs/lib:${LD_LIBRARY_PATH} PYTHONPATH=/home/spaceshipecsat/ur_10_CatapultTest/install/linkattacher_msgs/local/lib/python3.10/dist-packages:${PYTHONPATH} /usr/bin/cmake --build /home/spaceshipecsat/ur_10_CatapultTest/build/ros2_linkattacher -- -j32 -l32
[6.224s] Invoking command in '/home/spaceshipecsat/ur_10_CatapultTest/build/ros2_linkattacher': AMENT_PREFIX_PATH=/home/spaceshipecsat/ur_10_CatapultTest/install/linkattacher_msgs:${AMENT_PREFIX_PATH} CMAKE_PREFIX_PATH=/home/spaceshipecsat/ur_10_CatapultTest/install/linkattacher_msgs:/opt/ros/humble LD_LIBRARY_PATH=/home/spaceshipecsat/ur_10_CatapultTest/install/linkattacher_msgs/lib:${LD_LIBRARY_PATH} PYTHONPATH=/home/spaceshipecsat/ur_10_CatapultTest/install/linkattacher_msgs/local/lib/python3.10/dist-packages:${PYTHONPATH} /usr/bin/cmake --install /home/spaceshipecsat/ur_10_CatapultTest/build/ros2_linkattacher
[6.229s] -- Install configuration: ""
[6.230s] -- Execute custom install script
[6.230s] -- Symlinking: /home/spaceshipecsat/ur_10_CatapultTest/install/ros2_linkattacher/share/ros2_linkattacher/environment/library_path.sh
[6.234s] -- Symlinking: /home/spaceshipecsat/ur_10_CatapultTest/install/ros2_linkattacher/share/ros2_linkattacher/environment/library_path.dsv
[6.238s] -- Symlinking: /home/spaceshipecsat/ur_10_CatapultTest/install/ros2_linkattacher/lib/libgazebo_link_attacher.so
[6.244s] -- Symlinking: /home/spaceshipecsat/ur_10_CatapultTest/install/ros2_linkattacher/share/ament_index/resource_index/package_run_dependencies/ros2_linkattacher
[6.248s] -- Symlinking: /home/spaceshipecsat/ur_10_CatapultTest/install/ros2_linkattacher/share/ament_index/resource_index/parent_prefix_path/ros2_linkattacher
[6.254s] -- Symlinking: /home/spaceshipecsat/ur_10_CatapultTest/install/ros2_linkattacher/share/ros2_linkattacher/environment/ament_prefix_path.sh
[6.259s] -- Symlinking: /home/spaceshipecsat/ur_10_CatapultTest/install/ros2_linkattacher/share/ros2_linkattacher/environment/ament_prefix_path.dsv
[6.264s] -- Symlinking: /home/spaceshipecsat/ur_10_CatapultTest/install/ros2_linkattacher/share/ros2_linkattacher/environment/path.sh
[6.268s] -- Symlinking: /home/spaceshipecsat/ur_10_CatapultTest/install/ros2_linkattacher/share/ros2_linkattacher/environment/path.dsv
[6.273s] -- Symlinking: /home/spaceshipecsat/ur_10_CatapultTest/install/ros2_linkattacher/share/ros2_linkattacher/local_setup.bash
[6.277s] -- Symlinking: /home/spaceshipecsat/ur_10_CatapultTest/install/ros2_linkattacher/share/ros2_linkattacher/local_setup.sh
[6.282s] -- Symlinking: /home/spaceshipecsat/ur_10_CatapultTest/install/ros2_linkattacher/share/ros2_linkattacher/local_setup.zsh
[6.287s] -- Symlinking: /home/spaceshipecsat/ur_10_CatapultTest/install/ros2_linkattacher/share/ros2_linkattacher/local_setup.dsv
[6.292s] -- Symlinking: /home/spaceshipecsat/ur_10_CatapultTest/install/ros2_linkattacher/share/ros2_linkattacher/package.dsv
[6.297s] -- Symlinking: /home/spaceshipecsat/ur_10_CatapultTest/install/ros2_linkattacher/share/ament_index/resource_index/packages/ros2_linkattacher
[6.301s] -- Symlinking: /home/spaceshipecsat/ur_10_CatapultTest/install/ros2_linkattacher/share/ros2_linkattacher/cmake/ament_cmake_export_libraries-extras.cmake
[6.305s] -- Symlinking: /home/spaceshipecsat/ur_10_CatapultTest/install/ros2_linkattacher/share/ros2_linkattacher/cmake/ros2_linkattacherConfig.cmake
[6.309s] -- Symlinking: /home/spaceshipecsat/ur_10_CatapultTest/install/ros2_linkattacher/share/ros2_linkattacher/cmake/ros2_linkattacherConfig-version.cmake
[6.313s] -- Symlinking: /home/spaceshipecsat/ur_10_CatapultTest/install/ros2_linkattacher/share/ros2_linkattacher/package.xml
[6.319s] Invoked command in '/home/spaceshipecsat/ur_10_CatapultTest/build/ros2_linkattacher' returned '0': AMENT_PREFIX_PATH=/home/spaceshipecsat/ur_10_CatapultTest/install/linkattacher_msgs:${AMENT_PREFIX_PATH} CMAKE_PREFIX_PATH=/home/spaceshipecsat/ur_10_CatapultTest/install/linkattacher_msgs:/opt/ros/humble LD_LIBRARY_PATH=/home/spaceshipecsat/ur_10_CatapultTest/install/linkattacher_msgs/lib:${LD_LIBRARY_PATH} PYTHONPATH=/home/spaceshipecsat/ur_10_CatapultTest/install/linkattacher_msgs/local/lib/python3.10/dist-packages:${PYTHONPATH} /usr/bin/cmake --install /home/spaceshipecsat/ur_10_CatapultTest/build/ros2_linkattacher
