[0.005s] Invoking command in '/home/spaceshipecsat/ur_10_CatapultTest/src/build_tmp2/ur_yt_sim': AMENT_PREFIX_PATH=/home/spaceshipecsat/ur_10_CatapultTest/src/install_tmp2:${AMENT_PREFIX_PATH} CMAKE_PREFIX_PATH=/home/spaceshipecsat/ur_10_CatapultTest/src/install_tmp2:/opt/ros/humble /usr/bin/cmake /home/spaceshipecsat/ur_10_CatapultTest/src/ur_yt_sim -DCMAKE_INSTALL_PREFIX=/home/spaceshipecsat/ur_10_CatapultTest/src/install_tmp2
[0.037s] -- The C compiler identification is GNU 11.4.0
[0.067s] -- The CXX compiler identification is GNU 11.4.0
[0.070s] -- Detecting C compiler ABI info
[0.116s] -- Detecting C compiler ABI info - done
[0.120s] -- Check for working C compiler: /usr/bin/cc - skipped
[0.120s] -- Detecting C compile features
[0.120s] -- Detecting C compile features - done
[0.122s] -- Detecting CXX compiler ABI info
[0.165s] -- Detecting CXX compiler ABI info - done
[0.168s] -- Check for working CXX compiler: /usr/bin/c++ - skipped
[0.168s] -- Detecting CXX compile features
[0.169s] -- Detecting CXX compile features - done
[0.170s] -- Found ament_cmake: 1.3.11 (/opt/ros/humble/share/ament_cmake/cmake)
[0.249s] -- Found Python3: /usr/bin/python3 (found version "3.10.12") found components: Interpreter 
[0.295s] -- Found xacro: 2.0.13 (/opt/ros/humble/share/xacro/cmake)
[0.296s] -- Found rclcpp: 16.0.12 (/opt/ros/humble/share/rclcpp/cmake)
[0.315s] -- Found rosidl_generator_c: 3.1.6 (/opt/ros/humble/share/rosidl_generator_c/cmake)
[0.318s] -- Found rosidl_adapter: 3.1.6 (/opt/ros/humble/share/rosidl_adapter/cmake)
[0.321s] -- Found rosidl_generator_cpp: 3.1.6 (/opt/ros/humble/share/rosidl_generator_cpp/cmake)
[0.327s] -- Using all available rosidl_typesupport_c: rosidl_typesupport_fastrtps_c;rosidl_typesupport_introspection_c
[0.334s] -- Using all available rosidl_typesupport_cpp: rosidl_typesupport_fastrtps_cpp;rosidl_typesupport_introspection_cpp
[0.354s] -- Found rmw_implementation_cmake: 6.1.2 (/opt/ros/humble/share/rmw_implementation_cmake/cmake)
[0.355s] -- Found rmw_fastrtps_cpp: 6.2.7 (/opt/ros/humble/share/rmw_fastrtps_cpp/cmake)
[0.404s] -- Found OpenSSL: /usr/lib/x86_64-linux-gnu/libcrypto.so (found version "3.0.2")  
[0.418s] -- Found FastRTPS: /opt/ros/humble/include  
[0.438s] -- Using RMW implementation 'rmw_fastrtps_cpp' as default
[0.442s] -- Looking for pthread.h
[0.481s] -- Looking for pthread.h - found
[0.481s] -- Performing Test CMAKE_HAVE_LIBC_PTHREAD
[0.523s] -- Performing Test CMAKE_HAVE_LIBC_PTHREAD - Success
[0.523s] -- Found Threads: TRUE  
[0.548s] -- Found trajectory_msgs: 4.9.0 (/opt/ros/humble/share/trajectory_msgs/cmake)
[0.563s] -- Found moveit_ros_planning_interface: 2.5.9 (/opt/ros/humble/share/moveit_ros_planning_interface/cmake)
[0.577s] -- Found Boost: /usr/lib/x86_64-linux-gnu/cmake/Boost-1.74.0/BoostConfig.cmake (found version "1.74.0") found components: date_time filesystem program_options system thread 
[0.649s] -- Found Boost: /usr/lib/x86_64-linux-gnu/cmake/Boost-1.74.0/BoostConfig.cmake (found version "1.74.0") found components: chrono date_time filesystem iostreams program_options regex serialization system thread 
[0.670s] -- Found parameter_traits: 0.5.0 (/opt/ros/humble/share/parameter_traits/cmake)
[0.675s] -- Found rclcpp_lifecycle: 16.0.12 (/opt/ros/humble/share/rclcpp_lifecycle/cmake)
[0.687s] -- Found Boost: /usr/lib/x86_64-linux-gnu/cmake/Boost-1.74.0/BoostConfig.cmake (found version "1.74.0") found components: filesystem 
[0.740s] -- library: /usr/lib/x86_64-linux-gnu/libcurl.so
[0.756s] -- Found Eigen3: TRUE (found version "3.4.0") 
[0.756s] -- Ensuring Eigen3 include directory is part of orocos-kdl CMake target
[0.820s] -- Found Boost: /usr/lib/x86_64-linux-gnu/cmake/Boost-1.74.0/BoostConfig.cmake (found version "1.74.0") found components: system filesystem date_time program_options thread chrono 
[0.836s] -- Found Boost: /usr/lib/x86_64-linux-gnu/cmake/Boost-1.74.0/BoostConfig.cmake (found version "1.74.0") found components: thread system filesystem regex date_time program_options 
[0.847s] -- Found Boost: /usr/lib/x86_64-linux-gnu/cmake/Boost-1.74.0/BoostConfig.cmake (found version "1.74.0") found components: system filesystem date_time program_options thread 
[0.865s] CMake Error at CMakeLists.txt:17 (find_package):
[0.865s]   By not providing "Findlinkattacher_msgs.cmake" in CMAKE_MODULE_PATH this
[0.865s]   project has asked CMake to find a package configuration file provided by
[0.865s]   "linkattacher_msgs", but CMake did not find one.
[0.865s] 
[0.865s]   Could not find a package configuration file provided by "linkattacher_msgs"
[0.865s]   with any of the following names:
[0.865s] 
[0.865s]     linkattacher_msgsConfig.cmake
[0.865s]     linkattacher_msgs-config.cmake
[0.865s] 
[0.865s]   Add the installation prefix of "linkattacher_msgs" to CMAKE_PREFIX_PATH or
[0.865s]   set "linkattacher_msgs_DIR" to a directory containing one of the above
[0.865s]   files.  If "linkattacher_msgs" provides a separate development package or
[0.865s]   SDK, be sure it has been installed.
[0.865s] 
[0.865s] 
[0.865s] -- Configuring incomplete, errors occurred!
[0.865s] See also "/home/spaceshipecsat/ur_10_CatapultTest/src/build_tmp2/ur_yt_sim/CMakeFiles/CMakeOutput.log".
