[30.031s] Invoking command in '/home/spaceshipecsat/ur_10_CatapultTest/src/build_tmp2/ur_yt_sim': AMENT_PREFIX_PATH=/home/spaceshipecsat/ur_10_CatapultTest/src/install_tmp2:${AMENT_PREFIX_PATH} CMAKE_PREFIX_PATH=/home/spaceshipecsat/ur_10_CatapultTest/src/install_tmp2:/opt/ros/humble /usr/bin/cmake /home/spaceshipecsat/ur_10_CatapultTest/src/ur_yt_sim -DCMAKE_INSTALL_PREFIX=/home/spaceshipecsat/ur_10_CatapultTest/src/install_tmp2
[30.038s] -- Found ament_cmake: 1.3.11 (/opt/ros/humble/share/ament_cmake/cmake)
[30.096s] -- Found xacro: 2.0.13 (/opt/ros/humble/share/xacro/cmake)
[30.096s] -- Found rclcpp: 16.0.12 (/opt/ros/humble/share/rclcpp/cmake)
[30.109s] -- Found rosidl_generator_c: 3.1.6 (/opt/ros/humble/share/rosidl_generator_c/cmake)
[30.110s] -- Found rosidl_adapter: 3.1.6 (/opt/ros/humble/share/rosidl_adapter/cmake)
[30.113s] -- Found rosidl_generator_cpp: 3.1.6 (/opt/ros/humble/share/rosidl_generator_cpp/cmake)
[30.117s] -- Using all available rosidl_typesupport_c: rosidl_typesupport_fastrtps_c;rosidl_typesupport_introspection_c
[30.122s] -- Using all available rosidl_typesupport_cpp: rosidl_typesupport_fastrtps_cpp;rosidl_typesupport_introspection_cpp
[30.136s] -- Found rmw_implementation_cmake: 6.1.2 (/opt/ros/humble/share/rmw_implementation_cmake/cmake)
[30.137s] -- Found rmw_fastrtps_cpp: 6.2.7 (/opt/ros/humble/share/rmw_fastrtps_cpp/cmake)
[30.188s] -- Using RMW implementation 'rmw_fastrtps_cpp' as default
[30.210s] -- Found trajectory_msgs: 4.9.0 (/opt/ros/humble/share/trajectory_msgs/cmake)
[30.223s] -- Found moveit_ros_planning_interface: 2.5.9 (/opt/ros/humble/share/moveit_ros_planning_interface/cmake)
[30.228s] -- Found Boost: /usr/lib/x86_64-linux-gnu/cmake/Boost-1.74.0/BoostConfig.cmake (found version "1.74.0") found components: date_time filesystem program_options system thread 
[30.288s] -- Found Boost: /usr/lib/x86_64-linux-gnu/cmake/Boost-1.74.0/BoostConfig.cmake (found version "1.74.0") found components: chrono date_time filesystem iostreams program_options regex serialization system thread 
[30.298s] -- Found parameter_traits: 0.5.0 (/opt/ros/humble/share/parameter_traits/cmake)
[30.301s] -- Found rclcpp_lifecycle: 16.0.12 (/opt/ros/humble/share/rclcpp_lifecycle/cmake)
[30.310s] -- Found Boost: /usr/lib/x86_64-linux-gnu/cmake/Boost-1.74.0/BoostConfig.cmake (found version "1.74.0") found components: filesystem 
[30.328s] -- library: /usr/lib/x86_64-linux-gnu/libcurl.so
[30.340s] -- Ensuring Eigen3 include directory is part of orocos-kdl CMake target
[30.391s] -- Found Boost: /usr/lib/x86_64-linux-gnu/cmake/Boost-1.74.0/BoostConfig.cmake (found version "1.74.0") found components: system filesystem date_time program_options thread chrono 
[30.405s] -- Found Boost: /usr/lib/x86_64-linux-gnu/cmake/Boost-1.74.0/BoostConfig.cmake (found version "1.74.0") found components: thread system filesystem regex date_time program_options 
[30.415s] -- Found Boost: /usr/lib/x86_64-linux-gnu/cmake/Boost-1.74.0/BoostConfig.cmake (found version "1.74.0") found components: system filesystem date_time program_options thread 
[30.432s] CMake Error at CMakeLists.txt:17 (find_package):
[30.432s]   By not providing "Findlinkattacher_msgs.cmake" in CMAKE_MODULE_PATH this
[30.432s]   project has asked CMake to find a package configuration file provided by
[30.432s]   "linkattacher_msgs", but CMake did not find one.
[30.432s] 
[30.432s]   Could not find a package configuration file provided by "linkattacher_msgs"
[30.432s]   with any of the following names:
[30.432s] 
[30.432s]     linkattacher_msgsConfig.cmake
[30.432s]     linkattacher_msgs-config.cmake
[30.432s] 
[30.432s]   Add the installation prefix of "linkattacher_msgs" to CMAKE_PREFIX_PATH or
[30.432s]   set "linkattacher_msgs_DIR" to a directory containing one of the above
[30.432s]   files.  If "linkattacher_msgs" provides a separate development package or
[30.432s]   SDK, be sure it has been installed.
[30.432s] 
[30.433s] 
[30.433s] -- Configuring incomplete, errors occurred!
[30.433s] See also "/home/spaceshipecsat/ur_10_CatapultTest/src/build_tmp2/ur_yt_sim/CMakeFiles/CMakeOutput.log".
[60.060s] Invoked command in '/home/spaceshipecsat/ur_10_CatapultTest/src/build_tmp2/ur_yt_sim' returned '1': AMENT_PREFIX_PATH=/home/spaceshipecsat/ur_10_CatapultTest/src/install_tmp2:${AMENT_PREFIX_PATH} CMAKE_PREFIX_PATH=/home/spaceshipecsat/ur_10_CatapultTest/src/install_tmp2:/opt/ros/humble /usr/bin/cmake /home/spaceshipecsat/ur_10_CatapultTest/src/ur_yt_sim -DCMAKE_INSTALL_PREFIX=/home/spaceshipecsat/ur_10_CatapultTest/src/install_tmp2
