[0.005s] Invoking command in '/home/spaceshipecsat/ur_10_CatapultTest/build/linkattacher_msgs': CMAKE_PREFIX_PATH=/opt/ros/humble /usr/bin/cmake /home/spaceshipecsat/ur_10_CatapultTest/src/IFRA_LinkAttacher/linkattacher_msgs -DAMENT_CMAKE_SYMLINK_INSTALL=1 -DCMAKE_INSTALL_PREFIX=/home/spaceshipecsat/ur_10_CatapultTest/install/linkattacher_msgs
[0.038s] -- The C compiler identification is GNU 11.4.0
[0.071s] -- The CXX compiler identification is GNU 11.4.0
[0.075s] -- Detecting C compiler ABI info
[0.113s] -- Detecting C compiler ABI info - done
[0.119s] -- Check for working C compiler: /usr/bin/cc - skipped
[0.119s] -- Detecting C compile features
[0.119s] -- Detecting C compile features - done
[0.121s] -- Detecting CXX compiler ABI info
[0.166s] -- Detecting CXX compiler ABI info - done
[0.170s] -- Check for working CXX compiler: /usr/bin/c++ - skipped
[0.170s] -- Detecting CXX compile features
[0.170s] -- Detecting CXX compile features - done
[0.171s] -- Found ament_cmake: 1.3.11 (/opt/ros/humble/share/ament_cmake/cmake)
[0.262s] -- Found Python3: /usr/bin/python3 (found version "3.10.12") found components: Interpreter 
[0.293s] -- Override CMake install command with custom implementation using symlinks instead of copying resources
[0.307s] -- Found ament_lint_auto: 0.12.12 (/opt/ros/humble/share/ament_lint_auto/cmake)
[0.345s] -- Found rosidl_default_generators: 1.2.0 (/opt/ros/humble/share/rosidl_default_generators/cmake)
[0.346s] -- Using all available rosidl_typesupport_c: rosidl_typesupport_fastrtps_c;rosidl_typesupport_introspection_c
[0.350s] -- Found rosidl_adapter: 3.1.6 (/opt/ros/humble/share/rosidl_adapter/cmake)
[0.368s] -- Using all available rosidl_typesupport_cpp: rosidl_typesupport_fastrtps_cpp;rosidl_typesupport_introspection_cpp
[0.483s] -- Found ament_cmake_ros: 0.10.0 (/opt/ros/humble/share/ament_cmake_ros/cmake)
[0.579s] -- Using all available rosidl_typesupport_c: rosidl_typesupport_fastrtps_c;rosidl_typesupport_introspection_c
[0.708s] -- Using all available rosidl_typesupport_cpp: rosidl_typesupport_fastrtps_cpp;rosidl_typesupport_introspection_cpp
[0.720s] -- Found PythonInterp: /usr/bin/python3 (found suitable version "3.10.12", minimum required is "3.6") 
[0.721s] -- Found python_cmake_module: 0.10.0 (/opt/ros/humble/share/python_cmake_module/cmake)
[0.740s] -- Found PythonLibs: /usr/lib/x86_64-linux-gnu/libpython3.10.so (found suitable version "3.10.12", minimum required is "3.5") 
[0.740s] -- Using PYTHON_EXECUTABLE: /usr/bin/python3
[0.740s] -- Using PYTHON_INCLUDE_DIRS: /usr/include/python3.10
[0.740s] -- Using PYTHON_LIBRARIES: /usr/lib/x86_64-linux-gnu/libpython3.10.so
[0.754s] -- Found PythonExtra: .so  
[0.772s] -- Added test 'copyright' to check source files copyright and LICENSE
[0.773s] -- Added test 'lint_cmake' to check CMake code style
[0.773s] -- Added test 'xmllint' to check XML markup files
[0.775s] -- Configuring done
[0.786s] -- Generating done
[0.790s] -- Build files have been written to: /home/spaceshipecsat/ur_10_CatapultTest/build/linkattacher_msgs
[0.794s] Invoked command in '/home/spaceshipecsat/ur_10_CatapultTest/build/linkattacher_msgs' returned '0': CMAKE_PREFIX_PATH=/opt/ros/humble /usr/bin/cmake /home/spaceshipecsat/ur_10_CatapultTest/src/IFRA_LinkAttacher/linkattacher_msgs -DAMENT_CMAKE_SYMLINK_INSTALL=1 -DCMAKE_INSTALL_PREFIX=/home/spaceshipecsat/ur_10_CatapultTest/install/linkattacher_msgs
[0.795s] Invoking command in '/home/spaceshipecsat/ur_10_CatapultTest/build/linkattacher_msgs': CMAKE_PREFIX_PATH=/opt/ros/humble /usr/bin/cmake --build /home/spaceshipecsat/ur_10_CatapultTest/build/linkattacher_msgs -- -j32 -l32
[0.818s] [  2%] [34m[1mGenerating C code for ROS interfaces[0m
[0.824s] [  5%] [34m[1mGenerating C++ code for ROS interfaces[0m
[0.826s] [  5%] Built target ament_cmake_python_symlink_linkattacher_msgs
[0.934s] running egg_info
[0.935s] creating linkattacher_msgs.egg-info
[0.935s] writing linkattacher_msgs.egg-info/PKG-INFO
[0.935s] writing dependency_links to linkattacher_msgs.egg-info/dependency_links.txt
[0.935s] writing top-level names to linkattacher_msgs.egg-info/top_level.txt
[0.935s] writing manifest file 'linkattacher_msgs.egg-info/SOURCES.txt'
[0.936s] reading manifest file 'linkattacher_msgs.egg-info/SOURCES.txt'
[0.936s] writing manifest file 'linkattacher_msgs.egg-info/SOURCES.txt'
[0.951s] [  5%] Built target ament_cmake_python_build_linkattacher_msgs_egg
[1.025s] [  5%] Built target linkattacher_msgs__cpp
[1.028s] [  7%] [32mBuilding C object CMakeFiles/linkattacher_msgs__rosidl_generator_c.dir/rosidl_generator_c/linkattacher_msgs/srv/detail/detach_link__functions.c.o[0m
[1.029s] [ 10%] [32mBuilding C object CMakeFiles/linkattacher_msgs__rosidl_generator_c.dir/rosidl_generator_c/linkattacher_msgs/srv/detail/attach_link__functions.c.o[0m
[1.030s] [ 12%] [34m[1mGenerating C++ introspection for ROS interfaces[0m
[1.031s] [ 15%] [34m[1mGenerating C++ type support dispatch for ROS interfaces[0m
[1.031s] [ 17%] [34m[1mGenerating C++ type support for eProsima Fast-RTPS[0m
[1.062s] [ 20%] [32m[1mLinking C shared library liblinkattacher_msgs__rosidl_generator_c.so[0m
[1.082s] [ 20%] Built target linkattacher_msgs__rosidl_generator_c
[1.088s] [ 23%] [34m[1mGenerating C type support for eProsima Fast-RTPS[0m
[1.088s] [ 25%] [34m[1mGenerating C type support dispatch for ROS interfaces[0m
[1.088s] [ 28%] [34m[1mGenerating C introspection for ROS interfaces[0m
[1.218s] [ 30%] [32mBuilding CXX object CMakeFiles/linkattacher_msgs__rosidl_typesupport_introspection_cpp.dir/rosidl_typesupport_introspection_cpp/linkattacher_msgs/srv/detail/attach_link__type_support.cpp.o[0m
[1.220s] [ 33%] [32mBuilding CXX object CMakeFiles/linkattacher_msgs__rosidl_typesupport_introspection_cpp.dir/rosidl_typesupport_introspection_cpp/linkattacher_msgs/srv/detail/detach_link__type_support.cpp.o[0m
[1.263s] [ 35%] [32mBuilding CXX object CMakeFiles/linkattacher_msgs__rosidl_typesupport_fastrtps_cpp.dir/rosidl_typesupport_fastrtps_cpp/linkattacher_msgs/srv/detail/dds_fastrtps/attach_link__type_support.cpp.o[0m
[1.265s] [ 38%] [32mBuilding CXX object CMakeFiles/linkattacher_msgs__rosidl_typesupport_fastrtps_cpp.dir/rosidl_typesupport_fastrtps_cpp/linkattacher_msgs/srv/detail/dds_fastrtps/detach_link__type_support.cpp.o[0m
[1.288s] [ 41%] [32mBuilding CXX object CMakeFiles/linkattacher_msgs__rosidl_typesupport_fastrtps_c.dir/rosidl_typesupport_fastrtps_c/linkattacher_msgs/srv/detail/attach_link__type_support_c.cpp.o[0m
[1.288s] [ 43%] [32mBuilding CXX object CMakeFiles/linkattacher_msgs__rosidl_typesupport_fastrtps_c.dir/rosidl_typesupport_fastrtps_c/linkattacher_msgs/srv/detail/detach_link__type_support_c.cpp.o[0m
[1.326s] [ 46%] [32mBuilding CXX object CMakeFiles/linkattacher_msgs__rosidl_typesupport_cpp.dir/rosidl_typesupport_cpp/linkattacher_msgs/srv/attach_link__type_support.cpp.o[0m
[1.328s] [ 48%] [32mBuilding CXX object CMakeFiles/linkattacher_msgs__rosidl_typesupport_cpp.dir/rosidl_typesupport_cpp/linkattacher_msgs/srv/detach_link__type_support.cpp.o[0m
[1.382s] [ 51%] [32mBuilding C object CMakeFiles/linkattacher_msgs__rosidl_typesupport_introspection_c.dir/rosidl_typesupport_introspection_c/linkattacher_msgs/srv/detail/detach_link__type_support.c.o[0m
[1.382s] [ 53%] [32mBuilding C object CMakeFiles/linkattacher_msgs__rosidl_typesupport_introspection_c.dir/rosidl_typesupport_introspection_c/linkattacher_msgs/srv/detail/attach_link__type_support.c.o[0m
[1.385s] [ 56%] [32mBuilding CXX object CMakeFiles/linkattacher_msgs__rosidl_typesupport_c.dir/rosidl_typesupport_c/linkattacher_msgs/srv/attach_link__type_support.cpp.o[0m
[1.385s] [ 58%] [32mBuilding CXX object CMakeFiles/linkattacher_msgs__rosidl_typesupport_c.dir/rosidl_typesupport_c/linkattacher_msgs/srv/detach_link__type_support.cpp.o[0m
[1.388s] [ 61%] [32m[1mLinking CXX shared library liblinkattacher_msgs__rosidl_typesupport_introspection_cpp.so[0m
[1.400s] [ 64%] [32m[1mLinking CXX shared library liblinkattacher_msgs__rosidl_typesupport_c.so[0m
[1.407s] [ 66%] [32m[1mLinking C shared library liblinkattacher_msgs__rosidl_typesupport_introspection_c.so[0m
[1.422s] [ 66%] Built target linkattacher_msgs__rosidl_typesupport_introspection_cpp
[1.422s] [ 66%] Built target linkattacher_msgs__rosidl_typesupport_c
[1.427s] [ 66%] Built target linkattacher_msgs__rosidl_typesupport_introspection_c
[1.495s] [ 69%] [32m[1mLinking CXX shared library liblinkattacher_msgs__rosidl_typesupport_cpp.so[0m
[1.505s] [ 71%] [32m[1mLinking CXX shared library liblinkattacher_msgs__rosidl_typesupport_fastrtps_c.so[0m
[1.510s] [ 74%] [32m[1mLinking CXX shared library liblinkattacher_msgs__rosidl_typesupport_fastrtps_cpp.so[0m
[1.522s] [ 74%] Built target linkattacher_msgs__rosidl_typesupport_cpp
[1.545s] [ 74%] Built target linkattacher_msgs__rosidl_typesupport_fastrtps_c
[1.553s] [ 74%] Built target linkattacher_msgs__rosidl_typesupport_fastrtps_cpp
[1.564s] [ 74%] Built target linkattacher_msgs
[1.575s] [ 76%] [34m[1mGenerating Python code for ROS interfaces[0m
[1.903s] [ 76%] Built target linkattacher_msgs__py
[1.913s] [ 82%] [32mBuilding C object CMakeFiles/linkattacher_msgs__rosidl_generator_py.dir/rosidl_generator_py/linkattacher_msgs/srv/_attach_link_s.c.o[0m
[1.913s] [ 82%] [32mBuilding C object CMakeFiles/linkattacher_msgs__rosidl_generator_py.dir/rosidl_generator_py/linkattacher_msgs/srv/_detach_link_s.c.o[0m
[1.970s] [ 84%] [32m[1mLinking C shared library rosidl_generator_py/linkattacher_msgs/liblinkattacher_msgs__rosidl_generator_py.so[0m
[1.992s] [ 84%] Built target linkattacher_msgs__rosidl_generator_py
[2.005s] [ 87%] [32mBuilding C object CMakeFiles/linkattacher_msgs__rosidl_typesupport_fastrtps_c__pyext.dir/rosidl_generator_py/linkattacher_msgs/_linkattacher_msgs_s.ep.rosidl_typesupport_fastrtps_c.c.o[0m
[2.005s] [ 89%] [32mBuilding C object CMakeFiles/linkattacher_msgs__rosidl_typesupport_c__pyext.dir/rosidl_generator_py/linkattacher_msgs/_linkattacher_msgs_s.ep.rosidl_typesupport_c.c.o[0m
[2.005s] [ 92%] [32mBuilding C object CMakeFiles/linkattacher_msgs__rosidl_typesupport_introspection_c__pyext.dir/rosidl_generator_py/linkattacher_msgs/_linkattacher_msgs_s.ep.rosidl_typesupport_introspection_c.c.o[0m
[2.054s] [ 94%] [32m[1mLinking C shared library rosidl_generator_py/linkattacher_msgs/linkattacher_msgs_s__rosidl_typesupport_c.cpython-310-x86_64-linux-gnu.so[0m
[2.058s] [ 97%] [32m[1mLinking C shared library rosidl_generator_py/linkattacher_msgs/linkattacher_msgs_s__rosidl_typesupport_introspection_c.cpython-310-x86_64-linux-gnu.so[0m
[2.058s] [100%] [32m[1mLinking C shared library rosidl_generator_py/linkattacher_msgs/linkattacher_msgs_s__rosidl_typesupport_fastrtps_c.cpython-310-x86_64-linux-gnu.so[0m
[2.076s] [100%] Built target linkattacher_msgs__rosidl_typesupport_c__pyext
[2.077s] [100%] Built target linkattacher_msgs__rosidl_typesupport_fastrtps_c__pyext
[2.077s] [100%] Built target linkattacher_msgs__rosidl_typesupport_introspection_c__pyext
[2.083s] Invoked command in '/home/spaceshipecsat/ur_10_CatapultTest/build/linkattacher_msgs' returned '0': CMAKE_PREFIX_PATH=/opt/ros/humble /usr/bin/cmake --build /home/spaceshipecsat/ur_10_CatapultTest/build/linkattacher_msgs -- -j32 -l32
[2.083s] Invoking command in '/home/spaceshipecsat/ur_10_CatapultTest/build/linkattacher_msgs': CMAKE_PREFIX_PATH=/opt/ros/humble /usr/bin/cmake --install /home/spaceshipecsat/ur_10_CatapultTest/build/linkattacher_msgs
[2.088s] -- Install configuration: ""
[2.088s] -- Execute custom install script
[2.088s] -- Symlinking: /home/spaceshipecsat/ur_10_CatapultTest/install/linkattacher_msgs/share/linkattacher_msgs/srv/AttachLink.srv
[2.092s] -- Symlinking: /home/spaceshipecsat/ur_10_CatapultTest/install/linkattacher_msgs/share/linkattacher_msgs/srv/DetachLink.srv
[2.096s] -- Symlinking: /home/spaceshipecsat/ur_10_CatapultTest/install/linkattacher_msgs/share/ament_index/resource_index/rosidl_interfaces/linkattacher_msgs
[2.100s] -- Symlinking: /home/spaceshipecsat/ur_10_CatapultTest/install/linkattacher_msgs/include/linkattacher_msgs/linkattacher_msgs/msg/rosidl_generator_c__visibility_control.h
[2.106s] -- Symlinking: /home/spaceshipecsat/ur_10_CatapultTest/install/linkattacher_msgs/include/linkattacher_msgs/linkattacher_msgs/srv/attach_link.h
[2.111s] -- Symlinking: /home/spaceshipecsat/ur_10_CatapultTest/install/linkattacher_msgs/include/linkattacher_msgs/linkattacher_msgs/srv/detach_link.h
[2.117s] -- Symlinking: /home/spaceshipecsat/ur_10_CatapultTest/install/linkattacher_msgs/include/linkattacher_msgs/linkattacher_msgs/srv/detail/attach_link__functions.h
[2.123s] -- Symlinking: /home/spaceshipecsat/ur_10_CatapultTest/install/linkattacher_msgs/include/linkattacher_msgs/linkattacher_msgs/srv/detail/attach_link__struct.h
[2.128s] -- Symlinking: /home/spaceshipecsat/ur_10_CatapultTest/install/linkattacher_msgs/include/linkattacher_msgs/linkattacher_msgs/srv/detail/attach_link__type_support.h
[2.132s] -- Symlinking: /home/spaceshipecsat/ur_10_CatapultTest/install/linkattacher_msgs/include/linkattacher_msgs/linkattacher_msgs/srv/detail/detach_link__functions.h
[2.136s] -- Symlinking: /home/spaceshipecsat/ur_10_CatapultTest/install/linkattacher_msgs/include/linkattacher_msgs/linkattacher_msgs/srv/detail/detach_link__struct.h
[2.142s] -- Symlinking: /home/spaceshipecsat/ur_10_CatapultTest/install/linkattacher_msgs/include/linkattacher_msgs/linkattacher_msgs/srv/detail/detach_link__type_support.h
[2.145s] -- Symlinking: /home/spaceshipecsat/ur_10_CatapultTest/install/linkattacher_msgs/share/linkattacher_msgs/environment/library_path.sh
[2.150s] -- Symlinking: /home/spaceshipecsat/ur_10_CatapultTest/install/linkattacher_msgs/share/linkattacher_msgs/environment/library_path.dsv
[2.154s] -- Symlinking: /home/spaceshipecsat/ur_10_CatapultTest/install/linkattacher_msgs/include/linkattacher_msgs/linkattacher_msgs/msg/rosidl_typesupport_fastrtps_c__visibility_control.h
[2.159s] -- Symlinking: /home/spaceshipecsat/ur_10_CatapultTest/install/linkattacher_msgs/include/linkattacher_msgs/linkattacher_msgs/srv/detail/attach_link__rosidl_typesupport_fastrtps_c.h
[2.163s] -- Symlinking: /home/spaceshipecsat/ur_10_CatapultTest/install/linkattacher_msgs/include/linkattacher_msgs/linkattacher_msgs/srv/detail/detach_link__rosidl_typesupport_fastrtps_c.h
[2.168s] -- Symlinking: /home/spaceshipecsat/ur_10_CatapultTest/install/linkattacher_msgs/include/linkattacher_msgs/linkattacher_msgs/msg/rosidl_typesupport_introspection_c__visibility_control.h
[2.173s] -- Symlinking: /home/spaceshipecsat/ur_10_CatapultTest/install/linkattacher_msgs/include/linkattacher_msgs/linkattacher_msgs/srv/detail/attach_link__rosidl_typesupport_introspection_c.h
[2.178s] -- Symlinking: /home/spaceshipecsat/ur_10_CatapultTest/install/linkattacher_msgs/include/linkattacher_msgs/linkattacher_msgs/srv/detail/detach_link__rosidl_typesupport_introspection_c.h
[2.182s] -- Symlinking: /home/spaceshipecsat/ur_10_CatapultTest/install/linkattacher_msgs/include/linkattacher_msgs/linkattacher_msgs/msg/rosidl_generator_cpp__visibility_control.hpp
[2.186s] -- Symlinking: /home/spaceshipecsat/ur_10_CatapultTest/install/linkattacher_msgs/include/linkattacher_msgs/linkattacher_msgs/srv/attach_link.hpp
[2.192s] -- Symlinking: /home/spaceshipecsat/ur_10_CatapultTest/install/linkattacher_msgs/include/linkattacher_msgs/linkattacher_msgs/srv/detach_link.hpp
[2.196s] -- Symlinking: /home/spaceshipecsat/ur_10_CatapultTest/install/linkattacher_msgs/include/linkattacher_msgs/linkattacher_msgs/srv/detail/attach_link__builder.hpp
[2.199s] -- Symlinking: /home/spaceshipecsat/ur_10_CatapultTest/install/linkattacher_msgs/include/linkattacher_msgs/linkattacher_msgs/srv/detail/attach_link__struct.hpp
[2.203s] -- Symlinking: /home/spaceshipecsat/ur_10_CatapultTest/install/linkattacher_msgs/include/linkattacher_msgs/linkattacher_msgs/srv/detail/attach_link__traits.hpp
[2.209s] -- Symlinking: /home/spaceshipecsat/ur_10_CatapultTest/install/linkattacher_msgs/include/linkattacher_msgs/linkattacher_msgs/srv/detail/attach_link__type_support.hpp
[2.214s] -- Symlinking: /home/spaceshipecsat/ur_10_CatapultTest/install/linkattacher_msgs/include/linkattacher_msgs/linkattacher_msgs/srv/detail/detach_link__builder.hpp
[2.219s] -- Symlinking: /home/spaceshipecsat/ur_10_CatapultTest/install/linkattacher_msgs/include/linkattacher_msgs/linkattacher_msgs/srv/detail/detach_link__struct.hpp
[2.224s] -- Symlinking: /home/spaceshipecsat/ur_10_CatapultTest/install/linkattacher_msgs/include/linkattacher_msgs/linkattacher_msgs/srv/detail/detach_link__traits.hpp
[2.229s] -- Symlinking: /home/spaceshipecsat/ur_10_CatapultTest/install/linkattacher_msgs/include/linkattacher_msgs/linkattacher_msgs/srv/detail/detach_link__type_support.hpp
[2.234s] -- Symlinking: /home/spaceshipecsat/ur_10_CatapultTest/install/linkattacher_msgs/include/linkattacher_msgs/linkattacher_msgs/msg/rosidl_typesupport_fastrtps_cpp__visibility_control.h
[2.238s] -- Symlinking: /home/spaceshipecsat/ur_10_CatapultTest/install/linkattacher_msgs/include/linkattacher_msgs/linkattacher_msgs/srv/detail/attach_link__rosidl_typesupport_fastrtps_cpp.hpp
[2.243s] -- Symlinking: /home/spaceshipecsat/ur_10_CatapultTest/install/linkattacher_msgs/include/linkattacher_msgs/linkattacher_msgs/srv/detail/detach_link__rosidl_typesupport_fastrtps_cpp.hpp
[2.248s] -- Symlinking: /home/spaceshipecsat/ur_10_CatapultTest/install/linkattacher_msgs/include/linkattacher_msgs/linkattacher_msgs/srv/detail/attach_link__rosidl_typesupport_introspection_cpp.hpp
[2.253s] -- Symlinking: /home/spaceshipecsat/ur_10_CatapultTest/install/linkattacher_msgs/include/linkattacher_msgs/linkattacher_msgs/srv/detail/detach_link__rosidl_typesupport_introspection_cpp.hpp
[2.258s] -- Symlinking: /home/spaceshipecsat/ur_10_CatapultTest/install/linkattacher_msgs/share/linkattacher_msgs/environment/pythonpath.sh
[2.262s] -- Symlinking: /home/spaceshipecsat/ur_10_CatapultTest/install/linkattacher_msgs/share/linkattacher_msgs/environment/pythonpath.dsv
[2.267s] -- Symlinking: /home/spaceshipecsat/ur_10_CatapultTest/install/linkattacher_msgs/local/lib/python3.10/dist-packages/linkattacher_msgs-0.0.0-py3.10.egg-info/PKG-INFO
[2.271s] -- Symlinking: /home/spaceshipecsat/ur_10_CatapultTest/install/linkattacher_msgs/local/lib/python3.10/dist-packages/linkattacher_msgs-0.0.0-py3.10.egg-info/SOURCES.txt
[2.276s] -- Symlinking: /home/spaceshipecsat/ur_10_CatapultTest/install/linkattacher_msgs/local/lib/python3.10/dist-packages/linkattacher_msgs-0.0.0-py3.10.egg-info/dependency_links.txt
[2.280s] -- Symlinking: /home/spaceshipecsat/ur_10_CatapultTest/install/linkattacher_msgs/local/lib/python3.10/dist-packages/linkattacher_msgs-0.0.0-py3.10.egg-info/top_level.txt
[2.285s] -- Symlinking: /home/spaceshipecsat/ur_10_CatapultTest/install/linkattacher_msgs/local/lib/python3.10/dist-packages/linkattacher_msgs/__init__.py
[2.290s] -- Symlinking: /home/spaceshipecsat/ur_10_CatapultTest/install/linkattacher_msgs/local/lib/python3.10/dist-packages/linkattacher_msgs/_linkattacher_msgs_s.ep.rosidl_typesupport_c.c
[2.294s] -- Symlinking: /home/spaceshipecsat/ur_10_CatapultTest/install/linkattacher_msgs/local/lib/python3.10/dist-packages/linkattacher_msgs/_linkattacher_msgs_s.ep.rosidl_typesupport_fastrtps_c.c
[2.297s] -- Symlinking: /home/spaceshipecsat/ur_10_CatapultTest/install/linkattacher_msgs/local/lib/python3.10/dist-packages/linkattacher_msgs/_linkattacher_msgs_s.ep.rosidl_typesupport_introspection_c.c
[2.302s] -- Symlinking: /home/spaceshipecsat/ur_10_CatapultTest/install/linkattacher_msgs/local/lib/python3.10/dist-packages/linkattacher_msgs/liblinkattacher_msgs__rosidl_generator_py.so
[2.307s] -- Symlinking: /home/spaceshipecsat/ur_10_CatapultTest/install/linkattacher_msgs/local/lib/python3.10/dist-packages/linkattacher_msgs/linkattacher_msgs_s__rosidl_typesupport_c.cpython-310-x86_64-linux-gnu.so
[2.310s] -- Symlinking: /home/spaceshipecsat/ur_10_CatapultTest/install/linkattacher_msgs/local/lib/python3.10/dist-packages/linkattacher_msgs/linkattacher_msgs_s__rosidl_typesupport_fastrtps_c.cpython-310-x86_64-linux-gnu.so
[2.313s] -- Symlinking: /home/spaceshipecsat/ur_10_CatapultTest/install/linkattacher_msgs/local/lib/python3.10/dist-packages/linkattacher_msgs/linkattacher_msgs_s__rosidl_typesupport_introspection_c.cpython-310-x86_64-linux-gnu.so
[2.318s] -- Symlinking: /home/spaceshipecsat/ur_10_CatapultTest/install/linkattacher_msgs/local/lib/python3.10/dist-packages/linkattacher_msgs/srv/__init__.py
[2.324s] -- Symlinking: /home/spaceshipecsat/ur_10_CatapultTest/install/linkattacher_msgs/local/lib/python3.10/dist-packages/linkattacher_msgs/srv/_attach_link.py
[2.328s] -- Symlinking: /home/spaceshipecsat/ur_10_CatapultTest/install/linkattacher_msgs/local/lib/python3.10/dist-packages/linkattacher_msgs/srv/_attach_link_s.c
[2.332s] -- Symlinking: /home/spaceshipecsat/ur_10_CatapultTest/install/linkattacher_msgs/local/lib/python3.10/dist-packages/linkattacher_msgs/srv/_detach_link.py
[2.336s] -- Symlinking: /home/spaceshipecsat/ur_10_CatapultTest/install/linkattacher_msgs/local/lib/python3.10/dist-packages/linkattacher_msgs/srv/_detach_link_s.c
[2.341s] -- Up-to-date symlink: /home/spaceshipecsat/ur_10_CatapultTest/install/linkattacher_msgs/local/lib/python3.10/dist-packages/linkattacher_msgs/linkattacher_msgs_s__rosidl_typesupport_fastrtps_c.cpython-310-x86_64-linux-gnu.so
[2.341s] -- Up-to-date symlink: /home/spaceshipecsat/ur_10_CatapultTest/install/linkattacher_msgs/local/lib/python3.10/dist-packages/linkattacher_msgs/linkattacher_msgs_s__rosidl_typesupport_introspection_c.cpython-310-x86_64-linux-gnu.so
[2.341s] -- Up-to-date symlink: /home/spaceshipecsat/ur_10_CatapultTest/install/linkattacher_msgs/local/lib/python3.10/dist-packages/linkattacher_msgs/linkattacher_msgs_s__rosidl_typesupport_c.cpython-310-x86_64-linux-gnu.so
[2.341s] -- Symlinking: /home/spaceshipecsat/ur_10_CatapultTest/install/linkattacher_msgs/share/linkattacher_msgs/srv/AttachLink.idl
[2.346s] -- Symlinking: /home/spaceshipecsat/ur_10_CatapultTest/install/linkattacher_msgs/share/linkattacher_msgs/srv/DetachLink.idl
[2.352s] -- Up-to-date symlink: /home/spaceshipecsat/ur_10_CatapultTest/install/linkattacher_msgs/share/linkattacher_msgs/srv/AttachLink.srv
[2.352s] -- Symlinking: /home/spaceshipecsat/ur_10_CatapultTest/install/linkattacher_msgs/share/linkattacher_msgs/srv/AttachLink_Request.msg
[2.358s] -- Symlinking: /home/spaceshipecsat/ur_10_CatapultTest/install/linkattacher_msgs/share/linkattacher_msgs/srv/AttachLink_Response.msg
[2.363s] -- Up-to-date symlink: /home/spaceshipecsat/ur_10_CatapultTest/install/linkattacher_msgs/share/linkattacher_msgs/srv/DetachLink.srv
[2.363s] -- Symlinking: /home/spaceshipecsat/ur_10_CatapultTest/install/linkattacher_msgs/share/linkattacher_msgs/srv/DetachLink_Request.msg
[2.367s] -- Symlinking: /home/spaceshipecsat/ur_10_CatapultTest/install/linkattacher_msgs/share/linkattacher_msgs/srv/DetachLink_Response.msg
[2.373s] -- Symlinking: /home/spaceshipecsat/ur_10_CatapultTest/install/linkattacher_msgs/share/ament_index/resource_index/package_run_dependencies/linkattacher_msgs
[2.376s] -- Symlinking: /home/spaceshipecsat/ur_10_CatapultTest/install/linkattacher_msgs/share/ament_index/resource_index/parent_prefix_path/linkattacher_msgs
[2.381s] -- Symlinking: /home/spaceshipecsat/ur_10_CatapultTest/install/linkattacher_msgs/share/linkattacher_msgs/environment/ament_prefix_path.sh
[2.386s] -- Symlinking: /home/spaceshipecsat/ur_10_CatapultTest/install/linkattacher_msgs/share/linkattacher_msgs/environment/ament_prefix_path.dsv
[2.390s] -- Symlinking: /home/spaceshipecsat/ur_10_CatapultTest/install/linkattacher_msgs/share/linkattacher_msgs/environment/path.sh
[2.395s] -- Symlinking: /home/spaceshipecsat/ur_10_CatapultTest/install/linkattacher_msgs/share/linkattacher_msgs/environment/path.dsv
[2.398s] -- Symlinking: /home/spaceshipecsat/ur_10_CatapultTest/install/linkattacher_msgs/share/linkattacher_msgs/local_setup.bash
[2.404s] -- Symlinking: /home/spaceshipecsat/ur_10_CatapultTest/install/linkattacher_msgs/share/linkattacher_msgs/local_setup.sh
[2.409s] -- Symlinking: /home/spaceshipecsat/ur_10_CatapultTest/install/linkattacher_msgs/share/linkattacher_msgs/local_setup.zsh
[2.414s] -- Symlinking: /home/spaceshipecsat/ur_10_CatapultTest/install/linkattacher_msgs/share/linkattacher_msgs/local_setup.dsv
[2.419s] -- Symlinking: /home/spaceshipecsat/ur_10_CatapultTest/install/linkattacher_msgs/share/linkattacher_msgs/package.dsv
[2.423s] -- Symlinking: /home/spaceshipecsat/ur_10_CatapultTest/install/linkattacher_msgs/share/ament_index/resource_index/packages/linkattacher_msgs
[2.428s] -- Symlinking: /home/spaceshipecsat/ur_10_CatapultTest/install/linkattacher_msgs/share/linkattacher_msgs/cmake/rosidl_cmake-extras.cmake
[2.432s] -- Symlinking: /home/spaceshipecsat/ur_10_CatapultTest/install/linkattacher_msgs/share/linkattacher_msgs/cmake/ament_cmake_export_include_directories-extras.cmake
[2.436s] -- Symlinking: /home/spaceshipecsat/ur_10_CatapultTest/install/linkattacher_msgs/share/linkattacher_msgs/cmake/ament_cmake_export_libraries-extras.cmake
[2.440s] -- Symlinking: /home/spaceshipecsat/ur_10_CatapultTest/install/linkattacher_msgs/share/linkattacher_msgs/cmake/ament_cmake_export_targets-extras.cmake
[2.444s] -- Symlinking: /home/spaceshipecsat/ur_10_CatapultTest/install/linkattacher_msgs/share/linkattacher_msgs/cmake/rosidl_cmake_export_typesupport_targets-extras.cmake
[2.449s] -- Symlinking: /home/spaceshipecsat/ur_10_CatapultTest/install/linkattacher_msgs/share/linkattacher_msgs/cmake/ament_cmake_export_dependencies-extras.cmake
[2.453s] -- Symlinking: /home/spaceshipecsat/ur_10_CatapultTest/install/linkattacher_msgs/share/linkattacher_msgs/cmake/rosidl_cmake_export_typesupport_libraries-extras.cmake
[2.458s] -- Symlinking: /home/spaceshipecsat/ur_10_CatapultTest/install/linkattacher_msgs/share/linkattacher_msgs/cmake/linkattacher_msgsConfig.cmake
[2.464s] -- Symlinking: /home/spaceshipecsat/ur_10_CatapultTest/install/linkattacher_msgs/share/linkattacher_msgs/cmake/linkattacher_msgsConfig-version.cmake
[2.468s] -- Symlinking: /home/spaceshipecsat/ur_10_CatapultTest/install/linkattacher_msgs/share/linkattacher_msgs/package.xml
[2.473s] -- Installing: /home/spaceshipecsat/ur_10_CatapultTest/install/linkattacher_msgs/lib/liblinkattacher_msgs__rosidl_generator_c.so
[2.473s] -- Set runtime path of "/home/spaceshipecsat/ur_10_CatapultTest/install/linkattacher_msgs/lib/liblinkattacher_msgs__rosidl_generator_c.so" to ""
[2.473s] -- Installing: /home/spaceshipecsat/ur_10_CatapultTest/install/linkattacher_msgs/lib/liblinkattacher_msgs__rosidl_typesupport_fastrtps_c.so
[2.473s] -- Set runtime path of "/home/spaceshipecsat/ur_10_CatapultTest/install/linkattacher_msgs/lib/liblinkattacher_msgs__rosidl_typesupport_fastrtps_c.so" to ""
[2.474s] -- Installing: /home/spaceshipecsat/ur_10_CatapultTest/install/linkattacher_msgs/lib/liblinkattacher_msgs__rosidl_typesupport_introspection_c.so
[2.474s] -- Set runtime path of "/home/spaceshipecsat/ur_10_CatapultTest/install/linkattacher_msgs/lib/liblinkattacher_msgs__rosidl_typesupport_introspection_c.so" to ""
[2.474s] -- Installing: /home/spaceshipecsat/ur_10_CatapultTest/install/linkattacher_msgs/lib/liblinkattacher_msgs__rosidl_typesupport_c.so
[2.474s] -- Set runtime path of "/home/spaceshipecsat/ur_10_CatapultTest/install/linkattacher_msgs/lib/liblinkattacher_msgs__rosidl_typesupport_c.so" to ""
[2.474s] -- Installing: /home/spaceshipecsat/ur_10_CatapultTest/install/linkattacher_msgs/lib/liblinkattacher_msgs__rosidl_typesupport_fastrtps_cpp.so
[2.474s] -- Set runtime path of "/home/spaceshipecsat/ur_10_CatapultTest/install/linkattacher_msgs/lib/liblinkattacher_msgs__rosidl_typesupport_fastrtps_cpp.so" to ""
[2.474s] -- Installing: /home/spaceshipecsat/ur_10_CatapultTest/install/linkattacher_msgs/lib/liblinkattacher_msgs__rosidl_typesupport_introspection_cpp.so
[2.474s] -- Set runtime path of "/home/spaceshipecsat/ur_10_CatapultTest/install/linkattacher_msgs/lib/liblinkattacher_msgs__rosidl_typesupport_introspection_cpp.so" to ""
[2.474s] -- Installing: /home/spaceshipecsat/ur_10_CatapultTest/install/linkattacher_msgs/lib/liblinkattacher_msgs__rosidl_typesupport_cpp.so
[2.474s] -- Set runtime path of "/home/spaceshipecsat/ur_10_CatapultTest/install/linkattacher_msgs/lib/liblinkattacher_msgs__rosidl_typesupport_cpp.so" to ""
[2.494s] Listing '/home/spaceshipecsat/ur_10_CatapultTest/install/linkattacher_msgs/local/lib/python3.10/dist-packages/linkattacher_msgs'...
[2.494s] Compiling '/home/spaceshipecsat/ur_10_CatapultTest/install/linkattacher_msgs/local/lib/python3.10/dist-packages/linkattacher_msgs/__init__.py'...
[2.494s] Listing '/home/spaceshipecsat/ur_10_CatapultTest/install/linkattacher_msgs/local/lib/python3.10/dist-packages/linkattacher_msgs/srv'...
[2.495s] Compiling '/home/spaceshipecsat/ur_10_CatapultTest/install/linkattacher_msgs/local/lib/python3.10/dist-packages/linkattacher_msgs/srv/__init__.py'...
[2.495s] Compiling '/home/spaceshipecsat/ur_10_CatapultTest/install/linkattacher_msgs/local/lib/python3.10/dist-packages/linkattacher_msgs/srv/_attach_link.py'...
[2.495s] Compiling '/home/spaceshipecsat/ur_10_CatapultTest/install/linkattacher_msgs/local/lib/python3.10/dist-packages/linkattacher_msgs/srv/_detach_link.py'...
[2.497s] -- Installing: /home/spaceshipecsat/ur_10_CatapultTest/install/linkattacher_msgs/lib/liblinkattacher_msgs__rosidl_generator_py.so
[2.497s] -- Set runtime path of "/home/spaceshipecsat/ur_10_CatapultTest/install/linkattacher_msgs/lib/liblinkattacher_msgs__rosidl_generator_py.so" to ""
[2.497s] -- Installing: /home/spaceshipecsat/ur_10_CatapultTest/install/linkattacher_msgs/share/linkattacher_msgs/cmake/export_linkattacher_msgs__rosidl_generator_cExport.cmake
[2.497s] -- Installing: /home/spaceshipecsat/ur_10_CatapultTest/install/linkattacher_msgs/share/linkattacher_msgs/cmake/export_linkattacher_msgs__rosidl_generator_cExport-noconfig.cmake
[2.497s] -- Installing: /home/spaceshipecsat/ur_10_CatapultTest/install/linkattacher_msgs/share/linkattacher_msgs/cmake/export_linkattacher_msgs__rosidl_typesupport_fastrtps_cExport.cmake
[2.497s] -- Installing: /home/spaceshipecsat/ur_10_CatapultTest/install/linkattacher_msgs/share/linkattacher_msgs/cmake/export_linkattacher_msgs__rosidl_typesupport_fastrtps_cExport-noconfig.cmake
[2.497s] -- Installing: /home/spaceshipecsat/ur_10_CatapultTest/install/linkattacher_msgs/share/linkattacher_msgs/cmake/linkattacher_msgs__rosidl_typesupport_introspection_cExport.cmake
[2.497s] -- Installing: /home/spaceshipecsat/ur_10_CatapultTest/install/linkattacher_msgs/share/linkattacher_msgs/cmake/linkattacher_msgs__rosidl_typesupport_introspection_cExport-noconfig.cmake
[2.497s] -- Installing: /home/spaceshipecsat/ur_10_CatapultTest/install/linkattacher_msgs/share/linkattacher_msgs/cmake/linkattacher_msgs__rosidl_typesupport_cExport.cmake
[2.497s] -- Installing: /home/spaceshipecsat/ur_10_CatapultTest/install/linkattacher_msgs/share/linkattacher_msgs/cmake/linkattacher_msgs__rosidl_typesupport_cExport-noconfig.cmake
[2.497s] -- Installing: /home/spaceshipecsat/ur_10_CatapultTest/install/linkattacher_msgs/share/linkattacher_msgs/cmake/export_linkattacher_msgs__rosidl_generator_cppExport.cmake
[2.497s] -- Installing: /home/spaceshipecsat/ur_10_CatapultTest/install/linkattacher_msgs/share/linkattacher_msgs/cmake/export_linkattacher_msgs__rosidl_typesupport_fastrtps_cppExport.cmake
[2.497s] -- Installing: /home/spaceshipecsat/ur_10_CatapultTest/install/linkattacher_msgs/share/linkattacher_msgs/cmake/export_linkattacher_msgs__rosidl_typesupport_fastrtps_cppExport-noconfig.cmake
[2.497s] -- Installing: /home/spaceshipecsat/ur_10_CatapultTest/install/linkattacher_msgs/share/linkattacher_msgs/cmake/linkattacher_msgs__rosidl_typesupport_introspection_cppExport.cmake
[2.497s] -- Installing: /home/spaceshipecsat/ur_10_CatapultTest/install/linkattacher_msgs/share/linkattacher_msgs/cmake/linkattacher_msgs__rosidl_typesupport_introspection_cppExport-noconfig.cmake
[2.498s] -- Installing: /home/spaceshipecsat/ur_10_CatapultTest/install/linkattacher_msgs/share/linkattacher_msgs/cmake/linkattacher_msgs__rosidl_typesupport_cppExport.cmake
[2.498s] -- Installing: /home/spaceshipecsat/ur_10_CatapultTest/install/linkattacher_msgs/share/linkattacher_msgs/cmake/linkattacher_msgs__rosidl_typesupport_cppExport-noconfig.cmake
[2.498s] -- Installing: /home/spaceshipecsat/ur_10_CatapultTest/install/linkattacher_msgs/share/linkattacher_msgs/cmake/export_linkattacher_msgs__rosidl_generator_pyExport.cmake
[2.498s] -- Installing: /home/spaceshipecsat/ur_10_CatapultTest/install/linkattacher_msgs/share/linkattacher_msgs/cmake/export_linkattacher_msgs__rosidl_generator_pyExport-noconfig.cmake
[2.499s] Invoked command in '/home/spaceshipecsat/ur_10_CatapultTest/build/linkattacher_msgs' returned '0': CMAKE_PREFIX_PATH=/opt/ros/humble /usr/bin/cmake --install /home/spaceshipecsat/ur_10_CatapultTest/build/linkattacher_msgs
