[0.042s] DEBUG:colcon:Command line arguments: ['/usr/bin/colcon', '--log-base', 'log_local', 'build', '--packages-select', 'ur_yt_sim', '--build-base', 'build_local', '--install-base', 'install_local']
[0.042s] DEBUG:colcon:Parsed command line arguments: Namespace(log_base='log_local', log_level=None, verb_name='build', build_base='/home/spaceshipecsat/ur_10_CatapultTest/src/build_local', install_base='/home/spaceshipecsat/ur_10_CatapultTest/src/install_local', merge_install=False, symlink_install=False, test_result_base=None, continue_on_error=False, executor='parallel', parallel_workers=32, event_handlers=None, ignore_user_meta=False, metas=['./colcon.meta'], base_paths=['.'], packages_ignore=None, packages_ignore_regex=None, paths=None, packages_up_to=None, packages_up_to_regex=None, packages_above=None, packages_above_and_dependencies=None, packages_above_depth=None, packages_select_by_dep=None, packages_skip_by_dep=None, packages_skip_up_to=None, packages_select_build_failed=False, packages_skip_build_finished=False, packages_select_test_failures=False, packages_skip_test_passed=False, packages_select=['ur_yt_sim'], packages_skip=None, packages_select_regex=None, packages_skip_regex=None, packages_start=None, packages_end=None, allow_overriding=[], cmake_args=None, cmake_target=None, cmake_target_skip_unavailable=False, cmake_clean_cache=False, cmake_clean_first=False, cmake_force_configure=False, ament_cmake_args=None, catkin_cmake_args=None, catkin_skip_building_tests=False, verb_parser=<colcon_defaults.argument_parser.defaults.DefaultArgumentsDecorator object at 0x7eb02b80f8b0>, verb_extension=<colcon_core.verb.build.BuildVerb object at 0x7eb02b80f2b0>, main=<bound method BuildVerb.main of <colcon_core.verb.build.BuildVerb object at 0x7eb02b80f2b0>>)
[0.096s] Level 1:colcon.colcon_core.package_discovery:discover_packages(colcon_meta) check parameters
[0.096s] Level 1:colcon.colcon_core.package_discovery:discover_packages(recursive) check parameters
[0.096s] Level 1:colcon.colcon_core.package_discovery:discover_packages(ignore) check parameters
[0.096s] Level 1:colcon.colcon_core.package_discovery:discover_packages(path) check parameters
[0.096s] Level 1:colcon.colcon_core.package_discovery:discover_packages(colcon_meta) discover
[0.096s] Level 1:colcon.colcon_core.package_discovery:discover_packages(recursive) discover
[0.096s] INFO:colcon.colcon_core.package_discovery:Crawling recursively for packages in '/home/spaceshipecsat/ur_10_CatapultTest/src'
[0.096s] Level 1:colcon.colcon_core.package_identification:_identify(.) by extensions ['ignore', 'ignore_ament_install']
[0.097s] Level 1:colcon.colcon_core.package_identification:_identify(.) by extension 'ignore'
[0.097s] Level 1:colcon.colcon_core.package_identification:_identify(.) by extension 'ignore_ament_install'
[0.097s] Level 1:colcon.colcon_core.package_identification:_identify(.) by extensions ['colcon_pkg']
[0.097s] Level 1:colcon.colcon_core.package_identification:_identify(.) by extension 'colcon_pkg'
[0.097s] Level 1:colcon.colcon_core.package_identification:_identify(.) by extensions ['colcon_meta']
[0.097s] Level 1:colcon.colcon_core.package_identification:_identify(.) by extension 'colcon_meta'
[0.097s] Level 1:colcon.colcon_core.package_identification:_identify(.) by extensions ['ros']
[0.097s] Level 1:colcon.colcon_core.package_identification:_identify(.) by extension 'ros'
[0.102s] Level 1:colcon.colcon_core.package_identification:_identify(.) by extensions ['cmake', 'python']
[0.102s] Level 1:colcon.colcon_core.package_identification:_identify(.) by extension 'cmake'
[0.102s] Level 1:colcon.colcon_core.package_identification:_identify(.) by extension 'python'
[0.102s] Level 1:colcon.colcon_core.package_identification:_identify(.) by extensions ['python_setup_py']
[0.102s] Level 1:colcon.colcon_core.package_identification:_identify(.) by extension 'python_setup_py'
[0.102s] Level 1:colcon.colcon_core.package_identification:_identify(IFRA_LinkAttacher) by extensions ['ignore', 'ignore_ament_install']
[0.102s] Level 1:colcon.colcon_core.package_identification:_identify(IFRA_LinkAttacher) by extension 'ignore'
[0.102s] Level 1:colcon.colcon_core.package_identification:_identify(IFRA_LinkAttacher) by extension 'ignore_ament_install'
[0.102s] Level 1:colcon.colcon_core.package_identification:_identify(IFRA_LinkAttacher) by extensions ['colcon_pkg']
[0.102s] Level 1:colcon.colcon_core.package_identification:_identify(IFRA_LinkAttacher) by extension 'colcon_pkg'
[0.102s] Level 1:colcon.colcon_core.package_identification:_identify(IFRA_LinkAttacher) by extensions ['colcon_meta']
[0.102s] Level 1:colcon.colcon_core.package_identification:_identify(IFRA_LinkAttacher) by extension 'colcon_meta'
[0.102s] Level 1:colcon.colcon_core.package_identification:_identify(IFRA_LinkAttacher) by extensions ['ros']
[0.102s] Level 1:colcon.colcon_core.package_identification:_identify(IFRA_LinkAttacher) by extension 'ros'
[0.102s] Level 1:colcon.colcon_core.package_identification:_identify(IFRA_LinkAttacher) by extensions ['cmake', 'python']
[0.102s] Level 1:colcon.colcon_core.package_identification:_identify(IFRA_LinkAttacher) by extension 'cmake'
[0.102s] Level 1:colcon.colcon_core.package_identification:_identify(IFRA_LinkAttacher) by extension 'python'
[0.102s] Level 1:colcon.colcon_core.package_identification:_identify(IFRA_LinkAttacher) by extensions ['python_setup_py']
[0.102s] Level 1:colcon.colcon_core.package_identification:_identify(IFRA_LinkAttacher) by extension 'python_setup_py'
[0.102s] Level 1:colcon.colcon_core.package_identification:_identify(IFRA_LinkAttacher/linkattacher_msgs) by extensions ['ignore', 'ignore_ament_install']
[0.102s] Level 1:colcon.colcon_core.package_identification:_identify(IFRA_LinkAttacher/linkattacher_msgs) by extension 'ignore'
[0.102s] Level 1:colcon.colcon_core.package_identification:_identify(IFRA_LinkAttacher/linkattacher_msgs) by extension 'ignore_ament_install'
[0.102s] Level 1:colcon.colcon_core.package_identification:_identify(IFRA_LinkAttacher/linkattacher_msgs) by extensions ['colcon_pkg']
[0.102s] Level 1:colcon.colcon_core.package_identification:_identify(IFRA_LinkAttacher/linkattacher_msgs) by extension 'colcon_pkg'
[0.102s] Level 1:colcon.colcon_core.package_identification:_identify(IFRA_LinkAttacher/linkattacher_msgs) by extensions ['colcon_meta']
[0.102s] Level 1:colcon.colcon_core.package_identification:_identify(IFRA_LinkAttacher/linkattacher_msgs) by extension 'colcon_meta'
[0.102s] Level 1:colcon.colcon_core.package_identification:_identify(IFRA_LinkAttacher/linkattacher_msgs) by extensions ['ros']
[0.102s] Level 1:colcon.colcon_core.package_identification:_identify(IFRA_LinkAttacher/linkattacher_msgs) by extension 'ros'
[0.103s] DEBUG:colcon.colcon_core.package_identification:Package 'IFRA_LinkAttacher/linkattacher_msgs' with type 'ros.ament_cmake' and name 'linkattacher_msgs'
[0.103s] Level 1:colcon.colcon_core.package_identification:_identify(IFRA_LinkAttacher/ros2_LinkAttacher) by extensions ['ignore', 'ignore_ament_install']
[0.104s] Level 1:colcon.colcon_core.package_identification:_identify(IFRA_LinkAttacher/ros2_LinkAttacher) by extension 'ignore'
[0.104s] Level 1:colcon.colcon_core.package_identification:_identify(IFRA_LinkAttacher/ros2_LinkAttacher) by extension 'ignore_ament_install'
[0.104s] Level 1:colcon.colcon_core.package_identification:_identify(IFRA_LinkAttacher/ros2_LinkAttacher) by extensions ['colcon_pkg']
[0.104s] Level 1:colcon.colcon_core.package_identification:_identify(IFRA_LinkAttacher/ros2_LinkAttacher) by extension 'colcon_pkg'
[0.104s] Level 1:colcon.colcon_core.package_identification:_identify(IFRA_LinkAttacher/ros2_LinkAttacher) by extensions ['colcon_meta']
[0.104s] Level 1:colcon.colcon_core.package_identification:_identify(IFRA_LinkAttacher/ros2_LinkAttacher) by extension 'colcon_meta'
[0.104s] Level 1:colcon.colcon_core.package_identification:_identify(IFRA_LinkAttacher/ros2_LinkAttacher) by extensions ['ros']
[0.104s] Level 1:colcon.colcon_core.package_identification:_identify(IFRA_LinkAttacher/ros2_LinkAttacher) by extension 'ros'
[0.104s] DEBUG:colcon.colcon_core.package_identification:Package 'IFRA_LinkAttacher/ros2_LinkAttacher' with type 'ros.ament_cmake' and name 'ros2_linkattacher'
[0.104s] Level 1:colcon.colcon_core.package_identification:_identify(Universal_Robots_ROS2_Description) by extensions ['ignore', 'ignore_ament_install']
[0.104s] Level 1:colcon.colcon_core.package_identification:_identify(Universal_Robots_ROS2_Description) by extension 'ignore'
[0.104s] Level 1:colcon.colcon_core.package_identification:_identify(Universal_Robots_ROS2_Description) by extension 'ignore_ament_install'
[0.104s] Level 1:colcon.colcon_core.package_identification:_identify(Universal_Robots_ROS2_Description) by extensions ['colcon_pkg']
[0.104s] Level 1:colcon.colcon_core.package_identification:_identify(Universal_Robots_ROS2_Description) by extension 'colcon_pkg'
[0.104s] Level 1:colcon.colcon_core.package_identification:_identify(Universal_Robots_ROS2_Description) by extensions ['colcon_meta']
[0.104s] Level 1:colcon.colcon_core.package_identification:_identify(Universal_Robots_ROS2_Description) by extension 'colcon_meta'
[0.104s] Level 1:colcon.colcon_core.package_identification:_identify(Universal_Robots_ROS2_Description) by extensions ['ros']
[0.104s] Level 1:colcon.colcon_core.package_identification:_identify(Universal_Robots_ROS2_Description) by extension 'ros'
[0.105s] DEBUG:colcon.colcon_core.package_identification:Package 'Universal_Robots_ROS2_Description' with type 'ros.ament_cmake' and name 'ur_description'
[0.105s] Level 1:colcon.colcon_core.package_identification:_identify(Universal_Robots_ROS2_Gazebo_Simulation) by extensions ['ignore', 'ignore_ament_install']
[0.105s] Level 1:colcon.colcon_core.package_identification:_identify(Universal_Robots_ROS2_Gazebo_Simulation) by extension 'ignore'
[0.105s] Level 1:colcon.colcon_core.package_identification:_identify(Universal_Robots_ROS2_Gazebo_Simulation) by extension 'ignore_ament_install'
[0.105s] Level 1:colcon.colcon_core.package_identification:_identify(Universal_Robots_ROS2_Gazebo_Simulation) by extensions ['colcon_pkg']
[0.105s] Level 1:colcon.colcon_core.package_identification:_identify(Universal_Robots_ROS2_Gazebo_Simulation) by extension 'colcon_pkg'
[0.105s] Level 1:colcon.colcon_core.package_identification:_identify(Universal_Robots_ROS2_Gazebo_Simulation) by extensions ['colcon_meta']
[0.105s] Level 1:colcon.colcon_core.package_identification:_identify(Universal_Robots_ROS2_Gazebo_Simulation) by extension 'colcon_meta'
[0.105s] Level 1:colcon.colcon_core.package_identification:_identify(Universal_Robots_ROS2_Gazebo_Simulation) by extensions ['ros']
[0.105s] Level 1:colcon.colcon_core.package_identification:_identify(Universal_Robots_ROS2_Gazebo_Simulation) by extension 'ros'
[0.105s] Level 1:colcon.colcon_core.package_identification:_identify(Universal_Robots_ROS2_Gazebo_Simulation) by extensions ['cmake', 'python']
[0.105s] Level 1:colcon.colcon_core.package_identification:_identify(Universal_Robots_ROS2_Gazebo_Simulation) by extension 'cmake'
[0.105s] Level 1:colcon.colcon_core.package_identification:_identify(Universal_Robots_ROS2_Gazebo_Simulation) by extension 'python'
[0.105s] Level 1:colcon.colcon_core.package_identification:_identify(Universal_Robots_ROS2_Gazebo_Simulation) by extensions ['python_setup_py']
[0.105s] Level 1:colcon.colcon_core.package_identification:_identify(Universal_Robots_ROS2_Gazebo_Simulation) by extension 'python_setup_py'
[0.105s] Level 1:colcon.colcon_core.package_identification:_identify(Universal_Robots_ROS2_Gazebo_Simulation/ur_simulation_gazebo) by extensions ['ignore', 'ignore_ament_install']
[0.105s] Level 1:colcon.colcon_core.package_identification:_identify(Universal_Robots_ROS2_Gazebo_Simulation/ur_simulation_gazebo) by extension 'ignore'
[0.105s] Level 1:colcon.colcon_core.package_identification:_identify(Universal_Robots_ROS2_Gazebo_Simulation/ur_simulation_gazebo) by extension 'ignore_ament_install'
[0.105s] Level 1:colcon.colcon_core.package_identification:_identify(Universal_Robots_ROS2_Gazebo_Simulation/ur_simulation_gazebo) by extensions ['colcon_pkg']
[0.105s] Level 1:colcon.colcon_core.package_identification:_identify(Universal_Robots_ROS2_Gazebo_Simulation/ur_simulation_gazebo) by extension 'colcon_pkg'
[0.105s] Level 1:colcon.colcon_core.package_identification:_identify(Universal_Robots_ROS2_Gazebo_Simulation/ur_simulation_gazebo) by extensions ['colcon_meta']
[0.105s] Level 1:colcon.colcon_core.package_identification:_identify(Universal_Robots_ROS2_Gazebo_Simulation/ur_simulation_gazebo) by extension 'colcon_meta'
[0.105s] Level 1:colcon.colcon_core.package_identification:_identify(Universal_Robots_ROS2_Gazebo_Simulation/ur_simulation_gazebo) by extensions ['ros']
[0.105s] Level 1:colcon.colcon_core.package_identification:_identify(Universal_Robots_ROS2_Gazebo_Simulation/ur_simulation_gazebo) by extension 'ros'
[0.105s] DEBUG:colcon.colcon_core.package_identification:Package 'Universal_Robots_ROS2_Gazebo_Simulation/ur_simulation_gazebo' with type 'ros.ament_cmake' and name 'ur_simulation_gazebo'
[0.105s] Level 1:colcon.colcon_core.package_identification:_identify(aruco_markers) by extensions ['ignore', 'ignore_ament_install']
[0.105s] Level 1:colcon.colcon_core.package_identification:_identify(aruco_markers) by extension 'ignore'
[0.105s] Level 1:colcon.colcon_core.package_identification:_identify(aruco_markers) by extension 'ignore_ament_install'
[0.105s] Level 1:colcon.colcon_core.package_identification:_identify(aruco_markers) by extensions ['colcon_pkg']
[0.105s] Level 1:colcon.colcon_core.package_identification:_identify(aruco_markers) by extension 'colcon_pkg'
[0.105s] Level 1:colcon.colcon_core.package_identification:_identify(aruco_markers) by extensions ['colcon_meta']
[0.106s] Level 1:colcon.colcon_core.package_identification:_identify(aruco_markers) by extension 'colcon_meta'
[0.106s] Level 1:colcon.colcon_core.package_identification:_identify(aruco_markers) by extensions ['ros']
[0.106s] Level 1:colcon.colcon_core.package_identification:_identify(aruco_markers) by extension 'ros'
[0.106s] Level 1:colcon.colcon_core.package_identification:_identify(aruco_markers) by extensions ['cmake', 'python']
[0.106s] Level 1:colcon.colcon_core.package_identification:_identify(aruco_markers) by extension 'cmake'
[0.106s] Level 1:colcon.colcon_core.package_identification:_identify(aruco_markers) by extension 'python'
[0.106s] Level 1:colcon.colcon_core.package_identification:_identify(aruco_markers) by extensions ['python_setup_py']
[0.106s] Level 1:colcon.colcon_core.package_identification:_identify(aruco_markers) by extension 'python_setup_py'
[0.106s] Level 1:colcon.colcon_core.package_identification:_identify(build_local) by extensions ['ignore', 'ignore_ament_install']
[0.106s] Level 1:colcon.colcon_core.package_identification:_identify(build_local) by extension 'ignore'
[0.106s] Level 1:colcon.colcon_core.package_identification:_identify(build_local) ignored
[0.106s] Level 1:colcon.colcon_core.package_identification:_identify(install_local) by extensions ['ignore', 'ignore_ament_install']
[0.106s] Level 1:colcon.colcon_core.package_identification:_identify(install_local) by extension 'ignore'
[0.106s] Level 1:colcon.colcon_core.package_identification:_identify(install_local) ignored
[0.106s] Level 1:colcon.colcon_core.package_identification:_identify(log_local) by extensions ['ignore', 'ignore_ament_install']
[0.106s] Level 1:colcon.colcon_core.package_identification:_identify(log_local) by extension 'ignore'
[0.106s] Level 1:colcon.colcon_core.package_identification:_identify(log_local) ignored
[0.106s] Level 1:colcon.colcon_core.package_identification:_identify(ros2_robotiq_gripper) by extensions ['ignore', 'ignore_ament_install']
[0.106s] Level 1:colcon.colcon_core.package_identification:_identify(ros2_robotiq_gripper) by extension 'ignore'
[0.106s] Level 1:colcon.colcon_core.package_identification:_identify(ros2_robotiq_gripper) by extension 'ignore_ament_install'
[0.106s] Level 1:colcon.colcon_core.package_identification:_identify(ros2_robotiq_gripper) by extensions ['colcon_pkg']
[0.106s] Level 1:colcon.colcon_core.package_identification:_identify(ros2_robotiq_gripper) by extension 'colcon_pkg'
[0.106s] Level 1:colcon.colcon_core.package_identification:_identify(ros2_robotiq_gripper) by extensions ['colcon_meta']
[0.106s] Level 1:colcon.colcon_core.package_identification:_identify(ros2_robotiq_gripper) by extension 'colcon_meta'
[0.106s] Level 1:colcon.colcon_core.package_identification:_identify(ros2_robotiq_gripper) by extensions ['ros']
[0.106s] Level 1:colcon.colcon_core.package_identification:_identify(ros2_robotiq_gripper) by extension 'ros'
[0.106s] Level 1:colcon.colcon_core.package_identification:_identify(ros2_robotiq_gripper) by extensions ['cmake', 'python']
[0.106s] Level 1:colcon.colcon_core.package_identification:_identify(ros2_robotiq_gripper) by extension 'cmake'
[0.106s] Level 1:colcon.colcon_core.package_identification:_identify(ros2_robotiq_gripper) by extension 'python'
[0.106s] Level 1:colcon.colcon_core.package_identification:_identify(ros2_robotiq_gripper) by extensions ['python_setup_py']
[0.106s] Level 1:colcon.colcon_core.package_identification:_identify(ros2_robotiq_gripper) by extension 'python_setup_py'
[0.106s] Level 1:colcon.colcon_core.package_identification:_identify(ros2_robotiq_gripper/robotiq_controllers) by extensions ['ignore', 'ignore_ament_install']
[0.106s] Level 1:colcon.colcon_core.package_identification:_identify(ros2_robotiq_gripper/robotiq_controllers) by extension 'ignore'
[0.106s] Level 1:colcon.colcon_core.package_identification:_identify(ros2_robotiq_gripper/robotiq_controllers) by extension 'ignore_ament_install'
[0.106s] Level 1:colcon.colcon_core.package_identification:_identify(ros2_robotiq_gripper/robotiq_controllers) by extensions ['colcon_pkg']
[0.106s] Level 1:colcon.colcon_core.package_identification:_identify(ros2_robotiq_gripper/robotiq_controllers) by extension 'colcon_pkg'
[0.106s] Level 1:colcon.colcon_core.package_identification:_identify(ros2_robotiq_gripper/robotiq_controllers) by extensions ['colcon_meta']
[0.106s] Level 1:colcon.colcon_core.package_identification:_identify(ros2_robotiq_gripper/robotiq_controllers) by extension 'colcon_meta'
[0.106s] Level 1:colcon.colcon_core.package_identification:_identify(ros2_robotiq_gripper/robotiq_controllers) by extensions ['ros']
[0.106s] Level 1:colcon.colcon_core.package_identification:_identify(ros2_robotiq_gripper/robotiq_controllers) by extension 'ros'
[0.107s] DEBUG:colcon.colcon_core.package_identification:Package 'ros2_robotiq_gripper/robotiq_controllers' with type 'ros.ament_cmake' and name 'robotiq_controllers'
[0.107s] Level 1:colcon.colcon_core.package_identification:_identify(ros2_robotiq_gripper/robotiq_description) by extensions ['ignore', 'ignore_ament_install']
[0.107s] Level 1:colcon.colcon_core.package_identification:_identify(ros2_robotiq_gripper/robotiq_description) by extension 'ignore'
[0.107s] Level 1:colcon.colcon_core.package_identification:_identify(ros2_robotiq_gripper/robotiq_description) by extension 'ignore_ament_install'
[0.107s] Level 1:colcon.colcon_core.package_identification:_identify(ros2_robotiq_gripper/robotiq_description) by extensions ['colcon_pkg']
[0.107s] Level 1:colcon.colcon_core.package_identification:_identify(ros2_robotiq_gripper/robotiq_description) by extension 'colcon_pkg'
[0.107s] Level 1:colcon.colcon_core.package_identification:_identify(ros2_robotiq_gripper/robotiq_description) by extensions ['colcon_meta']
[0.107s] Level 1:colcon.colcon_core.package_identification:_identify(ros2_robotiq_gripper/robotiq_description) by extension 'colcon_meta'
[0.107s] Level 1:colcon.colcon_core.package_identification:_identify(ros2_robotiq_gripper/robotiq_description) by extensions ['ros']
[0.107s] Level 1:colcon.colcon_core.package_identification:_identify(ros2_robotiq_gripper/robotiq_description) by extension 'ros'
[0.107s] DEBUG:colcon.colcon_core.package_identification:Package 'ros2_robotiq_gripper/robotiq_description' with type 'ros.ament_cmake' and name 'robotiq_description'
[0.107s] Level 1:colcon.colcon_core.package_identification:_identify(ros2_robotiq_gripper/robotiq_driver) by extensions ['ignore', 'ignore_ament_install']
[0.107s] Level 1:colcon.colcon_core.package_identification:_identify(ros2_robotiq_gripper/robotiq_driver) by extension 'ignore'
[0.107s] Level 1:colcon.colcon_core.package_identification:_identify(ros2_robotiq_gripper/robotiq_driver) by extension 'ignore_ament_install'
[0.107s] Level 1:colcon.colcon_core.package_identification:_identify(ros2_robotiq_gripper/robotiq_driver) by extensions ['colcon_pkg']
[0.107s] Level 1:colcon.colcon_core.package_identification:_identify(ros2_robotiq_gripper/robotiq_driver) by extension 'colcon_pkg'
[0.107s] Level 1:colcon.colcon_core.package_identification:_identify(ros2_robotiq_gripper/robotiq_driver) by extensions ['colcon_meta']
[0.107s] Level 1:colcon.colcon_core.package_identification:_identify(ros2_robotiq_gripper/robotiq_driver) by extension 'colcon_meta'
[0.107s] Level 1:colcon.colcon_core.package_identification:_identify(ros2_robotiq_gripper/robotiq_driver) by extensions ['ros']
[0.107s] Level 1:colcon.colcon_core.package_identification:_identify(ros2_robotiq_gripper/robotiq_driver) by extension 'ros'
[0.107s] Level 1:colcon.colcon_core.package_identification:_identify(ros2_robotiq_gripper/robotiq_driver) by extensions ['cmake', 'python']
[0.107s] Level 1:colcon.colcon_core.package_identification:_identify(ros2_robotiq_gripper/robotiq_driver) by extension 'cmake'
[0.107s] Level 1:colcon.colcon_core.package_identification:_identify(ros2_robotiq_gripper/robotiq_driver) by extension 'python'
[0.107s] Level 1:colcon.colcon_core.package_identification:_identify(ros2_robotiq_gripper/robotiq_driver) by extensions ['python_setup_py']
[0.107s] Level 1:colcon.colcon_core.package_identification:_identify(ros2_robotiq_gripper/robotiq_driver) by extension 'python_setup_py'
[0.107s] Level 1:colcon.colcon_core.package_identification:_identify(ros2_robotiq_gripper/robotiq_hardware_tests) by extensions ['ignore', 'ignore_ament_install']
[0.107s] Level 1:colcon.colcon_core.package_identification:_identify(ros2_robotiq_gripper/robotiq_hardware_tests) by extension 'ignore'
[0.107s] Level 1:colcon.colcon_core.package_identification:_identify(ros2_robotiq_gripper/robotiq_hardware_tests) by extension 'ignore_ament_install'
[0.107s] Level 1:colcon.colcon_core.package_identification:_identify(ros2_robotiq_gripper/robotiq_hardware_tests) by extensions ['colcon_pkg']
[0.107s] Level 1:colcon.colcon_core.package_identification:_identify(ros2_robotiq_gripper/robotiq_hardware_tests) by extension 'colcon_pkg'
[0.107s] Level 1:colcon.colcon_core.package_identification:_identify(ros2_robotiq_gripper/robotiq_hardware_tests) by extensions ['colcon_meta']
[0.107s] Level 1:colcon.colcon_core.package_identification:_identify(ros2_robotiq_gripper/robotiq_hardware_tests) by extension 'colcon_meta'
[0.107s] Level 1:colcon.colcon_core.package_identification:_identify(ros2_robotiq_gripper/robotiq_hardware_tests) by extensions ['ros']
[0.107s] Level 1:colcon.colcon_core.package_identification:_identify(ros2_robotiq_gripper/robotiq_hardware_tests) by extension 'ros'
[0.107s] Level 1:colcon.colcon_core.package_identification:_identify(ros2_robotiq_gripper/robotiq_hardware_tests) by extensions ['cmake', 'python']
[0.107s] Level 1:colcon.colcon_core.package_identification:_identify(ros2_robotiq_gripper/robotiq_hardware_tests) by extension 'cmake'
[0.108s] Level 1:colcon.colcon_core.package_identification:_identify(ros2_robotiq_gripper/robotiq_hardware_tests) by extension 'python'
[0.108s] Level 1:colcon.colcon_core.package_identification:_identify(ros2_robotiq_gripper/robotiq_hardware_tests) by extensions ['python_setup_py']
[0.108s] Level 1:colcon.colcon_core.package_identification:_identify(ros2_robotiq_gripper/robotiq_hardware_tests) by extension 'python_setup_py'
[0.108s] Level 1:colcon.colcon_core.package_identification:_identify(ur10_camera_gripper_moveit_config) by extensions ['ignore', 'ignore_ament_install']
[0.108s] Level 1:colcon.colcon_core.package_identification:_identify(ur10_camera_gripper_moveit_config) by extension 'ignore'
[0.108s] Level 1:colcon.colcon_core.package_identification:_identify(ur10_camera_gripper_moveit_config) by extension 'ignore_ament_install'
[0.108s] Level 1:colcon.colcon_core.package_identification:_identify(ur10_camera_gripper_moveit_config) by extensions ['colcon_pkg']
[0.108s] Level 1:colcon.colcon_core.package_identification:_identify(ur10_camera_gripper_moveit_config) by extension 'colcon_pkg'
[0.108s] Level 1:colcon.colcon_core.package_identification:_identify(ur10_camera_gripper_moveit_config) by extensions ['colcon_meta']
[0.108s] Level 1:colcon.colcon_core.package_identification:_identify(ur10_camera_gripper_moveit_config) by extension 'colcon_meta'
[0.108s] Level 1:colcon.colcon_core.package_identification:_identify(ur10_camera_gripper_moveit_config) by extensions ['ros']
[0.108s] Level 1:colcon.colcon_core.package_identification:_identify(ur10_camera_gripper_moveit_config) by extension 'ros'
[0.108s] DEBUG:colcon.colcon_core.package_identification:Package 'ur10_camera_gripper_moveit_config' with type 'ros.ament_cmake' and name 'ur10_camera_gripper_moveit_config'
[0.108s] Level 1:colcon.colcon_core.package_identification:_identify(ur10_camera_moveit_config) by extensions ['ignore', 'ignore_ament_install']
[0.108s] Level 1:colcon.colcon_core.package_identification:_identify(ur10_camera_moveit_config) by extension 'ignore'
[0.108s] Level 1:colcon.colcon_core.package_identification:_identify(ur10_camera_moveit_config) by extension 'ignore_ament_install'
[0.108s] Level 1:colcon.colcon_core.package_identification:_identify(ur10_camera_moveit_config) by extensions ['colcon_pkg']
[0.108s] Level 1:colcon.colcon_core.package_identification:_identify(ur10_camera_moveit_config) by extension 'colcon_pkg'
[0.108s] Level 1:colcon.colcon_core.package_identification:_identify(ur10_camera_moveit_config) by extensions ['colcon_meta']
[0.108s] Level 1:colcon.colcon_core.package_identification:_identify(ur10_camera_moveit_config) by extension 'colcon_meta'
[0.108s] Level 1:colcon.colcon_core.package_identification:_identify(ur10_camera_moveit_config) by extensions ['ros']
[0.108s] Level 1:colcon.colcon_core.package_identification:_identify(ur10_camera_moveit_config) by extension 'ros'
[0.109s] DEBUG:colcon.colcon_core.package_identification:Package 'ur10_camera_moveit_config' with type 'ros.ament_cmake' and name 'ur10_camera_moveit_config'
[0.109s] Level 1:colcon.colcon_core.package_identification:_identify(ur5_camera_gripper_moveit_config) by extensions ['ignore', 'ignore_ament_install']
[0.109s] Level 1:colcon.colcon_core.package_identification:_identify(ur5_camera_gripper_moveit_config) by extension 'ignore'
[0.109s] Level 1:colcon.colcon_core.package_identification:_identify(ur5_camera_gripper_moveit_config) by extension 'ignore_ament_install'
[0.109s] Level 1:colcon.colcon_core.package_identification:_identify(ur5_camera_gripper_moveit_config) by extensions ['colcon_pkg']
[0.109s] Level 1:colcon.colcon_core.package_identification:_identify(ur5_camera_gripper_moveit_config) by extension 'colcon_pkg'
[0.109s] Level 1:colcon.colcon_core.package_identification:_identify(ur5_camera_gripper_moveit_config) by extensions ['colcon_meta']
[0.109s] Level 1:colcon.colcon_core.package_identification:_identify(ur5_camera_gripper_moveit_config) by extension 'colcon_meta'
[0.109s] Level 1:colcon.colcon_core.package_identification:_identify(ur5_camera_gripper_moveit_config) by extensions ['ros']
[0.109s] Level 1:colcon.colcon_core.package_identification:_identify(ur5_camera_gripper_moveit_config) by extension 'ros'
[0.109s] DEBUG:colcon.colcon_core.package_identification:Package 'ur5_camera_gripper_moveit_config' with type 'ros.ament_cmake' and name 'ur5_camera_gripper_moveit_config'
[0.109s] Level 1:colcon.colcon_core.package_identification:_identify(ur5_camera_moveit_config) by extensions ['ignore', 'ignore_ament_install']
[0.109s] Level 1:colcon.colcon_core.package_identification:_identify(ur5_camera_moveit_config) by extension 'ignore'
[0.109s] Level 1:colcon.colcon_core.package_identification:_identify(ur5_camera_moveit_config) by extension 'ignore_ament_install'
[0.109s] Level 1:colcon.colcon_core.package_identification:_identify(ur5_camera_moveit_config) by extensions ['colcon_pkg']
[0.109s] Level 1:colcon.colcon_core.package_identification:_identify(ur5_camera_moveit_config) by extension 'colcon_pkg'
[0.109s] Level 1:colcon.colcon_core.package_identification:_identify(ur5_camera_moveit_config) by extensions ['colcon_meta']
[0.109s] Level 1:colcon.colcon_core.package_identification:_identify(ur5_camera_moveit_config) by extension 'colcon_meta'
[0.109s] Level 1:colcon.colcon_core.package_identification:_identify(ur5_camera_moveit_config) by extensions ['ros']
[0.109s] Level 1:colcon.colcon_core.package_identification:_identify(ur5_camera_moveit_config) by extension 'ros'
[0.110s] DEBUG:colcon.colcon_core.package_identification:Package 'ur5_camera_moveit_config' with type 'ros.ament_cmake' and name 'ur5_camera_moveit_config'
[0.110s] Level 1:colcon.colcon_core.package_identification:_identify(ur_yt_sim) by extensions ['ignore', 'ignore_ament_install']
[0.110s] Level 1:colcon.colcon_core.package_identification:_identify(ur_yt_sim) by extension 'ignore'
[0.110s] Level 1:colcon.colcon_core.package_identification:_identify(ur_yt_sim) by extension 'ignore_ament_install'
[0.110s] Level 1:colcon.colcon_core.package_identification:_identify(ur_yt_sim) by extensions ['colcon_pkg']
[0.110s] Level 1:colcon.colcon_core.package_identification:_identify(ur_yt_sim) by extension 'colcon_pkg'
[0.110s] Level 1:colcon.colcon_core.package_identification:_identify(ur_yt_sim) by extensions ['colcon_meta']
[0.110s] Level 1:colcon.colcon_core.package_identification:_identify(ur_yt_sim) by extension 'colcon_meta'
[0.110s] Level 1:colcon.colcon_core.package_identification:_identify(ur_yt_sim) by extensions ['ros']
[0.110s] Level 1:colcon.colcon_core.package_identification:_identify(ur_yt_sim) by extension 'ros'
[0.110s] DEBUG:colcon.colcon_core.package_identification:Package 'ur_yt_sim' with type 'ros.ament_cmake' and name 'ur_yt_sim'
[0.110s] Level 1:colcon.colcon_core.package_discovery:discover_packages(recursive) using defaults
[0.110s] Level 1:colcon.colcon_core.package_discovery:discover_packages(ignore) discover
[0.110s] Level 1:colcon.colcon_core.package_discovery:discover_packages(ignore) using defaults
[0.110s] Level 1:colcon.colcon_core.package_discovery:discover_packages(path) discover
[0.110s] Level 1:colcon.colcon_core.package_discovery:discover_packages(path) using defaults
[0.120s] INFO:colcon.colcon_core.package_selection:Skipping not selected package 'linkattacher_msgs' in 'IFRA_LinkAttacher/linkattacher_msgs'
[0.120s] INFO:colcon.colcon_core.package_selection:Skipping not selected package 'robotiq_controllers' in 'ros2_robotiq_gripper/robotiq_controllers'
[0.120s] INFO:colcon.colcon_core.package_selection:Skipping not selected package 'robotiq_description' in 'ros2_robotiq_gripper/robotiq_description'
[0.120s] INFO:colcon.colcon_core.package_selection:Skipping not selected package 'ur_description' in 'Universal_Robots_ROS2_Description'
[0.120s] INFO:colcon.colcon_core.package_selection:Skipping not selected package 'ros2_linkattacher' in 'IFRA_LinkAttacher/ros2_LinkAttacher'
[0.120s] INFO:colcon.colcon_core.package_selection:Skipping not selected package 'ur_simulation_gazebo' in 'Universal_Robots_ROS2_Gazebo_Simulation/ur_simulation_gazebo'
[0.120s] INFO:colcon.colcon_core.package_selection:Skipping not selected package 'ur10_camera_gripper_moveit_config' in 'ur10_camera_gripper_moveit_config'
[0.120s] INFO:colcon.colcon_core.package_selection:Skipping not selected package 'ur10_camera_moveit_config' in 'ur10_camera_moveit_config'
[0.120s] INFO:colcon.colcon_core.package_selection:Skipping not selected package 'ur5_camera_gripper_moveit_config' in 'ur5_camera_gripper_moveit_config'
[0.120s] INFO:colcon.colcon_core.package_selection:Skipping not selected package 'ur5_camera_moveit_config' in 'ur5_camera_moveit_config'
[0.121s] Level 1:colcon.colcon_core.package_discovery:discover_packages(prefix_path) check parameters
[0.121s] Level 1:colcon.colcon_core.package_discovery:discover_packages(prefix_path) discover
[0.121s] Level 1:colcon.colcon_core.package_discovery:discover_packages(prefix_path) using defaults
[0.121s] Level 5:colcon.colcon_core.verb:set package 'ur_yt_sim' build argument 'cmake_args' from command line to 'None'
[0.121s] Level 5:colcon.colcon_core.verb:set package 'ur_yt_sim' build argument 'cmake_target' from command line to 'None'
[0.121s] Level 5:colcon.colcon_core.verb:set package 'ur_yt_sim' build argument 'cmake_target_skip_unavailable' from command line to 'False'
[0.121s] Level 5:colcon.colcon_core.verb:set package 'ur_yt_sim' build argument 'cmake_clean_cache' from command line to 'False'
[0.121s] Level 5:colcon.colcon_core.verb:set package 'ur_yt_sim' build argument 'cmake_clean_first' from command line to 'False'
[0.121s] Level 5:colcon.colcon_core.verb:set package 'ur_yt_sim' build argument 'cmake_force_configure' from command line to 'False'
[0.121s] Level 5:colcon.colcon_core.verb:set package 'ur_yt_sim' build argument 'ament_cmake_args' from command line to 'None'
[0.121s] Level 5:colcon.colcon_core.verb:set package 'ur_yt_sim' build argument 'catkin_cmake_args' from command line to 'None'
[0.121s] Level 5:colcon.colcon_core.verb:set package 'ur_yt_sim' build argument 'catkin_skip_building_tests' from command line to 'False'
[0.121s] DEBUG:colcon.colcon_core.verb:Building package 'ur_yt_sim' with the following arguments: {'ament_cmake_args': None, 'build_base': '/home/spaceshipecsat/ur_10_CatapultTest/src/build_local/ur_yt_sim', 'catkin_cmake_args': None, 'catkin_skip_building_tests': False, 'cmake_args': None, 'cmake_clean_cache': False, 'cmake_clean_first': False, 'cmake_force_configure': False, 'cmake_target': None, 'cmake_target_skip_unavailable': False, 'install_base': '/home/spaceshipecsat/ur_10_CatapultTest/src/install_local/ur_yt_sim', 'merge_install': False, 'path': '/home/spaceshipecsat/ur_10_CatapultTest/src/ur_yt_sim', 'symlink_install': False, 'test_result_base': None}
[0.121s] INFO:colcon.colcon_core.executor:Executing jobs using 'parallel' executor
[0.122s] DEBUG:colcon.colcon_parallel_executor.executor.parallel:run_until_complete
[0.122s] INFO:colcon.colcon_ros.task.ament_cmake.build:Building ROS package in '/home/spaceshipecsat/ur_10_CatapultTest/src/ur_yt_sim' with build type 'ament_cmake'
[0.122s] INFO:colcon.colcon_cmake.task.cmake.build:Building CMake package in '/home/spaceshipecsat/ur_10_CatapultTest/src/ur_yt_sim'
[0.123s] INFO:colcon.colcon_core.plugin_system:Skipping extension 'colcon_core.shell.bat': Not used on non-Windows systems
[0.124s] INFO:colcon.colcon_core.shell:Skip shell extension 'powershell' for command environment: Not usable outside of PowerShell
[0.124s] DEBUG:colcon.colcon_core.shell:Skip shell extension 'dsv' for command environment
[0.124s] ERROR:colcon.colcon_cmake.task.cmake.build:Failed to find the following files:
- /home/spaceshipecsat/ur_10_CatapultTest/src/install_local/robotiq_description/share/robotiq_description/package.sh
- /home/spaceshipecsat/ur_10_CatapultTest/src/install_local/ur_description/share/ur_description/package.sh
Check that the following packages have been built:
- robotiq_description
- ur_description
[0.124s] Level 1:colcon.colcon_core.environment:create_environment_scripts_only(ur_yt_sim)
[0.125s] Level 1:colcon.colcon_core.environment:checking '/home/spaceshipecsat/ur_10_CatapultTest/src/install_local/ur_yt_sim' for CMake module files
[0.125s] Level 1:colcon.colcon_core.environment:checking '/home/spaceshipecsat/ur_10_CatapultTest/src/install_local/ur_yt_sim' for CMake config files
[0.125s] Level 1:colcon.colcon_core.environment:checking '/home/spaceshipecsat/ur_10_CatapultTest/src/install_local/ur_yt_sim/bin'
[0.125s] Level 1:colcon.colcon_core.environment:checking '/home/spaceshipecsat/ur_10_CatapultTest/src/install_local/ur_yt_sim/lib/pkgconfig/ur_yt_sim.pc'
[0.126s] Level 1:colcon.colcon_core.environment:checking '/home/spaceshipecsat/ur_10_CatapultTest/src/install_local/ur_yt_sim/lib/python3.10/site-packages'
[0.126s] Level 1:colcon.colcon_core.environment:checking '/home/spaceshipecsat/ur_10_CatapultTest/src/install_local/ur_yt_sim/bin'
[0.126s] INFO:colcon.colcon_core.shell:Creating package script '/home/spaceshipecsat/ur_10_CatapultTest/src/install_local/ur_yt_sim/share/ur_yt_sim/package.ps1'
[0.127s] INFO:colcon.colcon_core.shell:Creating package descriptor '/home/spaceshipecsat/ur_10_CatapultTest/src/install_local/ur_yt_sim/share/ur_yt_sim/package.dsv'
[0.127s] INFO:colcon.colcon_core.shell:Creating package script '/home/spaceshipecsat/ur_10_CatapultTest/src/install_local/ur_yt_sim/share/ur_yt_sim/package.sh'
[0.132s] INFO:colcon.colcon_core.shell:Creating package script '/home/spaceshipecsat/ur_10_CatapultTest/src/install_local/ur_yt_sim/share/ur_yt_sim/package.bash'
[0.132s] INFO:colcon.colcon_core.shell:Creating package script '/home/spaceshipecsat/ur_10_CatapultTest/src/install_local/ur_yt_sim/share/ur_yt_sim/package.zsh'
[0.133s] Level 1:colcon.colcon_core.environment:create_file_with_runtime_dependencies(/home/spaceshipecsat/ur_10_CatapultTest/src/install_local/ur_yt_sim/share/colcon-core/packages/ur_yt_sim)
[0.143s] DEBUG:colcon.colcon_parallel_executor.executor.parallel:closing loop
[0.143s] DEBUG:colcon.colcon_parallel_executor.executor.parallel:loop closed
[0.143s] DEBUG:colcon.colcon_parallel_executor.executor.parallel:run_until_complete finished with '1'
[0.143s] DEBUG:colcon.colcon_core.event_reactor:joining thread
[0.145s] INFO:colcon.colcon_core.plugin_system:Skipping extension 'colcon_notification.desktop_notification.terminal_notifier': Not used on non-Darwin systems
[0.145s] INFO:colcon.colcon_core.plugin_system:Skipping extension 'colcon_notification.desktop_notification.win32': Not used on non-Windows systems
[0.145s] INFO:colcon.colcon_notification.desktop_notification:Sending desktop notification using 'notify2'
[0.145s] DEBUG:colcon.colcon_notification.desktop_notification.notify2:Failed to initialize notify2: org.freedesktop.DBus.Error.AccessDenied: Failed to connect to socket /run/user/1000/bus: Operation not permitted
[0.145s] DEBUG:colcon.colcon_core.event_reactor:joined thread
[0.145s] INFO:colcon.colcon_core.shell:Creating prefix script '/home/spaceshipecsat/ur_10_CatapultTest/src/install_local/local_setup.ps1'
[0.146s] INFO:colcon.colcon_core.shell:Creating prefix util module '/home/spaceshipecsat/ur_10_CatapultTest/src/install_local/_local_setup_util_ps1.py'
[0.146s] INFO:colcon.colcon_core.shell:Creating prefix chain script '/home/spaceshipecsat/ur_10_CatapultTest/src/install_local/setup.ps1'
[0.147s] INFO:colcon.colcon_core.shell:Creating prefix script '/home/spaceshipecsat/ur_10_CatapultTest/src/install_local/local_setup.sh'
[0.147s] INFO:colcon.colcon_core.shell:Creating prefix util module '/home/spaceshipecsat/ur_10_CatapultTest/src/install_local/_local_setup_util_sh.py'
[0.147s] INFO:colcon.colcon_core.shell:Creating prefix chain script '/home/spaceshipecsat/ur_10_CatapultTest/src/install_local/setup.sh'
[0.147s] INFO:colcon.colcon_core.shell:Creating prefix script '/home/spaceshipecsat/ur_10_CatapultTest/src/install_local/local_setup.bash'
[0.148s] INFO:colcon.colcon_core.shell:Creating prefix chain script '/home/spaceshipecsat/ur_10_CatapultTest/src/install_local/setup.bash'
[0.148s] INFO:colcon.colcon_core.shell:Creating prefix script '/home/spaceshipecsat/ur_10_CatapultTest/src/install_local/local_setup.zsh'
[0.148s] INFO:colcon.colcon_core.shell:Creating prefix chain script '/home/spaceshipecsat/ur_10_CatapultTest/src/install_local/setup.zsh'
