[0.009s] Invoking command in '/home/spaceshipecsat/ur_10_CatapultTest/build/ur_yt_sim': CMAKE_PREFIX_PATH=/home/spaceshipecsat/ur_10_CatapultTest/install/ur_description:/home/spaceshipecsat/ur_10_CatapultTest/install/robotiq_description:/home/spaceshipecsat/ur_10_CatapultTest/install/ur_simulation_gazebo:/home/spaceshipecsat/ur_10_CatapultTest/install/ros2_linkattacher:/home/spaceshipecsat/ur_10_CatapultTest/install/robotiq_controllers:/home/spaceshipecsat/ur_10_CatapultTest/install/linkattacher_msgs:/opt/ros/humble /usr/bin/cmake --build /home/spaceshipecsat/ur_10_CatapultTest/build/ur_yt_sim -- -j32 -l32
[0.031s] [35m[1mConsolidate compiler generated dependencies of target test_world3[0m
[0.045s] [ 50%] [32mBuilding CXX object CMakeFiles/test_world3.dir/src/test_world3.cpp.o[0m
[4.188s] [100%] [32m[1mLinking CXX executable test_world3[0m
[4.387s] [100%] Built target test_world3
[4.398s] Invoked command in '/home/spaceshipecsat/ur_10_CatapultTest/build/ur_yt_sim' returned '0': CMAKE_PREFIX_PATH=/home/spaceshipecsat/ur_10_CatapultTest/install/ur_description:/home/spaceshipecsat/ur_10_CatapultTest/install/robotiq_description:/home/spaceshipecsat/ur_10_CatapultTest/install/ur_simulation_gazebo:/home/spaceshipecsat/ur_10_CatapultTest/install/ros2_linkattacher:/home/spaceshipecsat/ur_10_CatapultTest/install/robotiq_controllers:/home/spaceshipecsat/ur_10_CatapultTest/install/linkattacher_msgs:/opt/ros/humble /usr/bin/cmake --build /home/spaceshipecsat/ur_10_CatapultTest/build/ur_yt_sim -- -j32 -l32
[4.398s] Invoking command in '/home/spaceshipecsat/ur_10_CatapultTest/build/ur_yt_sim': CMAKE_PREFIX_PATH=/home/spaceshipecsat/ur_10_CatapultTest/install/ur_description:/home/spaceshipecsat/ur_10_CatapultTest/install/robotiq_description:/home/spaceshipecsat/ur_10_CatapultTest/install/ur_simulation_gazebo:/home/spaceshipecsat/ur_10_CatapultTest/install/ros2_linkattacher:/home/spaceshipecsat/ur_10_CatapultTest/install/robotiq_controllers:/home/spaceshipecsat/ur_10_CatapultTest/install/linkattacher_msgs:/opt/ros/humble /usr/bin/cmake --install /home/spaceshipecsat/ur_10_CatapultTest/build/ur_yt_sim
[4.403s] -- Install configuration: ""
[4.403s] -- Execute custom install script
[4.403s] -- Up-to-date symlink: /home/spaceshipecsat/ur_10_CatapultTest/install/ur_yt_sim/share/ur_yt_sim/meshes/sensors/camera/kinetic.dae
[4.403s] -- Up-to-date symlink: /home/spaceshipecsat/ur_10_CatapultTest/install/ur_yt_sim/share/ur_yt_sim/meshes/sensors/camera/kinetic.png
[4.403s] -- Up-to-date symlink: /home/spaceshipecsat/ur_10_CatapultTest/install/ur_yt_sim/share/ur_yt_sim/meshes/sensors/camera/kinetic.stl
[4.403s] -- Up-to-date symlink: /home/spaceshipecsat/ur_10_CatapultTest/install/ur_yt_sim/share/ur_yt_sim/launch/spawn_ur10_camera_gripper_moveit2.launch.py
[4.403s] -- Up-to-date symlink: /home/spaceshipecsat/ur_10_CatapultTest/install/ur_yt_sim/share/ur_yt_sim/launch/spawn_ur10_camera_gripper_moveit_basic.launch.py
[4.403s] -- Up-to-date symlink: /home/spaceshipecsat/ur_10_CatapultTest/install/ur_yt_sim/share/ur_yt_sim/launch/spawn_ur5_camera.launch.py
[4.404s] -- Up-to-date symlink: /home/spaceshipecsat/ur_10_CatapultTest/install/ur_yt_sim/share/ur_yt_sim/launch/spawn_ur5_camera_gripper.launch.py
[4.404s] -- Up-to-date symlink: /home/spaceshipecsat/ur_10_CatapultTest/install/ur_yt_sim/share/ur_yt_sim/launch/spawn_ur5_camera_gripper_moveit.launch.py
[4.404s] -- Up-to-date symlink: /home/spaceshipecsat/ur_10_CatapultTest/install/ur_yt_sim/share/ur_yt_sim/launch/spawn_ur5_camera_gripper_moveit2.launch.py
[4.404s] -- Up-to-date symlink: /home/spaceshipecsat/ur_10_CatapultTest/install/ur_yt_sim/share/ur_yt_sim/launch/spawn_ur5_camera_moveit.launch.py
[4.404s] -- Up-to-date symlink: /home/spaceshipecsat/ur_10_CatapultTest/install/ur_yt_sim/share/ur_yt_sim/launch/view_ur5_camera.launch.py
[4.404s] -- Up-to-date symlink: /home/spaceshipecsat/ur_10_CatapultTest/install/ur_yt_sim/share/ur_yt_sim/launch/view_ur5_camera_gripper.launch.py
[4.404s] -- Up-to-date symlink: /home/spaceshipecsat/ur_10_CatapultTest/install/ur_yt_sim/share/ur_yt_sim/urdf/camera.xacro
[4.404s] -- Up-to-date symlink: /home/spaceshipecsat/ur_10_CatapultTest/install/ur_yt_sim/share/ur_yt_sim/urdf/robotiq_gripper.ros2_control.xacro
[4.404s] -- Up-to-date symlink: /home/spaceshipecsat/ur_10_CatapultTest/install/ur_yt_sim/share/ur_yt_sim/urdf/robotiq_gripper_macro.xacro
[4.404s] -- Up-to-date symlink: /home/spaceshipecsat/ur_10_CatapultTest/install/ur_yt_sim/share/ur_yt_sim/urdf/ur10.ros2_control.xacro
[4.404s] -- Up-to-date symlink: /home/spaceshipecsat/ur_10_CatapultTest/install/ur_yt_sim/share/ur_yt_sim/urdf/ur10_camera.urdf.xacro
[4.404s] -- Up-to-date symlink: /home/spaceshipecsat/ur_10_CatapultTest/install/ur_yt_sim/share/ur_yt_sim/urdf/ur10_camera_gripper.urdf.xacro
[4.404s] -- Up-to-date symlink: /home/spaceshipecsat/ur_10_CatapultTest/install/ur_yt_sim/share/ur_yt_sim/urdf/ur10_macro.xacro
[4.404s] -- Up-to-date symlink: /home/spaceshipecsat/ur_10_CatapultTest/install/ur_yt_sim/share/ur_yt_sim/config/initial_positions.yaml
[4.404s] -- Up-to-date symlink: /home/spaceshipecsat/ur_10_CatapultTest/install/ur_yt_sim/share/ur_yt_sim/config/ur10_controllers.yaml
[4.404s] -- Up-to-date symlink: /home/spaceshipecsat/ur_10_CatapultTest/install/ur_yt_sim/share/ur_yt_sim/config/ur10_controllers_gripper.yaml
[4.404s] -- Up-to-date symlink: /home/spaceshipecsat/ur_10_CatapultTest/install/ur_yt_sim/share/ur_yt_sim/meshes/sensors/camera/kinetic.dae
[4.404s] -- Up-to-date symlink: /home/spaceshipecsat/ur_10_CatapultTest/install/ur_yt_sim/share/ur_yt_sim/meshes/sensors/camera/kinetic.png
[4.404s] -- Up-to-date symlink: /home/spaceshipecsat/ur_10_CatapultTest/install/ur_yt_sim/share/ur_yt_sim/meshes/sensors/camera/kinetic.stl
[4.404s] -- Up-to-date symlink: /home/spaceshipecsat/ur_10_CatapultTest/install/ur_yt_sim/share/ur_yt_sim/worlds/world1.world
[4.404s] -- Up-to-date symlink: /home/spaceshipecsat/ur_10_CatapultTest/install/ur_yt_sim/share/ur_yt_sim/worlds/world2.world
[4.404s] -- Up-to-date symlink: /home/spaceshipecsat/ur_10_CatapultTest/install/ur_yt_sim/share/ur_yt_sim/worlds/world3.world
[4.404s] -- Up-to-date symlink: /home/spaceshipecsat/ur_10_CatapultTest/install/ur_yt_sim/share/ur_yt_sim/worlds/world4.world
[4.404s] -- Up-to-date symlink: /home/spaceshipecsat/ur_10_CatapultTest/install/ur_yt_sim/share/ur_yt_sim/rviz/config_ur5_robotiq.rviz
[4.405s] -- Up-to-date symlink: /home/spaceshipecsat/ur_10_CatapultTest/install/ur_yt_sim/share/ur_yt_sim/rviz/view_ur5_camera.rviz
[4.405s] -- Up-to-date symlink: /home/spaceshipecsat/ur_10_CatapultTest/install/ur_yt_sim/share/ur_yt_sim/models/New_cylinder_world/model.config
[4.405s] -- Up-to-date symlink: /home/spaceshipecsat/ur_10_CatapultTest/install/ur_yt_sim/share/ur_yt_sim/models/New_cylinder_world/model.sdf
[4.405s] -- Up-to-date symlink: /home/spaceshipecsat/ur_10_CatapultTest/install/ur_yt_sim/share/ur_yt_sim/models/base/model.config
[4.405s] -- Up-to-date symlink: /home/spaceshipecsat/ur_10_CatapultTest/install/ur_yt_sim/share/ur_yt_sim/models/base/model.sdf
[4.405s] -- Up-to-date symlink: /home/spaceshipecsat/ur_10_CatapultTest/install/ur_yt_sim/share/ur_yt_sim/models/cube_sat_sim/model.config
[4.405s] -- Up-to-date symlink: /home/spaceshipecsat/ur_10_CatapultTest/install/ur_yt_sim/share/ur_yt_sim/models/cube_sat_sim/model.sdf
[4.405s] -- Up-to-date symlink: /home/spaceshipecsat/ur_10_CatapultTest/install/ur_yt_sim/share/ur_yt_sim/models/docked_spacecraft/materials/scripts/aruco.material
[4.405s] -- Up-to-date symlink: /home/spaceshipecsat/ur_10_CatapultTest/install/ur_yt_sim/share/ur_yt_sim/models/docked_spacecraft/materials/textures/aruco_marker_0.png
[4.405s] -- Up-to-date symlink: /home/spaceshipecsat/ur_10_CatapultTest/install/ur_yt_sim/share/ur_yt_sim/models/docked_spacecraft/materials/textures/aruco_marker_1.png
[4.405s] -- Up-to-date symlink: /home/spaceshipecsat/ur_10_CatapultTest/install/ur_yt_sim/share/ur_yt_sim/models/docked_spacecraft/materials/textures/aruco_marker_2.png
[4.405s] -- Up-to-date symlink: /home/spaceshipecsat/ur_10_CatapultTest/install/ur_yt_sim/share/ur_yt_sim/models/docked_spacecraft/materials/textures/aruco_marker_3.png
[4.405s] -- Up-to-date symlink: /home/spaceshipecsat/ur_10_CatapultTest/install/ur_yt_sim/share/ur_yt_sim/models/docked_spacecraft/model.config
[4.405s] -- Up-to-date symlink: /home/spaceshipecsat/ur_10_CatapultTest/install/ur_yt_sim/share/ur_yt_sim/models/docked_spacecraft/model.sdf
[4.405s] -- Up-to-date symlink: /home/spaceshipecsat/ur_10_CatapultTest/install/ur_yt_sim/share/ur_yt_sim/models/green_cube/model.config
[4.405s] -- Up-to-date symlink: /home/spaceshipecsat/ur_10_CatapultTest/install/ur_yt_sim/share/ur_yt_sim/models/green_cube/model.sdf
[4.405s] -- Up-to-date symlink: /home/spaceshipecsat/ur_10_CatapultTest/install/ur_yt_sim/share/ur_yt_sim/models/mini_stacking_box/meshes/mini_stacking_box.dae
[4.405s] -- Up-to-date symlink: /home/spaceshipecsat/ur_10_CatapultTest/install/ur_yt_sim/share/ur_yt_sim/models/mini_stacking_box/meshes/mini_stacking_box.stl
[4.405s] -- Up-to-date symlink: /home/spaceshipecsat/ur_10_CatapultTest/install/ur_yt_sim/share/ur_yt_sim/models/mini_stacking_box/model.config
[4.405s] -- Up-to-date symlink: /home/spaceshipecsat/ur_10_CatapultTest/install/ur_yt_sim/share/ur_yt_sim/models/mini_stacking_box/model.sdf
[4.405s] -- Up-to-date symlink: /home/spaceshipecsat/ur_10_CatapultTest/install/ur_yt_sim/share/ur_yt_sim/models/mini_stacking_box2/meshes/mini_stacking_box2.dae
[4.405s] -- Up-to-date symlink: /home/spaceshipecsat/ur_10_CatapultTest/install/ur_yt_sim/share/ur_yt_sim/models/mini_stacking_box2/model.config
[4.405s] -- Up-to-date symlink: /home/spaceshipecsat/ur_10_CatapultTest/install/ur_yt_sim/share/ur_yt_sim/models/mini_stacking_box2/model.sdf
[4.405s] -- Up-to-date symlink: /home/spaceshipecsat/ur_10_CatapultTest/install/ur_yt_sim/share/ur_yt_sim/models/notch_ring/meshes/notch_ringdae.dae
[4.406s] -- Up-to-date symlink: /home/spaceshipecsat/ur_10_CatapultTest/install/ur_yt_sim/share/ur_yt_sim/models/notch_ring/model.config
[4.406s] -- Up-to-date symlink: /home/spaceshipecsat/ur_10_CatapultTest/install/ur_yt_sim/share/ur_yt_sim/models/notch_ring/model.sdf
[4.406s] -- Up-to-date symlink: /home/spaceshipecsat/ur_10_CatapultTest/install/ur_yt_sim/share/ur_yt_sim/models/other_side/meshes/other_side.dae
[4.406s] -- Up-to-date symlink: /home/spaceshipecsat/ur_10_CatapultTest/install/ur_yt_sim/share/ur_yt_sim/models/other_side/model.config
[4.406s] -- Up-to-date symlink: /home/spaceshipecsat/ur_10_CatapultTest/install/ur_yt_sim/share/ur_yt_sim/models/other_side/model.sdf
[4.406s] -- Up-to-date symlink: /home/spaceshipecsat/ur_10_CatapultTest/install/ur_yt_sim/share/ur_yt_sim/models/robo_basement/model.config
[4.406s] -- Up-to-date symlink: /home/spaceshipecsat/ur_10_CatapultTest/install/ur_yt_sim/share/ur_yt_sim/models/robo_basement/model.sdf
[4.406s] -- Up-to-date symlink: /home/spaceshipecsat/ur_10_CatapultTest/install/ur_yt_sim/lib/ur_yt_sim/aruco_detector.py
[4.406s] -- Up-to-date symlink: /home/spaceshipecsat/ur_10_CatapultTest/install/ur_yt_sim/lib/ur_yt_sim//test_world3
[4.406s] -- Up-to-date symlink: /home/spaceshipecsat/ur_10_CatapultTest/install/ur_yt_sim/share/ament_index/resource_index/package_run_dependencies/ur_yt_sim
[4.406s] -- Up-to-date symlink: /home/spaceshipecsat/ur_10_CatapultTest/install/ur_yt_sim/share/ament_index/resource_index/parent_prefix_path/ur_yt_sim
[4.406s] -- Up-to-date symlink: /home/spaceshipecsat/ur_10_CatapultTest/install/ur_yt_sim/share/ur_yt_sim/environment/ament_prefix_path.sh
[4.406s] -- Up-to-date symlink: /home/spaceshipecsat/ur_10_CatapultTest/install/ur_yt_sim/share/ur_yt_sim/environment/ament_prefix_path.dsv
[4.406s] -- Up-to-date symlink: /home/spaceshipecsat/ur_10_CatapultTest/install/ur_yt_sim/share/ur_yt_sim/environment/path.sh
[4.406s] -- Up-to-date symlink: /home/spaceshipecsat/ur_10_CatapultTest/install/ur_yt_sim/share/ur_yt_sim/environment/path.dsv
[4.406s] -- Up-to-date symlink: /home/spaceshipecsat/ur_10_CatapultTest/install/ur_yt_sim/share/ur_yt_sim/local_setup.bash
[4.406s] -- Up-to-date symlink: /home/spaceshipecsat/ur_10_CatapultTest/install/ur_yt_sim/share/ur_yt_sim/local_setup.sh
[4.406s] -- Up-to-date symlink: /home/spaceshipecsat/ur_10_CatapultTest/install/ur_yt_sim/share/ur_yt_sim/local_setup.zsh
[4.406s] -- Up-to-date symlink: /home/spaceshipecsat/ur_10_CatapultTest/install/ur_yt_sim/share/ur_yt_sim/local_setup.dsv
[4.406s] -- Symlinking: /home/spaceshipecsat/ur_10_CatapultTest/install/ur_yt_sim/share/ur_yt_sim/package.dsv
[4.412s] -- Up-to-date symlink: /home/spaceshipecsat/ur_10_CatapultTest/install/ur_yt_sim/share/ament_index/resource_index/packages/ur_yt_sim
[4.412s] -- Up-to-date symlink: /home/spaceshipecsat/ur_10_CatapultTest/install/ur_yt_sim/share/ur_yt_sim/cmake/ur_yt_simConfig.cmake
[4.412s] -- Up-to-date symlink: /home/spaceshipecsat/ur_10_CatapultTest/install/ur_yt_sim/share/ur_yt_sim/cmake/ur_yt_simConfig-version.cmake
[4.412s] -- Up-to-date symlink: /home/spaceshipecsat/ur_10_CatapultTest/install/ur_yt_sim/share/ur_yt_sim/package.xml
[4.413s] Invoked command in '/home/spaceshipecsat/ur_10_CatapultTest/build/ur_yt_sim' returned '0': CMAKE_PREFIX_PATH=/home/spaceshipecsat/ur_10_CatapultTest/install/ur_description:/home/spaceshipecsat/ur_10_CatapultTest/install/robotiq_description:/home/spaceshipecsat/ur_10_CatapultTest/install/ur_simulation_gazebo:/home/spaceshipecsat/ur_10_CatapultTest/install/ros2_linkattacher:/home/spaceshipecsat/ur_10_CatapultTest/install/robotiq_controllers:/home/spaceshipecsat/ur_10_CatapultTest/install/linkattacher_msgs:/opt/ros/humble /usr/bin/cmake --install /home/spaceshipecsat/ur_10_CatapultTest/build/ur_yt_sim
