[0.005s] Invoking command in '/home/spaceshipecsat/ur_10_CatapultTest/build/ur_yt_sim': AMENT_PREFIX_PATH=/home/spaceshipecsat/ur_10_CatapultTest/install/ur_description:/home/spaceshipecsat/ur_10_CatapultTest/install/robotiq_description:${AMENT_PREFIX_PATH} CMAKE_PREFIX_PATH=/home/spaceshipecsat/ur_10_CatapultTest/install/ur_description:/home/spaceshipecsat/ur_10_CatapultTest/install/robotiq_description:/opt/ros/humble /usr/bin/cmake /home/spaceshipecsat/ur_10_CatapultTest/src/ur_yt_sim -DAMENT_CMAKE_SYMLINK_INSTALL=1 -DCMAKE_INSTALL_PREFIX=/home/spaceshipecsat/ur_10_CatapultTest/install/ur_yt_sim
[0.036s] -- The C compiler identification is GNU 11.4.0
[0.064s] -- The CXX compiler identification is GNU 11.4.0
[0.067s] -- Detecting C compiler ABI info
[0.107s] -- Detecting C compiler ABI info - done
[0.113s] -- Check for working C compiler: /usr/bin/cc - skipped
[0.113s] -- Detecting C compile features
[0.114s] -- Detecting C compile features - done
[0.115s] -- Detecting CXX compiler ABI info
[0.162s] -- Detecting CXX compiler ABI info - done
[0.167s] -- Check for working CXX compiler: /usr/bin/c++ - skipped
[0.167s] -- Detecting CXX compile features
[0.167s] -- Detecting CXX compile features - done
[0.169s] -- Found ament_cmake: 1.3.11 (/opt/ros/humble/share/ament_cmake/cmake)
[0.248s] -- Found Python3: /usr/bin/python3 (found version "3.10.12") found components: Interpreter 
[0.279s] -- Override CMake install command with custom implementation using symlinks instead of copying resources
[0.293s] -- Found xacro: 2.0.13 (/opt/ros/humble/share/xacro/cmake)
[0.293s] -- Found rclcpp: 16.0.12 (/opt/ros/humble/share/rclcpp/cmake)
[0.314s] -- Found rosidl_generator_c: 3.1.6 (/opt/ros/humble/share/rosidl_generator_c/cmake)
[0.316s] -- Found rosidl_adapter: 3.1.6 (/opt/ros/humble/share/rosidl_adapter/cmake)
[0.320s] -- Found rosidl_generator_cpp: 3.1.6 (/opt/ros/humble/share/rosidl_generator_cpp/cmake)
[0.326s] -- Using all available rosidl_typesupport_c: rosidl_typesupport_fastrtps_c;rosidl_typesupport_introspection_c
[0.334s] -- Using all available rosidl_typesupport_cpp: rosidl_typesupport_fastrtps_cpp;rosidl_typesupport_introspection_cpp
[0.355s] -- Found rmw_implementation_cmake: 6.1.2 (/opt/ros/humble/share/rmw_implementation_cmake/cmake)
[0.356s] -- Found rmw_fastrtps_cpp: 6.2.7 (/opt/ros/humble/share/rmw_fastrtps_cpp/cmake)
[0.405s] -- Found OpenSSL: /usr/lib/x86_64-linux-gnu/libcrypto.so (found version "3.0.2")  
[0.418s] -- Found FastRTPS: /opt/ros/humble/include  
[0.440s] -- Using RMW implementation 'rmw_fastrtps_cpp' as default
[0.444s] -- Looking for pthread.h
[0.486s] -- Looking for pthread.h - found
[0.487s] -- Performing Test CMAKE_HAVE_LIBC_PTHREAD
[0.528s] -- Performing Test CMAKE_HAVE_LIBC_PTHREAD - Success
[0.529s] -- Found Threads: TRUE  
[0.554s] -- Found trajectory_msgs: 4.9.0 (/opt/ros/humble/share/trajectory_msgs/cmake)
[0.568s] -- Found moveit_ros_planning_interface: 2.5.9 (/opt/ros/humble/share/moveit_ros_planning_interface/cmake)
[0.580s] -- Found Boost: /usr/lib/x86_64-linux-gnu/cmake/Boost-1.74.0/BoostConfig.cmake (found version "1.74.0") found components: date_time filesystem program_options system thread 
[0.648s] -- Found Boost: /usr/lib/x86_64-linux-gnu/cmake/Boost-1.74.0/BoostConfig.cmake (found version "1.74.0") found components: chrono date_time filesystem iostreams program_options regex serialization system thread 
[0.667s] -- Found parameter_traits: 0.5.0 (/opt/ros/humble/share/parameter_traits/cmake)
[0.673s] -- Found rclcpp_lifecycle: 16.0.12 (/opt/ros/humble/share/rclcpp_lifecycle/cmake)
[0.685s] -- Found Boost: /usr/lib/x86_64-linux-gnu/cmake/Boost-1.74.0/BoostConfig.cmake (found version "1.74.0") found components: filesystem 
[0.734s] -- library: /usr/lib/x86_64-linux-gnu/libcurl.so
[0.751s] -- Found Eigen3: TRUE (found version "3.4.0") 
[0.751s] -- Ensuring Eigen3 include directory is part of orocos-kdl CMake target
[0.816s] -- Found Boost: /usr/lib/x86_64-linux-gnu/cmake/Boost-1.74.0/BoostConfig.cmake (found version "1.74.0") found components: system filesystem date_time program_options thread chrono 
[0.833s] -- Found Boost: /usr/lib/x86_64-linux-gnu/cmake/Boost-1.74.0/BoostConfig.cmake (found version "1.74.0") found components: thread system filesystem regex date_time program_options 
[0.845s] -- Found Boost: /usr/lib/x86_64-linux-gnu/cmake/Boost-1.74.0/BoostConfig.cmake (found version "1.74.0") found components: system filesystem date_time program_options thread 
[0.863s] [31mCMake Error at CMakeLists.txt:17 (find_package):
[0.863s]   By not providing "Findlinkattacher_msgs.cmake" in CMAKE_MODULE_PATH this
[0.863s]   project has asked CMake to find a package configuration file provided by
[0.863s]   "linkattacher_msgs", but CMake did not find one.
[0.863s] 
[0.863s]   Could not find a package configuration file provided by "linkattacher_msgs"
[0.863s]   with any of the following names:
[0.863s] 
[0.863s]     linkattacher_msgsConfig.cmake
[0.863s]     linkattacher_msgs-config.cmake
[0.863s] 
[0.863s]   Add the installation prefix of "linkattacher_msgs" to CMAKE_PREFIX_PATH or
[0.863s]   set "linkattacher_msgs_DIR" to a directory containing one of the above
[0.863s]   files.  If "linkattacher_msgs" provides a separate development package or
[0.863s]   SDK, be sure it has been installed.
[0.863s] 
[0.863s] [0m
[0.863s] -- Configuring incomplete, errors occurred!
[0.864s] See also "/home/spaceshipecsat/ur_10_CatapultTest/build/ur_yt_sim/CMakeFiles/CMakeOutput.log".
[0.869s] Invoked command in '/home/spaceshipecsat/ur_10_CatapultTest/build/ur_yt_sim' returned '1': AMENT_PREFIX_PATH=/home/spaceshipecsat/ur_10_CatapultTest/install/ur_description:/home/spaceshipecsat/ur_10_CatapultTest/install/robotiq_description:${AMENT_PREFIX_PATH} CMAKE_PREFIX_PATH=/home/spaceshipecsat/ur_10_CatapultTest/install/ur_description:/home/spaceshipecsat/ur_10_CatapultTest/install/robotiq_description:/opt/ros/humble /usr/bin/cmake /home/spaceshipecsat/ur_10_CatapultTest/src/ur_yt_sim -DAMENT_CMAKE_SYMLINK_INSTALL=1 -DCMAKE_INSTALL_PREFIX=/home/spaceshipecsat/ur_10_CatapultTest/install/ur_yt_sim
