-- Found ament_cmake: 1.3.11 (/opt/ros/humble/share/ament_cmake/cmake)
-- Override CMake install command with custom implementation using symlinks instead of copying resources
-- Found xacro: 2.0.13 (/opt/ros/humble/share/xacro/cmake)
-- Found rclcpp: 16.0.12 (/opt/ros/humble/share/rclcpp/cmake)
-- Found rosidl_generator_c: 3.1.6 (/opt/ros/humble/share/rosidl_generator_c/cmake)
-- Found rosidl_adapter: 3.1.6 (/opt/ros/humble/share/rosidl_adapter/cmake)
-- Found rosidl_generator_cpp: 3.1.6 (/opt/ros/humble/share/rosidl_generator_cpp/cmake)
-- Using all available rosidl_typesupport_c: rosidl_typesupport_fastrtps_c;rosidl_typesupport_introspection_c
-- Using all available rosidl_typesupport_cpp: rosidl_typesupport_fastrtps_cpp;rosidl_typesupport_introspection_cpp
-- Found rmw_implementation_cmake: 6.1.2 (/opt/ros/humble/share/rmw_implementation_cmake/cmake)
-- Found rmw_fastrtps_cpp: 6.2.7 (/opt/ros/humble/share/rmw_fastrtps_cpp/cmake)
-- Using RMW implementation 'rmw_fastrtps_cpp' as default
-- Found trajectory_msgs: 4.9.0 (/opt/ros/humble/share/trajectory_msgs/cmake)
-- Found moveit_ros_planning_interface: 2.5.9 (/opt/ros/humble/share/moveit_ros_planning_interface/cmake)
-- Found Boost: /usr/lib/x86_64-linux-gnu/cmake/Boost-1.74.0/BoostConfig.cmake (found version "1.74.0") found components: date_time filesystem program_options system thread 
-- Found Boost: /usr/lib/x86_64-linux-gnu/cmake/Boost-1.74.0/BoostConfig.cmake (found version "1.74.0") found components: chrono date_time filesystem iostreams program_options regex serialization system thread 
-- Found parameter_traits: 0.5.0 (/opt/ros/humble/share/parameter_traits/cmake)
-- Found rclcpp_lifecycle: 16.0.12 (/opt/ros/humble/share/rclcpp_lifecycle/cmake)
-- Found Boost: /usr/lib/x86_64-linux-gnu/cmake/Boost-1.74.0/BoostConfig.cmake (found version "1.74.0") found components: filesystem 
-- library: /usr/lib/x86_64-linux-gnu/libcurl.so
-- Ensuring Eigen3 include directory is part of orocos-kdl CMake target
-- Found Boost: /usr/lib/x86_64-linux-gnu/cmake/Boost-1.74.0/BoostConfig.cmake (found version "1.74.0") found components: system filesystem date_time program_options thread chrono 
-- Found Boost: /usr/lib/x86_64-linux-gnu/cmake/Boost-1.74.0/BoostConfig.cmake (found version "1.74.0") found components: thread system filesystem regex date_time program_options 
-- Found Boost: /usr/lib/x86_64-linux-gnu/cmake/Boost-1.74.0/BoostConfig.cmake (found version "1.74.0") found components: system filesystem date_time program_options thread 
-- Found linkattacher_msgs: 0.0.0 (/home/spaceshipecsat/ur_10_CatapultTest/install/linkattacher_msgs/share/linkattacher_msgs/cmake)
-- Found ros2_linkattacher: 0.0.0 (/home/spaceshipecsat/ur_10_CatapultTest/install/ros2_linkattacher/share/ros2_linkattacher/cmake)
-- Found gazebo_msgs: 3.9.0 (/opt/ros/humble/share/gazebo_msgs/cmake)
-- Found ament_lint_auto: 0.12.12 (/opt/ros/humble/share/ament_lint_auto/cmake)
-- Added test 'cppcheck' to perform static code analysis on C / C++ code
-- Configured cppcheck include dirs: 
-- Configured cppcheck exclude dirs and/or files: 
-- Added test 'flake8' to check Python code syntax and style conventions
-- Added test 'lint_cmake' to check CMake code style
-- Added test 'pep257' to check Python code against some of the docstring style conventions in PEP 257
-- Added test 'uncrustify' to check C / C++ code style
-- Configured uncrustify additional arguments: 
-- Added test 'xmllint' to check XML markup files
-- Configuring done
-- Generating done
-- Build files have been written to: /home/spaceshipecsat/ur_10_CatapultTest/build/ur_yt_sim
[35m[1mConsolidate compiler generated dependencies of target test1[0m
[35m[1mConsolidate compiler generated dependencies of target test_world3[0m
[35m[1mConsolidate compiler generated dependencies of target aruco_docking_node[0m
[ 66%] Built target aruco_docking_node
[ 66%] Built target test_world3
[ 83%] [32mBuilding CXX object CMakeFiles/test1.dir/src/test1.cpp.o[0m
[100%] [32m[1mLinking CXX executable test1[0m
[100%] Built target test1
-- Install configuration: ""
-- Execute custom install script
-- Up-to-date symlink: /home/spaceshipecsat/ur_10_CatapultTest/install/ur_yt_sim/share/ur_yt_sim/meshes/sensors/camera/kinetic.dae
-- Up-to-date symlink: /home/spaceshipecsat/ur_10_CatapultTest/install/ur_yt_sim/share/ur_yt_sim/meshes/sensors/camera/kinetic.png
-- Up-to-date symlink: /home/spaceshipecsat/ur_10_CatapultTest/install/ur_yt_sim/share/ur_yt_sim/meshes/sensors/camera/kinetic.stl
-- Up-to-date symlink: /home/spaceshipecsat/ur_10_CatapultTest/install/ur_yt_sim/share/ur_yt_sim/launch/spawn_ur10_camera_gripper_moveit2.launch.py
-- Up-to-date symlink: /home/spaceshipecsat/ur_10_CatapultTest/install/ur_yt_sim/share/ur_yt_sim/launch/spawn_ur10_camera_gripper_moveit_basic.launch.py
-- Up-to-date symlink: /home/spaceshipecsat/ur_10_CatapultTest/install/ur_yt_sim/share/ur_yt_sim/launch/spawn_ur5_camera.launch.py
-- Up-to-date symlink: /home/spaceshipecsat/ur_10_CatapultTest/install/ur_yt_sim/share/ur_yt_sim/launch/spawn_ur5_camera_gripper.launch.py
-- Up-to-date symlink: /home/spaceshipecsat/ur_10_CatapultTest/install/ur_yt_sim/share/ur_yt_sim/launch/spawn_ur5_camera_gripper_moveit.launch.py
-- Up-to-date symlink: /home/spaceshipecsat/ur_10_CatapultTest/install/ur_yt_sim/share/ur_yt_sim/launch/spawn_ur5_camera_gripper_moveit2.launch.py
-- Up-to-date symlink: /home/spaceshipecsat/ur_10_CatapultTest/install/ur_yt_sim/share/ur_yt_sim/launch/spawn_ur5_camera_moveit.launch.py
-- Up-to-date symlink: /home/spaceshipecsat/ur_10_CatapultTest/install/ur_yt_sim/share/ur_yt_sim/launch/view_ur5_camera.launch.py
-- Up-to-date symlink: /home/spaceshipecsat/ur_10_CatapultTest/install/ur_yt_sim/share/ur_yt_sim/launch/view_ur5_camera_gripper.launch.py
-- Up-to-date symlink: /home/spaceshipecsat/ur_10_CatapultTest/install/ur_yt_sim/share/ur_yt_sim/urdf/camera.xacro
-- Up-to-date symlink: /home/spaceshipecsat/ur_10_CatapultTest/install/ur_yt_sim/share/ur_yt_sim/urdf/robotiq_gripper.ros2_control.xacro
-- Up-to-date symlink: /home/spaceshipecsat/ur_10_CatapultTest/install/ur_yt_sim/share/ur_yt_sim/urdf/robotiq_gripper_macro.xacro
-- Up-to-date symlink: /home/spaceshipecsat/ur_10_CatapultTest/install/ur_yt_sim/share/ur_yt_sim/urdf/ur10.ros2_control.xacro
-- Up-to-date symlink: /home/spaceshipecsat/ur_10_CatapultTest/install/ur_yt_sim/share/ur_yt_sim/urdf/ur10_camera.urdf.xacro
-- Up-to-date symlink: /home/spaceshipecsat/ur_10_CatapultTest/install/ur_yt_sim/share/ur_yt_sim/urdf/ur10_camera_gripper.urdf.xacro
-- Up-to-date symlink: /home/spaceshipecsat/ur_10_CatapultTest/install/ur_yt_sim/share/ur_yt_sim/urdf/ur10_macro.xacro
-- Up-to-date symlink: /home/spaceshipecsat/ur_10_CatapultTest/install/ur_yt_sim/share/ur_yt_sim/config/initial_positions.yaml
-- Up-to-date symlink: /home/spaceshipecsat/ur_10_CatapultTest/install/ur_yt_sim/share/ur_yt_sim/config/ur10_controllers.yaml
-- Up-to-date symlink: /home/spaceshipecsat/ur_10_CatapultTest/install/ur_yt_sim/share/ur_yt_sim/config/ur10_controllers_gripper.yaml
-- Up-to-date symlink: /home/spaceshipecsat/ur_10_CatapultTest/install/ur_yt_sim/share/ur_yt_sim/meshes/sensors/camera/kinetic.dae
-- Up-to-date symlink: /home/spaceshipecsat/ur_10_CatapultTest/install/ur_yt_sim/share/ur_yt_sim/meshes/sensors/camera/kinetic.png
-- Up-to-date symlink: /home/spaceshipecsat/ur_10_CatapultTest/install/ur_yt_sim/share/ur_yt_sim/meshes/sensors/camera/kinetic.stl
-- Up-to-date symlink: /home/spaceshipecsat/ur_10_CatapultTest/install/ur_yt_sim/share/ur_yt_sim/worlds/world1.world
-- Up-to-date symlink: /home/spaceshipecsat/ur_10_CatapultTest/install/ur_yt_sim/share/ur_yt_sim/worlds/world2.world
-- Up-to-date symlink: /home/spaceshipecsat/ur_10_CatapultTest/install/ur_yt_sim/share/ur_yt_sim/worlds/world4.world
-- Up-to-date symlink: /home/spaceshipecsat/ur_10_CatapultTest/install/ur_yt_sim/share/ur_yt_sim/rviz/config_ur5_robotiq.rviz
-- Up-to-date symlink: /home/spaceshipecsat/ur_10_CatapultTest/install/ur_yt_sim/share/ur_yt_sim/rviz/view_ur5_camera.rviz
-- Up-to-date symlink: /home/spaceshipecsat/ur_10_CatapultTest/install/ur_yt_sim/share/ur_yt_sim/models/New_cylinder_world/model.config
-- Up-to-date symlink: /home/spaceshipecsat/ur_10_CatapultTest/install/ur_yt_sim/share/ur_yt_sim/models/New_cylinder_world/model.sdf
-- Up-to-date symlink: /home/spaceshipecsat/ur_10_CatapultTest/install/ur_yt_sim/share/ur_yt_sim/models/base/model.config
-- Up-to-date symlink: /home/spaceshipecsat/ur_10_CatapultTest/install/ur_yt_sim/share/ur_yt_sim/models/base/model.sdf
-- Up-to-date symlink: /home/spaceshipecsat/ur_10_CatapultTest/install/ur_yt_sim/share/ur_yt_sim/models/cube_sat_sim/model.config
-- Up-to-date symlink: /home/spaceshipecsat/ur_10_CatapultTest/install/ur_yt_sim/share/ur_yt_sim/models/cube_sat_sim/model.sdf
-- Up-to-date symlink: /home/spaceshipecsat/ur_10_CatapultTest/install/ur_yt_sim/share/ur_yt_sim/models/docked_spacecraft/materials/scripts/aruco.material
-- Up-to-date symlink: /home/spaceshipecsat/ur_10_CatapultTest/install/ur_yt_sim/share/ur_yt_sim/models/docked_spacecraft/materials/textures/aruco_marker_0.png
-- Up-to-date symlink: /home/spaceshipecsat/ur_10_CatapultTest/install/ur_yt_sim/share/ur_yt_sim/models/docked_spacecraft/materials/textures/aruco_marker_1.png
-- Up-to-date symlink: /home/spaceshipecsat/ur_10_CatapultTest/install/ur_yt_sim/share/ur_yt_sim/models/docked_spacecraft/materials/textures/aruco_marker_2.png
-- Up-to-date symlink: /home/spaceshipecsat/ur_10_CatapultTest/install/ur_yt_sim/share/ur_yt_sim/models/docked_spacecraft/materials/textures/aruco_marker_3.png
-- Up-to-date symlink: /home/spaceshipecsat/ur_10_CatapultTest/install/ur_yt_sim/share/ur_yt_sim/models/docked_spacecraft/model.config
-- Up-to-date symlink: /home/spaceshipecsat/ur_10_CatapultTest/install/ur_yt_sim/share/ur_yt_sim/models/docked_spacecraft/model.sdf
-- Up-to-date symlink: /home/spaceshipecsat/ur_10_CatapultTest/install/ur_yt_sim/share/ur_yt_sim/models/green_cube/model.config
-- Up-to-date symlink: /home/spaceshipecsat/ur_10_CatapultTest/install/ur_yt_sim/share/ur_yt_sim/models/green_cube/model.sdf
-- Up-to-date symlink: /home/spaceshipecsat/ur_10_CatapultTest/install/ur_yt_sim/share/ur_yt_sim/models/mini_stacking_box/meshes/mini_stacking_box.dae
-- Up-to-date symlink: /home/spaceshipecsat/ur_10_CatapultTest/install/ur_yt_sim/share/ur_yt_sim/models/mini_stacking_box/meshes/mini_stacking_box.stl
-- Up-to-date symlink: /home/spaceshipecsat/ur_10_CatapultTest/install/ur_yt_sim/share/ur_yt_sim/models/mini_stacking_box/model.config
-- Up-to-date symlink: /home/spaceshipecsat/ur_10_CatapultTest/install/ur_yt_sim/share/ur_yt_sim/models/mini_stacking_box/model.sdf
-- Up-to-date symlink: /home/spaceshipecsat/ur_10_CatapultTest/install/ur_yt_sim/share/ur_yt_sim/models/mini_stacking_box2/meshes/mini_stacking_box2.dae
-- Up-to-date symlink: /home/spaceshipecsat/ur_10_CatapultTest/install/ur_yt_sim/share/ur_yt_sim/models/mini_stacking_box2/model.config
-- Up-to-date symlink: /home/spaceshipecsat/ur_10_CatapultTest/install/ur_yt_sim/share/ur_yt_sim/models/mini_stacking_box2/model.sdf
-- Up-to-date symlink: /home/spaceshipecsat/ur_10_CatapultTest/install/ur_yt_sim/share/ur_yt_sim/models/notch_ring/meshes/notch_ringdae.dae
-- Up-to-date symlink: /home/spaceshipecsat/ur_10_CatapultTest/install/ur_yt_sim/share/ur_yt_sim/models/notch_ring/model.config
-- Up-to-date symlink: /home/spaceshipecsat/ur_10_CatapultTest/install/ur_yt_sim/share/ur_yt_sim/models/notch_ring/model.sdf
-- Up-to-date symlink: /home/spaceshipecsat/ur_10_CatapultTest/install/ur_yt_sim/share/ur_yt_sim/models/other_side/meshes/other_side.dae
-- Up-to-date symlink: /home/spaceshipecsat/ur_10_CatapultTest/install/ur_yt_sim/share/ur_yt_sim/models/other_side/model.config
-- Up-to-date symlink: /home/spaceshipecsat/ur_10_CatapultTest/install/ur_yt_sim/share/ur_yt_sim/models/other_side/model.sdf
-- Up-to-date symlink: /home/spaceshipecsat/ur_10_CatapultTest/install/ur_yt_sim/share/ur_yt_sim/models/robo_basement/model.config
-- Up-to-date symlink: /home/spaceshipecsat/ur_10_CatapultTest/install/ur_yt_sim/share/ur_yt_sim/models/robo_basement/model.sdf
-- Up-to-date symlink: /home/spaceshipecsat/ur_10_CatapultTest/install/ur_yt_sim/lib/ur_yt_sim/aruco_detector.py
-- Up-to-date symlink: /home/spaceshipecsat/ur_10_CatapultTest/install/ur_yt_sim/lib/ur_yt_sim//test_world3
-- Up-to-date symlink: /home/spaceshipecsat/ur_10_CatapultTest/install/ur_yt_sim/lib/ur_yt_sim//test1
-- Up-to-date symlink: /home/spaceshipecsat/ur_10_CatapultTest/install/ur_yt_sim/lib/ur_yt_sim//aruco_docking_node
-- Up-to-date symlink: /home/spaceshipecsat/ur_10_CatapultTest/install/ur_yt_sim/share/ament_index/resource_index/package_run_dependencies/ur_yt_sim
-- Up-to-date symlink: /home/spaceshipecsat/ur_10_CatapultTest/install/ur_yt_sim/share/ament_index/resource_index/parent_prefix_path/ur_yt_sim
-- Up-to-date symlink: /home/spaceshipecsat/ur_10_CatapultTest/install/ur_yt_sim/share/ur_yt_sim/environment/ament_prefix_path.sh
-- Up-to-date symlink: /home/spaceshipecsat/ur_10_CatapultTest/install/ur_yt_sim/share/ur_yt_sim/environment/ament_prefix_path.dsv
-- Up-to-date symlink: /home/spaceshipecsat/ur_10_CatapultTest/install/ur_yt_sim/share/ur_yt_sim/environment/path.sh
-- Up-to-date symlink: /home/spaceshipecsat/ur_10_CatapultTest/install/ur_yt_sim/share/ur_yt_sim/environment/path.dsv
-- Up-to-date symlink: /home/spaceshipecsat/ur_10_CatapultTest/install/ur_yt_sim/share/ur_yt_sim/local_setup.bash
-- Up-to-date symlink: /home/spaceshipecsat/ur_10_CatapultTest/install/ur_yt_sim/share/ur_yt_sim/local_setup.sh
-- Up-to-date symlink: /home/spaceshipecsat/ur_10_CatapultTest/install/ur_yt_sim/share/ur_yt_sim/local_setup.zsh
-- Up-to-date symlink: /home/spaceshipecsat/ur_10_CatapultTest/install/ur_yt_sim/share/ur_yt_sim/local_setup.dsv
-- Symlinking: /home/spaceshipecsat/ur_10_CatapultTest/install/ur_yt_sim/share/ur_yt_sim/package.dsv
-- Up-to-date symlink: /home/spaceshipecsat/ur_10_CatapultTest/install/ur_yt_sim/share/ament_index/resource_index/packages/ur_yt_sim
-- Up-to-date symlink: /home/spaceshipecsat/ur_10_CatapultTest/install/ur_yt_sim/share/ur_yt_sim/cmake/ur_yt_simConfig.cmake
-- Up-to-date symlink: /home/spaceshipecsat/ur_10_CatapultTest/install/ur_yt_sim/share/ur_yt_sim/cmake/ur_yt_simConfig-version.cmake
-- Up-to-date symlink: /home/spaceshipecsat/ur_10_CatapultTest/install/ur_yt_sim/share/ur_yt_sim/package.xml
