[0.021s] Invoking command in '/home/spaceshipecsat/ur_10_CatapultTest/build/ur_yt_sim': CMAKE_PREFIX_PATH=/home/spaceshipecsat/ur_10_CatapultTest/install/ur_description:/home/spaceshipecsat/ur_10_CatapultTest/install/robotiq_description:/home/spaceshipecsat/ur_10_CatapultTest/install/ur5_camera_moveit_config:/home/spaceshipecsat/ur_10_CatapultTest/install/ur5_camera_gripper_moveit_config:/home/spaceshipecsat/ur_10_CatapultTest/install/ur10_camera_moveit_config:/home/spaceshipecsat/ur_10_CatapultTest/install/ur10_camera_gripper_moveit_config:/home/spaceshipecsat/ur_10_CatapultTest/install/ur_yt_sim:/home/spaceshipecsat/ur_10_CatapultTest/install/ur_simulation_gazebo:/home/spaceshipecsat/ur_10_CatapultTest/install/ros2_linkattacher:/home/spaceshipecsat/ur_10_CatapultTest/install/robotiq_controllers:/home/spaceshipecsat/ur_10_CatapultTest/install/linkattacher_msgs:/opt/ros/humble /usr/bin/cmake --build /home/spaceshipecsat/ur_10_CatapultTest/build/ur_yt_sim -- -j32 -l32
[0.035s] -- Found ament_cmake: 1.3.11 (/opt/ros/humble/share/ament_cmake/cmake)
[0.096s] -- Override CMake install command with custom implementation using symlinks instead of copying resources
[0.100s] -- Found xacro: 2.0.13 (/opt/ros/humble/share/xacro/cmake)
[0.100s] -- Found rclcpp: 16.0.12 (/opt/ros/humble/share/rclcpp/cmake)
[0.113s] -- Found rosidl_generator_c: 3.1.6 (/opt/ros/humble/share/rosidl_generator_c/cmake)
[0.114s] -- Found rosidl_adapter: 3.1.6 (/opt/ros/humble/share/rosidl_adapter/cmake)
[0.117s] -- Found rosidl_generator_cpp: 3.1.6 (/opt/ros/humble/share/rosidl_generator_cpp/cmake)
[0.121s] -- Using all available rosidl_typesupport_c: rosidl_typesupport_fastrtps_c;rosidl_typesupport_introspection_c
[0.127s] -- Using all available rosidl_typesupport_cpp: rosidl_typesupport_fastrtps_cpp;rosidl_typesupport_introspection_cpp
[0.142s] -- Found rmw_implementation_cmake: 6.1.2 (/opt/ros/humble/share/rmw_implementation_cmake/cmake)
[0.143s] -- Found rmw_fastrtps_cpp: 6.2.7 (/opt/ros/humble/share/rmw_fastrtps_cpp/cmake)
[0.203s] -- Using RMW implementation 'rmw_fastrtps_cpp' as default
[0.226s] -- Found trajectory_msgs: 4.9.0 (/opt/ros/humble/share/trajectory_msgs/cmake)
[0.239s] -- Found moveit_ros_planning_interface: 2.5.9 (/opt/ros/humble/share/moveit_ros_planning_interface/cmake)
[0.244s] -- Found Boost: /usr/lib/x86_64-linux-gnu/cmake/Boost-1.74.0/BoostConfig.cmake (found version "1.74.0") found components: date_time filesystem program_options system thread 
[0.304s] -- Found Boost: /usr/lib/x86_64-linux-gnu/cmake/Boost-1.74.0/BoostConfig.cmake (found version "1.74.0") found components: chrono date_time filesystem iostreams program_options regex serialization system thread 
[0.314s] -- Found parameter_traits: 0.5.0 (/opt/ros/humble/share/parameter_traits/cmake)
[0.318s] -- Found rclcpp_lifecycle: 16.0.12 (/opt/ros/humble/share/rclcpp_lifecycle/cmake)
[0.327s] -- Found Boost: /usr/lib/x86_64-linux-gnu/cmake/Boost-1.74.0/BoostConfig.cmake (found version "1.74.0") found components: filesystem 
[0.348s] -- library: /usr/lib/x86_64-linux-gnu/libcurl.so
[0.361s] -- Ensuring Eigen3 include directory is part of orocos-kdl CMake target
[0.411s] -- Found Boost: /usr/lib/x86_64-linux-gnu/cmake/Boost-1.74.0/BoostConfig.cmake (found version "1.74.0") found components: system filesystem date_time program_options thread chrono 
[0.424s] -- Found Boost: /usr/lib/x86_64-linux-gnu/cmake/Boost-1.74.0/BoostConfig.cmake (found version "1.74.0") found components: thread system filesystem regex date_time program_options 
[0.434s] -- Found Boost: /usr/lib/x86_64-linux-gnu/cmake/Boost-1.74.0/BoostConfig.cmake (found version "1.74.0") found components: system filesystem date_time program_options thread 
[0.447s] -- Found linkattacher_msgs: 0.0.0 (/home/spaceshipecsat/ur_10_CatapultTest/install/linkattacher_msgs/share/linkattacher_msgs/cmake)
[0.451s] -- Found ros2_linkattacher: 0.0.0 (/home/spaceshipecsat/ur_10_CatapultTest/install/ros2_linkattacher/share/ros2_linkattacher/cmake)
[0.451s] -- Found gazebo_msgs: 3.9.0 (/opt/ros/humble/share/gazebo_msgs/cmake)
[0.460s] -- Found ament_lint_auto: 0.12.12 (/opt/ros/humble/share/ament_lint_auto/cmake)
[0.513s] -- Added test 'cppcheck' to perform static code analysis on C / C++ code
[0.513s] -- Configured cppcheck include dirs: 
[0.513s] -- Configured cppcheck exclude dirs and/or files: 
[0.514s] -- Added test 'flake8' to check Python code syntax and style conventions
[0.514s] -- Added test 'lint_cmake' to check CMake code style
[0.515s] -- Added test 'pep257' to check Python code against some of the docstring style conventions in PEP 257
[0.517s] -- Added test 'uncrustify' to check C / C++ code style
[0.517s] -- Configured uncrustify additional arguments: 
[0.517s] -- Added test 'xmllint' to check XML markup files
[0.517s] -- Configuring done
[0.538s] -- Generating done
[0.544s] -- Build files have been written to: /home/spaceshipecsat/ur_10_CatapultTest/build/ur_yt_sim
[0.563s] [35m[1mConsolidate compiler generated dependencies of target test1[0m
[0.564s] [35m[1mConsolidate compiler generated dependencies of target test_world3[0m
[0.565s] [35m[1mConsolidate compiler generated dependencies of target aruco_docking_node[0m
[0.578s] [ 66%] Built target aruco_docking_node
[0.578s] [ 66%] Built target test_world3
[0.579s] [ 83%] [32mBuilding CXX object CMakeFiles/test1.dir/src/test1.cpp.o[0m
[3.908s] [100%] [32m[1mLinking CXX executable test1[0m
[4.045s] [100%] Built target test1
[4.055s] Invoked command in '/home/spaceshipecsat/ur_10_CatapultTest/build/ur_yt_sim' returned '0': CMAKE_PREFIX_PATH=/home/spaceshipecsat/ur_10_CatapultTest/install/ur_description:/home/spaceshipecsat/ur_10_CatapultTest/install/robotiq_description:/home/spaceshipecsat/ur_10_CatapultTest/install/ur5_camera_moveit_config:/home/spaceshipecsat/ur_10_CatapultTest/install/ur5_camera_gripper_moveit_config:/home/spaceshipecsat/ur_10_CatapultTest/install/ur10_camera_moveit_config:/home/spaceshipecsat/ur_10_CatapultTest/install/ur10_camera_gripper_moveit_config:/home/spaceshipecsat/ur_10_CatapultTest/install/ur_yt_sim:/home/spaceshipecsat/ur_10_CatapultTest/install/ur_simulation_gazebo:/home/spaceshipecsat/ur_10_CatapultTest/install/ros2_linkattacher:/home/spaceshipecsat/ur_10_CatapultTest/install/robotiq_controllers:/home/spaceshipecsat/ur_10_CatapultTest/install/linkattacher_msgs:/opt/ros/humble /usr/bin/cmake --build /home/spaceshipecsat/ur_10_CatapultTest/build/ur_yt_sim -- -j32 -l32
[4.057s] Invoking command in '/home/spaceshipecsat/ur_10_CatapultTest/build/ur_yt_sim': CMAKE_PREFIX_PATH=/home/spaceshipecsat/ur_10_CatapultTest/install/ur_description:/home/spaceshipecsat/ur_10_CatapultTest/install/robotiq_description:/home/spaceshipecsat/ur_10_CatapultTest/install/ur5_camera_moveit_config:/home/spaceshipecsat/ur_10_CatapultTest/install/ur5_camera_gripper_moveit_config:/home/spaceshipecsat/ur_10_CatapultTest/install/ur10_camera_moveit_config:/home/spaceshipecsat/ur_10_CatapultTest/install/ur10_camera_gripper_moveit_config:/home/spaceshipecsat/ur_10_CatapultTest/install/ur_yt_sim:/home/spaceshipecsat/ur_10_CatapultTest/install/ur_simulation_gazebo:/home/spaceshipecsat/ur_10_CatapultTest/install/ros2_linkattacher:/home/spaceshipecsat/ur_10_CatapultTest/install/robotiq_controllers:/home/spaceshipecsat/ur_10_CatapultTest/install/linkattacher_msgs:/opt/ros/humble /usr/bin/cmake --install /home/spaceshipecsat/ur_10_CatapultTest/build/ur_yt_sim
[4.061s] -- Install configuration: ""
[4.061s] -- Execute custom install script
[4.061s] -- Up-to-date symlink: /home/spaceshipecsat/ur_10_CatapultTest/install/ur_yt_sim/share/ur_yt_sim/meshes/sensors/camera/kinetic.dae
[4.061s] -- Up-to-date symlink: /home/spaceshipecsat/ur_10_CatapultTest/install/ur_yt_sim/share/ur_yt_sim/meshes/sensors/camera/kinetic.png
[4.062s] -- Up-to-date symlink: /home/spaceshipecsat/ur_10_CatapultTest/install/ur_yt_sim/share/ur_yt_sim/meshes/sensors/camera/kinetic.stl
[4.062s] -- Up-to-date symlink: /home/spaceshipecsat/ur_10_CatapultTest/install/ur_yt_sim/share/ur_yt_sim/launch/spawn_ur10_camera_gripper_moveit2.launch.py
[4.062s] -- Up-to-date symlink: /home/spaceshipecsat/ur_10_CatapultTest/install/ur_yt_sim/share/ur_yt_sim/launch/spawn_ur10_camera_gripper_moveit_basic.launch.py
[4.062s] -- Up-to-date symlink: /home/spaceshipecsat/ur_10_CatapultTest/install/ur_yt_sim/share/ur_yt_sim/launch/spawn_ur5_camera.launch.py
[4.062s] -- Up-to-date symlink: /home/spaceshipecsat/ur_10_CatapultTest/install/ur_yt_sim/share/ur_yt_sim/launch/spawn_ur5_camera_gripper.launch.py
[4.062s] -- Up-to-date symlink: /home/spaceshipecsat/ur_10_CatapultTest/install/ur_yt_sim/share/ur_yt_sim/launch/spawn_ur5_camera_gripper_moveit.launch.py
[4.062s] -- Up-to-date symlink: /home/spaceshipecsat/ur_10_CatapultTest/install/ur_yt_sim/share/ur_yt_sim/launch/spawn_ur5_camera_gripper_moveit2.launch.py
[4.062s] -- Up-to-date symlink: /home/spaceshipecsat/ur_10_CatapultTest/install/ur_yt_sim/share/ur_yt_sim/launch/spawn_ur5_camera_moveit.launch.py
[4.062s] -- Up-to-date symlink: /home/spaceshipecsat/ur_10_CatapultTest/install/ur_yt_sim/share/ur_yt_sim/launch/view_ur5_camera.launch.py
[4.062s] -- Up-to-date symlink: /home/spaceshipecsat/ur_10_CatapultTest/install/ur_yt_sim/share/ur_yt_sim/launch/view_ur5_camera_gripper.launch.py
[4.062s] -- Up-to-date symlink: /home/spaceshipecsat/ur_10_CatapultTest/install/ur_yt_sim/share/ur_yt_sim/urdf/camera.xacro
[4.062s] -- Up-to-date symlink: /home/spaceshipecsat/ur_10_CatapultTest/install/ur_yt_sim/share/ur_yt_sim/urdf/robotiq_gripper.ros2_control.xacro
[4.062s] -- Up-to-date symlink: /home/spaceshipecsat/ur_10_CatapultTest/install/ur_yt_sim/share/ur_yt_sim/urdf/robotiq_gripper_macro.xacro
[4.062s] -- Up-to-date symlink: /home/spaceshipecsat/ur_10_CatapultTest/install/ur_yt_sim/share/ur_yt_sim/urdf/ur10.ros2_control.xacro
[4.062s] -- Up-to-date symlink: /home/spaceshipecsat/ur_10_CatapultTest/install/ur_yt_sim/share/ur_yt_sim/urdf/ur10_camera.urdf.xacro
[4.062s] -- Up-to-date symlink: /home/spaceshipecsat/ur_10_CatapultTest/install/ur_yt_sim/share/ur_yt_sim/urdf/ur10_camera_gripper.urdf.xacro
[4.062s] -- Up-to-date symlink: /home/spaceshipecsat/ur_10_CatapultTest/install/ur_yt_sim/share/ur_yt_sim/urdf/ur10_macro.xacro
[4.063s] -- Up-to-date symlink: /home/spaceshipecsat/ur_10_CatapultTest/install/ur_yt_sim/share/ur_yt_sim/config/initial_positions.yaml
[4.063s] -- Up-to-date symlink: /home/spaceshipecsat/ur_10_CatapultTest/install/ur_yt_sim/share/ur_yt_sim/config/ur10_controllers.yaml
[4.063s] -- Up-to-date symlink: /home/spaceshipecsat/ur_10_CatapultTest/install/ur_yt_sim/share/ur_yt_sim/config/ur10_controllers_gripper.yaml
[4.063s] -- Up-to-date symlink: /home/spaceshipecsat/ur_10_CatapultTest/install/ur_yt_sim/share/ur_yt_sim/meshes/sensors/camera/kinetic.dae
[4.063s] -- Up-to-date symlink: /home/spaceshipecsat/ur_10_CatapultTest/install/ur_yt_sim/share/ur_yt_sim/meshes/sensors/camera/kinetic.png
[4.063s] -- Up-to-date symlink: /home/spaceshipecsat/ur_10_CatapultTest/install/ur_yt_sim/share/ur_yt_sim/meshes/sensors/camera/kinetic.stl
[4.063s] -- Up-to-date symlink: /home/spaceshipecsat/ur_10_CatapultTest/install/ur_yt_sim/share/ur_yt_sim/worlds/world1.world
[4.063s] -- Up-to-date symlink: /home/spaceshipecsat/ur_10_CatapultTest/install/ur_yt_sim/share/ur_yt_sim/worlds/world2.world
[4.063s] -- Up-to-date symlink: /home/spaceshipecsat/ur_10_CatapultTest/install/ur_yt_sim/share/ur_yt_sim/worlds/world4.world
[4.063s] -- Up-to-date symlink: /home/spaceshipecsat/ur_10_CatapultTest/install/ur_yt_sim/share/ur_yt_sim/rviz/config_ur5_robotiq.rviz
[4.063s] -- Up-to-date symlink: /home/spaceshipecsat/ur_10_CatapultTest/install/ur_yt_sim/share/ur_yt_sim/rviz/view_ur5_camera.rviz
[4.063s] -- Up-to-date symlink: /home/spaceshipecsat/ur_10_CatapultTest/install/ur_yt_sim/share/ur_yt_sim/models/New_cylinder_world/model.config
[4.063s] -- Up-to-date symlink: /home/spaceshipecsat/ur_10_CatapultTest/install/ur_yt_sim/share/ur_yt_sim/models/New_cylinder_world/model.sdf
[4.063s] -- Up-to-date symlink: /home/spaceshipecsat/ur_10_CatapultTest/install/ur_yt_sim/share/ur_yt_sim/models/base/model.config
[4.063s] -- Up-to-date symlink: /home/spaceshipecsat/ur_10_CatapultTest/install/ur_yt_sim/share/ur_yt_sim/models/base/model.sdf
[4.063s] -- Up-to-date symlink: /home/spaceshipecsat/ur_10_CatapultTest/install/ur_yt_sim/share/ur_yt_sim/models/cube_sat_sim/model.config
[4.063s] -- Up-to-date symlink: /home/spaceshipecsat/ur_10_CatapultTest/install/ur_yt_sim/share/ur_yt_sim/models/cube_sat_sim/model.sdf
[4.063s] -- Up-to-date symlink: /home/spaceshipecsat/ur_10_CatapultTest/install/ur_yt_sim/share/ur_yt_sim/models/docked_spacecraft/materials/scripts/aruco.material
[4.063s] -- Up-to-date symlink: /home/spaceshipecsat/ur_10_CatapultTest/install/ur_yt_sim/share/ur_yt_sim/models/docked_spacecraft/materials/textures/aruco_marker_0.png
[4.063s] -- Up-to-date symlink: /home/spaceshipecsat/ur_10_CatapultTest/install/ur_yt_sim/share/ur_yt_sim/models/docked_spacecraft/materials/textures/aruco_marker_1.png
[4.064s] -- Up-to-date symlink: /home/spaceshipecsat/ur_10_CatapultTest/install/ur_yt_sim/share/ur_yt_sim/models/docked_spacecraft/materials/textures/aruco_marker_2.png
[4.064s] -- Up-to-date symlink: /home/spaceshipecsat/ur_10_CatapultTest/install/ur_yt_sim/share/ur_yt_sim/models/docked_spacecraft/materials/textures/aruco_marker_3.png
[4.064s] -- Up-to-date symlink: /home/spaceshipecsat/ur_10_CatapultTest/install/ur_yt_sim/share/ur_yt_sim/models/docked_spacecraft/model.config
[4.064s] -- Up-to-date symlink: /home/spaceshipecsat/ur_10_CatapultTest/install/ur_yt_sim/share/ur_yt_sim/models/docked_spacecraft/model.sdf
[4.064s] -- Up-to-date symlink: /home/spaceshipecsat/ur_10_CatapultTest/install/ur_yt_sim/share/ur_yt_sim/models/green_cube/model.config
[4.064s] -- Up-to-date symlink: /home/spaceshipecsat/ur_10_CatapultTest/install/ur_yt_sim/share/ur_yt_sim/models/green_cube/model.sdf
[4.064s] -- Up-to-date symlink: /home/spaceshipecsat/ur_10_CatapultTest/install/ur_yt_sim/share/ur_yt_sim/models/mini_stacking_box/meshes/mini_stacking_box.dae
[4.064s] -- Up-to-date symlink: /home/spaceshipecsat/ur_10_CatapultTest/install/ur_yt_sim/share/ur_yt_sim/models/mini_stacking_box/meshes/mini_stacking_box.stl
[4.064s] -- Up-to-date symlink: /home/spaceshipecsat/ur_10_CatapultTest/install/ur_yt_sim/share/ur_yt_sim/models/mini_stacking_box/model.config
[4.064s] -- Up-to-date symlink: /home/spaceshipecsat/ur_10_CatapultTest/install/ur_yt_sim/share/ur_yt_sim/models/mini_stacking_box/model.sdf
[4.064s] -- Up-to-date symlink: /home/spaceshipecsat/ur_10_CatapultTest/install/ur_yt_sim/share/ur_yt_sim/models/mini_stacking_box2/meshes/mini_stacking_box2.dae
[4.064s] -- Up-to-date symlink: /home/spaceshipecsat/ur_10_CatapultTest/install/ur_yt_sim/share/ur_yt_sim/models/mini_stacking_box2/model.config
[4.064s] -- Up-to-date symlink: /home/spaceshipecsat/ur_10_CatapultTest/install/ur_yt_sim/share/ur_yt_sim/models/mini_stacking_box2/model.sdf
[4.064s] -- Up-to-date symlink: /home/spaceshipecsat/ur_10_CatapultTest/install/ur_yt_sim/share/ur_yt_sim/models/notch_ring/meshes/notch_ringdae.dae
[4.064s] -- Up-to-date symlink: /home/spaceshipecsat/ur_10_CatapultTest/install/ur_yt_sim/share/ur_yt_sim/models/notch_ring/model.config
[4.064s] -- Up-to-date symlink: /home/spaceshipecsat/ur_10_CatapultTest/install/ur_yt_sim/share/ur_yt_sim/models/notch_ring/model.sdf
[4.064s] -- Up-to-date symlink: /home/spaceshipecsat/ur_10_CatapultTest/install/ur_yt_sim/share/ur_yt_sim/models/other_side/meshes/other_side.dae
[4.064s] -- Up-to-date symlink: /home/spaceshipecsat/ur_10_CatapultTest/install/ur_yt_sim/share/ur_yt_sim/models/other_side/model.config
[4.065s] -- Up-to-date symlink: /home/spaceshipecsat/ur_10_CatapultTest/install/ur_yt_sim/share/ur_yt_sim/models/other_side/model.sdf
[4.065s] -- Up-to-date symlink: /home/spaceshipecsat/ur_10_CatapultTest/install/ur_yt_sim/share/ur_yt_sim/models/robo_basement/model.config
[4.065s] -- Up-to-date symlink: /home/spaceshipecsat/ur_10_CatapultTest/install/ur_yt_sim/share/ur_yt_sim/models/robo_basement/model.sdf
[4.065s] -- Up-to-date symlink: /home/spaceshipecsat/ur_10_CatapultTest/install/ur_yt_sim/lib/ur_yt_sim/aruco_detector.py
[4.065s] -- Up-to-date symlink: /home/spaceshipecsat/ur_10_CatapultTest/install/ur_yt_sim/lib/ur_yt_sim//test_world3
[4.065s] -- Up-to-date symlink: /home/spaceshipecsat/ur_10_CatapultTest/install/ur_yt_sim/lib/ur_yt_sim//test1
[4.065s] -- Up-to-date symlink: /home/spaceshipecsat/ur_10_CatapultTest/install/ur_yt_sim/lib/ur_yt_sim//aruco_docking_node
[4.065s] -- Up-to-date symlink: /home/spaceshipecsat/ur_10_CatapultTest/install/ur_yt_sim/share/ament_index/resource_index/package_run_dependencies/ur_yt_sim
[4.065s] -- Up-to-date symlink: /home/spaceshipecsat/ur_10_CatapultTest/install/ur_yt_sim/share/ament_index/resource_index/parent_prefix_path/ur_yt_sim
[4.065s] -- Up-to-date symlink: /home/spaceshipecsat/ur_10_CatapultTest/install/ur_yt_sim/share/ur_yt_sim/environment/ament_prefix_path.sh
[4.065s] -- Up-to-date symlink: /home/spaceshipecsat/ur_10_CatapultTest/install/ur_yt_sim/share/ur_yt_sim/environment/ament_prefix_path.dsv
[4.065s] -- Up-to-date symlink: /home/spaceshipecsat/ur_10_CatapultTest/install/ur_yt_sim/share/ur_yt_sim/environment/path.sh
[4.065s] -- Up-to-date symlink: /home/spaceshipecsat/ur_10_CatapultTest/install/ur_yt_sim/share/ur_yt_sim/environment/path.dsv
[4.065s] -- Up-to-date symlink: /home/spaceshipecsat/ur_10_CatapultTest/install/ur_yt_sim/share/ur_yt_sim/local_setup.bash
[4.065s] -- Up-to-date symlink: /home/spaceshipecsat/ur_10_CatapultTest/install/ur_yt_sim/share/ur_yt_sim/local_setup.sh
[4.065s] -- Up-to-date symlink: /home/spaceshipecsat/ur_10_CatapultTest/install/ur_yt_sim/share/ur_yt_sim/local_setup.zsh
[4.065s] -- Up-to-date symlink: /home/spaceshipecsat/ur_10_CatapultTest/install/ur_yt_sim/share/ur_yt_sim/local_setup.dsv
[4.065s] -- Symlinking: /home/spaceshipecsat/ur_10_CatapultTest/install/ur_yt_sim/share/ur_yt_sim/package.dsv
[4.069s] -- Up-to-date symlink: /home/spaceshipecsat/ur_10_CatapultTest/install/ur_yt_sim/share/ament_index/resource_index/packages/ur_yt_sim
[4.069s] -- Up-to-date symlink: /home/spaceshipecsat/ur_10_CatapultTest/install/ur_yt_sim/share/ur_yt_sim/cmake/ur_yt_simConfig.cmake
[4.069s] -- Up-to-date symlink: /home/spaceshipecsat/ur_10_CatapultTest/install/ur_yt_sim/share/ur_yt_sim/cmake/ur_yt_simConfig-version.cmake
[4.069s] -- Up-to-date symlink: /home/spaceshipecsat/ur_10_CatapultTest/install/ur_yt_sim/share/ur_yt_sim/package.xml
[4.070s] Invoked command in '/home/spaceshipecsat/ur_10_CatapultTest/build/ur_yt_sim' returned '0': CMAKE_PREFIX_PATH=/home/spaceshipecsat/ur_10_CatapultTest/install/ur_description:/home/spaceshipecsat/ur_10_CatapultTest/install/robotiq_description:/home/spaceshipecsat/ur_10_CatapultTest/install/ur5_camera_moveit_config:/home/spaceshipecsat/ur_10_CatapultTest/install/ur5_camera_gripper_moveit_config:/home/spaceshipecsat/ur_10_CatapultTest/install/ur10_camera_moveit_config:/home/spaceshipecsat/ur_10_CatapultTest/install/ur10_camera_gripper_moveit_config:/home/spaceshipecsat/ur_10_CatapultTest/install/ur_yt_sim:/home/spaceshipecsat/ur_10_CatapultTest/install/ur_simulation_gazebo:/home/spaceshipecsat/ur_10_CatapultTest/install/ros2_linkattacher:/home/spaceshipecsat/ur_10_CatapultTest/install/robotiq_controllers:/home/spaceshipecsat/ur_10_CatapultTest/install/linkattacher_msgs:/opt/ros/humble /usr/bin/cmake --install /home/spaceshipecsat/ur_10_CatapultTest/build/ur_yt_sim
