[0.012s] Invoking command in '/home/spaceshipecsat/ur_10_CatapultTest/src/build_tmp/robotiq_description': /usr/bin/cmake /home/spaceshipecsat/ur_10_CatapultTest/src/ros2_robotiq_gripper/robotiq_description -DCMAKE_INSTALL_PREFIX=/home/spaceshipecsat/ur_10_CatapultTest/src/install_tmp
[0.043s] -- The C compiler identification is GNU 11.4.0
[0.070s] -- The CXX compiler identification is GNU 11.4.0
[0.074s] -- Detecting C compiler ABI info
[0.114s] -- Detecting C compiler ABI info - done
[0.119s] -- Check for working C compiler: /usr/bin/cc - skipped
[0.119s] -- Detecting C compile features
[0.120s] -- Detecting C compile features - done
[0.121s] -- Detecting CXX compiler ABI info
[0.163s] -- Detecting CXX compiler ABI info - done
[0.167s] -- Check for working CXX compiler: /usr/bin/c++ - skipped
[0.167s] -- Detecting CXX compile features
[0.167s] -- Detecting CXX compile features - done
[0.172s] CMake Error at CMakeLists.txt:9 (find_package):
[0.172s]   By not providing "Findament_cmake.cmake" in CMAKE_MODULE_PATH this project
[0.173s]   has asked CMake to find a package configuration file provided by
[0.173s]   "ament_cmake", but CMake did not find one.
[0.173s] 
[0.173s]   Could not find a package configuration file provided by "ament_cmake" with
[0.173s]   any of the following names:
[0.173s] 
[0.173s]     ament_cmakeConfig.cmake
[0.173s]     ament_cmake-config.cmake
[0.173s] 
[0.173s]   Add the installation prefix of "ament_cmake" to CMAKE_PREFIX_PATH or set
[0.173s]   "ament_cmake_DIR" to a directory containing one of the above files.  If
[0.173s]   "ament_cmake" provides a separate development package or SDK, be sure it
[0.173s]   has been installed.
[0.173s] 
[0.173s] 
[0.174s] -- Configuring incomplete, errors occurred!
[0.174s] See also "/home/spaceshipecsat/ur_10_CatapultTest/src/build_tmp/robotiq_description/CMakeFiles/CMakeOutput.log".
[0.174s] Invoked command in '/home/spaceshipecsat/ur_10_CatapultTest/src/build_tmp/robotiq_description' returned '1': /usr/bin/cmake /home/spaceshipecsat/ur_10_CatapultTest/src/ros2_robotiq_gripper/robotiq_description -DCMAKE_INSTALL_PREFIX=/home/spaceshipecsat/ur_10_CatapultTest/src/install_tmp
