[0.006s] Invoking command in '/home/spaceshipecsat/ur_10_CatapultTest/build/robotiq_controllers': CMAKE_PREFIX_PATH=/opt/ros/humble /usr/bin/cmake /home/spaceshipecsat/ur_10_CatapultTest/src/ros2_robotiq_gripper/robotiq_controllers -DAMENT_CMAKE_SYMLINK_INSTALL=1 -DCMAKE_INSTALL_PREFIX=/home/spaceshipecsat/ur_10_CatapultTest/install/robotiq_controllers
[0.039s] -- The C compiler identification is GNU 11.4.0
[0.073s] -- The CXX compiler identification is GNU 11.4.0
[0.077s] -- Detecting C compiler ABI info
[0.113s] -- Detecting C compiler ABI info - done
[0.117s] -- Check for working C compiler: /usr/bin/cc - skipped
[0.117s] -- Detecting C compile features
[0.117s] -- Detecting C compile features - done
[0.118s] -- Detecting CXX compiler ABI info
[0.165s] -- Detecting CXX compiler ABI info - done
[0.170s] -- Check for working CXX compiler: /usr/bin/c++ - skipped
[0.170s] -- Detecting CXX compile features
[0.170s] -- Detecting CXX compile features - done
[0.171s] -- Found ament_cmake: 1.3.11 (/opt/ros/humble/share/ament_cmake/cmake)
[0.256s] -- Found Python3: /usr/bin/python3 (found version "3.10.12") found components: Interpreter 
[0.293s] -- Override CMake install command with custom implementation using symlinks instead of copying resources
[0.313s] -- Found controller_interface: 2.51.0 (/opt/ros/humble/share/controller_interface/cmake)
[0.339s] -- Found rosidl_generator_c: 3.1.6 (/opt/ros/humble/share/rosidl_generator_c/cmake)
[0.343s] -- Found rosidl_adapter: 3.1.6 (/opt/ros/humble/share/rosidl_adapter/cmake)
[0.349s] -- Found rosidl_generator_cpp: 3.1.6 (/opt/ros/humble/share/rosidl_generator_cpp/cmake)
[0.356s] -- Using all available rosidl_typesupport_c: rosidl_typesupport_fastrtps_c;rosidl_typesupport_introspection_c
[0.364s] -- Using all available rosidl_typesupport_cpp: rosidl_typesupport_fastrtps_cpp;rosidl_typesupport_introspection_cpp
[0.460s] -- Found rmw_implementation_cmake: 6.1.2 (/opt/ros/humble/share/rmw_implementation_cmake/cmake)
[0.462s] -- Found rmw_fastrtps_cpp: 6.2.7 (/opt/ros/humble/share/rmw_fastrtps_cpp/cmake)
[0.473s] -- Found TinyXML2 via Config file: TinyXML2_DIR-NOTFOUND
[0.504s] -- Found OpenSSL: /usr/lib/x86_64-linux-gnu/libcrypto.so (found version "3.0.2")  
[0.505s] -- Found TinyXML2 via Config file: TinyXML2_DIR-NOTFOUND
[0.513s] -- Found FastRTPS: /opt/ros/humble/include  
[0.514s] -- Found TinyXML2 via Config file: TinyXML2_DIR-NOTFOUND
[0.519s] -- Found TinyXML2 via Config file: TinyXML2_DIR-NOTFOUND
[0.527s] -- Using RMW implementation 'rmw_fastrtps_cpp' as default
[0.531s] -- Looking for pthread.h
[0.574s] -- Looking for pthread.h - found
[0.575s] -- Performing Test CMAKE_HAVE_LIBC_PTHREAD
[0.615s] -- Performing Test CMAKE_HAVE_LIBC_PTHREAD - Success
[0.616s] -- Found Threads: TRUE  
[0.644s] -- Found std_srvs: 4.9.0 (/opt/ros/humble/share/std_srvs/cmake)
[0.651s] -- Found ament_lint_auto: 0.12.12 (/opt/ros/humble/share/ament_lint_auto/cmake)
[0.705s] -- Added test 'cppcheck' to perform static code analysis on C / C++ code
[0.705s] -- Configured cppcheck include dirs: /home/spaceshipecsat/ur_10_CatapultTest/src/ros2_robotiq_gripper/robotiq_controllers/include
[0.705s] -- Configured cppcheck exclude dirs and/or files: 
[0.705s] -- Added test 'lint_cmake' to check CMake code style
[0.707s] -- Configuring done
[0.718s] -- Generating done
[0.720s] -- Build files have been written to: /home/spaceshipecsat/ur_10_CatapultTest/build/robotiq_controllers
[0.726s] Invoked command in '/home/spaceshipecsat/ur_10_CatapultTest/build/robotiq_controllers' returned '0': CMAKE_PREFIX_PATH=/opt/ros/humble /usr/bin/cmake /home/spaceshipecsat/ur_10_CatapultTest/src/ros2_robotiq_gripper/robotiq_controllers -DAMENT_CMAKE_SYMLINK_INSTALL=1 -DCMAKE_INSTALL_PREFIX=/home/spaceshipecsat/ur_10_CatapultTest/install/robotiq_controllers
[0.726s] Invoking command in '/home/spaceshipecsat/ur_10_CatapultTest/build/robotiq_controllers': CMAKE_PREFIX_PATH=/opt/ros/humble /usr/bin/cmake --build /home/spaceshipecsat/ur_10_CatapultTest/build/robotiq_controllers -- -j32 -l32
[0.757s] [ 50%] [32mBuilding CXX object CMakeFiles/robotiq_controllers.dir/src/robotiq_activation_controller.cpp.o[0m
[2.405s] [100%] [32m[1mLinking CXX shared library librobotiq_controllers.so[0m
[2.496s] [100%] Built target robotiq_controllers
[2.506s] Invoked command in '/home/spaceshipecsat/ur_10_CatapultTest/build/robotiq_controllers' returned '0': CMAKE_PREFIX_PATH=/opt/ros/humble /usr/bin/cmake --build /home/spaceshipecsat/ur_10_CatapultTest/build/robotiq_controllers -- -j32 -l32
[2.507s] Invoking command in '/home/spaceshipecsat/ur_10_CatapultTest/build/robotiq_controllers': CMAKE_PREFIX_PATH=/opt/ros/humble /usr/bin/cmake --install /home/spaceshipecsat/ur_10_CatapultTest/build/robotiq_controllers
[2.512s] -- Install configuration: ""
[2.512s] -- Execute custom install script
[2.513s] -- Symlinking: /home/spaceshipecsat/ur_10_CatapultTest/install/robotiq_controllers/share/robotiq_controllers//controller_plugins.xml
[2.518s] -- Symlinking: /home/spaceshipecsat/ur_10_CatapultTest/install/robotiq_controllers/include/robotiq_controllers/robotiq_activation_controller.hpp
[2.524s] -- Symlinking: /home/spaceshipecsat/ur_10_CatapultTest/install/robotiq_controllers/share/robotiq_controllers/environment/library_path.sh
[2.531s] -- Symlinking: /home/spaceshipecsat/ur_10_CatapultTest/install/robotiq_controllers/share/robotiq_controllers/environment/library_path.dsv
[2.535s] -- Symlinking: /home/spaceshipecsat/ur_10_CatapultTest/install/robotiq_controllers/share/ament_index/resource_index/package_run_dependencies/robotiq_controllers
[2.541s] -- Symlinking: /home/spaceshipecsat/ur_10_CatapultTest/install/robotiq_controllers/share/ament_index/resource_index/parent_prefix_path/robotiq_controllers
[2.545s] -- Symlinking: /home/spaceshipecsat/ur_10_CatapultTest/install/robotiq_controllers/share/robotiq_controllers/environment/ament_prefix_path.sh
[2.551s] -- Symlinking: /home/spaceshipecsat/ur_10_CatapultTest/install/robotiq_controllers/share/robotiq_controllers/environment/ament_prefix_path.dsv
[2.557s] -- Symlinking: /home/spaceshipecsat/ur_10_CatapultTest/install/robotiq_controllers/share/robotiq_controllers/environment/path.sh
[2.562s] -- Symlinking: /home/spaceshipecsat/ur_10_CatapultTest/install/robotiq_controllers/share/robotiq_controllers/environment/path.dsv
[2.567s] -- Symlinking: /home/spaceshipecsat/ur_10_CatapultTest/install/robotiq_controllers/share/robotiq_controllers/local_setup.bash
[2.570s] -- Symlinking: /home/spaceshipecsat/ur_10_CatapultTest/install/robotiq_controllers/share/robotiq_controllers/local_setup.sh
[2.575s] -- Symlinking: /home/spaceshipecsat/ur_10_CatapultTest/install/robotiq_controllers/share/robotiq_controllers/local_setup.zsh
[2.579s] -- Symlinking: /home/spaceshipecsat/ur_10_CatapultTest/install/robotiq_controllers/share/robotiq_controllers/local_setup.dsv
[2.584s] -- Symlinking: /home/spaceshipecsat/ur_10_CatapultTest/install/robotiq_controllers/share/robotiq_controllers/package.dsv
[2.587s] -- Symlinking: /home/spaceshipecsat/ur_10_CatapultTest/install/robotiq_controllers/share/ament_index/resource_index/packages/robotiq_controllers
[2.593s] -- Symlinking: /home/spaceshipecsat/ur_10_CatapultTest/install/robotiq_controllers/share/ament_index/resource_index/controller_interface__pluginlib__plugin/robotiq_controllers
[2.597s] -- Symlinking: /home/spaceshipecsat/ur_10_CatapultTest/install/robotiq_controllers/share/robotiq_controllers/cmake/ament_cmake_export_include_directories-extras.cmake
[2.602s] -- Symlinking: /home/spaceshipecsat/ur_10_CatapultTest/install/robotiq_controllers/share/robotiq_controllers/cmake/ament_cmake_export_libraries-extras.cmake
[2.607s] -- Symlinking: /home/spaceshipecsat/ur_10_CatapultTest/install/robotiq_controllers/share/robotiq_controllers/cmake/ament_cmake_export_targets-extras.cmake
[2.611s] -- Symlinking: /home/spaceshipecsat/ur_10_CatapultTest/install/robotiq_controllers/share/robotiq_controllers/cmake/ament_cmake_export_dependencies-extras.cmake
[2.615s] -- Symlinking: /home/spaceshipecsat/ur_10_CatapultTest/install/robotiq_controllers/share/robotiq_controllers/cmake/robotiq_controllersConfig.cmake
[2.620s] -- Symlinking: /home/spaceshipecsat/ur_10_CatapultTest/install/robotiq_controllers/share/robotiq_controllers/cmake/robotiq_controllersConfig-version.cmake
[2.624s] -- Symlinking: /home/spaceshipecsat/ur_10_CatapultTest/install/robotiq_controllers/share/robotiq_controllers/package.xml
[2.628s] -- Installing: /home/spaceshipecsat/ur_10_CatapultTest/install/robotiq_controllers/lib/librobotiq_controllers.so
[2.628s] -- Set runtime path of "/home/spaceshipecsat/ur_10_CatapultTest/install/robotiq_controllers/lib/librobotiq_controllers.so" to ""
[2.628s] -- Installing: /home/spaceshipecsat/ur_10_CatapultTest/install/robotiq_controllers/share/robotiq_controllers/cmake/export_robotiq_controllersExport.cmake
[2.628s] -- Installing: /home/spaceshipecsat/ur_10_CatapultTest/install/robotiq_controllers/share/robotiq_controllers/cmake/export_robotiq_controllersExport-noconfig.cmake
