[0.005s] Invoking command in '/home/spaceshipecsat/ur_10_CatapultTest/build/ros2_linkattacher': AMENT_PREFIX_PATH=/home/spaceshipecsat/ur_10_CatapultTest/install/linkattacher_msgs:${AMENT_PREFIX_PATH} CMAKE_PREFIX_PATH=/home/spaceshipecsat/ur_10_CatapultTest/install/linkattacher_msgs:/opt/ros/humble LD_LIBRARY_PATH=/home/spaceshipecsat/ur_10_CatapultTest/install/linkattacher_msgs/lib:${LD_LIBRARY_PATH} PYTHONPATH=/home/spaceshipecsat/ur_10_CatapultTest/install/linkattacher_msgs/local/lib/python3.10/dist-packages:${PYTHONPATH} /usr/bin/cmake /home/spaceshipecsat/ur_10_CatapultTest/src/IFRA_LinkAttacher/ros2_LinkAttacher -DAMENT_CMAKE_SYMLINK_INSTALL=1 -DCMAKE_INSTALL_PREFIX=/home/spaceshipecsat/ur_10_CatapultTest/install/ros2_linkattacher
[0.034s] -- The C compiler identification is GNU 11.4.0
[0.065s] -- The CXX compiler identification is GNU 11.4.0
[0.069s] -- Detecting C compiler ABI info
[0.108s] -- Detecting C compiler ABI info - done
[0.114s] -- Check for working C compiler: /usr/bin/cc - skipped
[0.114s] -- Detecting C compile features
[0.114s] -- Detecting C compile features - done
[0.116s] -- Detecting CXX compiler ABI info
[0.158s] -- Detecting CXX compiler ABI info - done
[0.162s] -- Check for working CXX compiler: /usr/bin/c++ - skipped
[0.162s] -- Detecting CXX compile features
[0.162s] -- Detecting CXX compile features - done
[0.163s] -- Found ament_cmake: 1.3.11 (/opt/ros/humble/share/ament_cmake/cmake)
[0.235s] -- Found Python3: /usr/bin/python3 (found version "3.10.12") found components: Interpreter 
[0.266s] -- Override CMake install command with custom implementation using symlinks instead of copying resources
[0.280s] -- Found ament_lint_auto: 0.12.12 (/opt/ros/humble/share/ament_lint_auto/cmake)
[0.317s] -- Found gazebo_ros: 3.9.0 (/opt/ros/humble/share/gazebo_ros/cmake)
[0.339s] -- Found rosidl_generator_c: 3.1.6 (/opt/ros/humble/share/rosidl_generator_c/cmake)
[0.341s] -- Found rosidl_adapter: 3.1.6 (/opt/ros/humble/share/rosidl_adapter/cmake)
[0.345s] -- Found rosidl_generator_cpp: 3.1.6 (/opt/ros/humble/share/rosidl_generator_cpp/cmake)
[0.350s] -- Using all available rosidl_typesupport_c: rosidl_typesupport_fastrtps_c;rosidl_typesupport_introspection_c
[0.358s] -- Using all available rosidl_typesupport_cpp: rosidl_typesupport_fastrtps_cpp;rosidl_typesupport_introspection_cpp
[0.378s] -- Found rmw_implementation_cmake: 6.1.2 (/opt/ros/humble/share/rmw_implementation_cmake/cmake)
[0.379s] -- Found rmw_fastrtps_cpp: 6.2.7 (/opt/ros/humble/share/rmw_fastrtps_cpp/cmake)
[0.426s] -- Found OpenSSL: /usr/lib/x86_64-linux-gnu/libcrypto.so (found version "3.0.2")  
[0.441s] -- Found FastRTPS: /opt/ros/humble/include  
[0.463s] -- Using RMW implementation 'rmw_fastrtps_cpp' as default
[0.467s] -- Looking for pthread.h
[0.503s] -- Looking for pthread.h - found
[0.503s] -- Performing Test CMAKE_HAVE_LIBC_PTHREAD
[0.542s] -- Performing Test CMAKE_HAVE_LIBC_PTHREAD - Success
[0.543s] -- Found Threads: TRUE  
[0.574s] -- Found PkgConfig: /usr/bin/pkg-config (found version "0.29.2") 
[0.576s] -- Checking for module 'bullet>=2.82'
[0.584s] --   Found bullet, version 3.05
[0.643s] -- Found fcl: /usr/include (found suitable version "0.7.0", minimum required is "0.5.0") 
[0.673s] -- Found assimp: /usr/include (found version "5.2.0") 
[0.682s] -- Found DART: /usr/include (Required is at least version "6.6") found components: dart 
[0.698s] -- Found Boost: /usr/lib/x86_64-linux-gnu/cmake/Boost-1.74.0/BoostConfig.cmake (found suitable version "1.74.0", minimum required is "1.40.0") found components: thread system filesystem program_options regex iostreams date_time 
[0.705s] -- Found Protobuf: /usr/lib/x86_64-linux-gnu/libprotobuf.so (found version "3.12.4") 
[0.707s] -- Looking for ignition-math6 -- found version 6.15.1
[0.710s] -- Searching for dependencies of ignition-math6
[0.711s] -- Looking for OGRE...
[0.711s] -- OGRE_PREFIX_WATCH changed.
[0.714s] -- Checking for module 'OGRE'
[0.721s] --   Found OGRE, version 1.9.0
[0.742s] -- Found Ogre Ghadamon (1.9.0)
[0.745s] -- Found OGRE: optimized;/usr/lib/x86_64-linux-gnu/libOgreMain.so;debug;/usr/lib/x86_64-linux-gnu/libOgreMain.so
[0.750s] -- Looking for OGRE_Paging...
[0.752s] -- Found OGRE_Paging: optimized;/usr/lib/x86_64-linux-gnu/libOgrePaging.so;debug;/usr/lib/x86_64-linux-gnu/libOgrePaging.so
[0.753s] -- Looking for OGRE_Terrain...
[0.755s] -- Found OGRE_Terrain: optimized;/usr/lib/x86_64-linux-gnu/libOgreTerrain.so;debug;/usr/lib/x86_64-linux-gnu/libOgreTerrain.so
[0.755s] -- Looking for OGRE_Property...
[0.757s] -- Found OGRE_Property: optimized;/usr/lib/x86_64-linux-gnu/libOgreProperty.so;debug;/usr/lib/x86_64-linux-gnu/libOgreProperty.so
[0.757s] -- Looking for OGRE_RTShaderSystem...
[0.759s] -- Found OGRE_RTShaderSystem: optimized;/usr/lib/x86_64-linux-gnu/libOgreRTShaderSystem.so;debug;/usr/lib/x86_64-linux-gnu/libOgreRTShaderSystem.so
[0.759s] -- Looking for OGRE_Volume...
[0.761s] -- Found OGRE_Volume: optimized;/usr/lib/x86_64-linux-gnu/libOgreVolume.so;debug;/usr/lib/x86_64-linux-gnu/libOgreVolume.so
[0.761s] -- Looking for OGRE_Overlay...
[0.763s] -- Found OGRE_Overlay: optimized;/usr/lib/x86_64-linux-gnu/libOgreOverlay.so;debug;/usr/lib/x86_64-linux-gnu/libOgreOverlay.so
[0.809s] -- Looking for ignition-math6 -- found version 6.15.1
[0.809s] -- Looking for ignition-transport8 -- found version 8.2.1
[0.810s] -- Searching for dependencies of ignition-transport8
[0.819s] -- Found Protobuf: /usr/lib/x86_64-linux-gnu/libprotobuf.so (found suitable version "3.12.4", minimum required is "3") 
[0.824s] -- Config-file not installed for ZeroMQ -- checking for pkg-config
[0.827s] -- Checking for module 'libzmq >= 4'
[0.834s] --   Found libzmq , version 4.3.4
[0.857s] -- Found ZeroMQ: TRUE (Required is at least version "4") 
[0.860s] -- Checking for module 'uuid'
[0.867s] --   Found uuid, version 2.37.2
[0.887s] -- Found UUID: TRUE  
[0.888s] -- Looking for ignition-msgs5 -- found version 5.8.1
[0.888s] -- Searching for dependencies of ignition-msgs5
[0.899s] -- Looking for ignition-math6 -- found version 6.15.1
[0.902s] -- Checking for module 'tinyxml2'
[0.910s] --   Found tinyxml2, version 9.0.0
[0.929s] -- Looking for ignition-msgs5 -- found version 5.8.1
[0.930s] -- Looking for ignition-common3 -- found version 3.14.0
[0.930s] -- Searching for dependencies of ignition-common3
[0.930s] -- Looking for dlfcn.h - found
[0.931s] -- Looking for libdl - found
[0.932s] -- Found DL: TRUE  
[0.938s] -- Found tinyobjloader: /usr/lib/x86_64-linux-gnu/cmake/tinyobjloader/tinyobjloader-config.cmake (found version "2.0.0") 
[0.939s] -- Searching for <ignition-common3> component [graphics]
[0.940s] -- Looking for ignition-common3-graphics -- found version 3.14.0
[0.940s] -- Searching for dependencies of ignition-common3-graphics
[0.940s] -- Looking for ignition-math6 -- found version 6.15.1
[0.941s] -- Looking for ignition-fuel_tools4 -- found version 4.4.0
[0.941s] -- Searching for dependencies of ignition-fuel_tools4
[0.986s] -- Found CURL: /usr/lib/x86_64-linux-gnu/libcurl.so (found version "7.81.0")  
[0.991s] -- Checking for module 'jsoncpp'
[0.999s] --   Found jsoncpp, version 1.9.5
[1.019s] -- Found JSONCPP: TRUE  
[1.022s] -- Checking for module 'libzip'
[1.030s] --   Found libzip, version 1.7.3
[1.050s] -- Found ZIP: TRUE  
[1.050s] -- Looking for ignition-common3 -- found version 3.14.0
[1.050s] -- Looking for ignition-math6 -- found version 6.15.1
[1.050s] -- Looking for ignition-msgs5 -- found version 5.8.1
[1.052s] -- Gazebo version: 11.10
[1.052s] -- Checking for module 'tbb'
[1.060s] --   Found tbb, version 2021.5.0
[1.081s] -- Found gazebo_msgs: 3.9.0 (/opt/ros/humble/share/gazebo_msgs/cmake)
[1.106s] -- Found linkattacher_msgs: 0.0.0 (/home/spaceshipecsat/ur_10_CatapultTest/install/linkattacher_msgs/share/linkattacher_msgs/cmake)
[1.115s] -- Added test 'copyright' to check source files copyright and LICENSE
[1.115s] -- Added test 'cppcheck' to perform static code analysis on C / C++ code
[1.115s] -- Configured cppcheck include dirs: /home/spaceshipecsat/ur_10_CatapultTest/src/IFRA_LinkAttacher/ros2_LinkAttacher/include
[1.115s] -- Configured cppcheck exclude dirs and/or files: 
[1.116s] -- Added test 'cpplint' to check C / C++ code against the Google style
[1.116s] -- Configured cpplint exclude dirs and/or files: 
[1.116s] -- Added test 'lint_cmake' to check CMake code style
[1.116s] -- Added test 'uncrustify' to check C / C++ code style
[1.116s] -- Configured uncrustify additional arguments: 
[1.117s] -- Added test 'xmllint' to check XML markup files
[1.117s] -- Configuring done
[1.129s] -- Generating done
[1.132s] -- Build files have been written to: /home/spaceshipecsat/ur_10_CatapultTest/build/ros2_linkattacher
