[0.004s] Invoking command in '/home/spaceshipecsat/ur_10_CatapultTest/build/linkattacher_msgs': CMAKE_PREFIX_PATH=/opt/ros/humble /usr/bin/cmake /home/spaceshipecsat/ur_10_CatapultTest/src/IFRA_LinkAttacher/linkattacher_msgs -DCMAKE_INSTALL_PREFIX=/home/spaceshipecsat/ur_10_CatapultTest/install/linkattacher_msgs
[0.012s] -- Found ament_cmake: 1.3.11 (/opt/ros/humble/share/ament_cmake/cmake)
[0.068s] -- Override CMake install command with custom implementation using symlinks instead of copying resources
[0.071s] -- Found ament_lint_auto: 0.12.12 (/opt/ros/humble/share/ament_lint_auto/cmake)
[0.101s] -- Found rosidl_default_generators: 1.2.0 (/opt/ros/humble/share/rosidl_default_generators/cmake)
[0.102s] -- Using all available rosidl_typesupport_c: rosidl_typesupport_fastrtps_c;rosidl_typesupport_introspection_c
[0.103s] -- Found rosidl_adapter: 3.1.6 (/opt/ros/humble/share/rosidl_adapter/cmake)
[0.117s] -- Using all available rosidl_typesupport_cpp: rosidl_typesupport_fastrtps_cpp;rosidl_typesupport_introspection_cpp
[0.219s] -- Found ament_cmake_ros: 0.10.0 (/opt/ros/humble/share/ament_cmake_ros/cmake)
[0.307s] -- Using all available rosidl_typesupport_c: rosidl_typesupport_fastrtps_c;rosidl_typesupport_introspection_c
[0.426s] -- Using all available rosidl_typesupport_cpp: rosidl_typesupport_fastrtps_cpp;rosidl_typesupport_introspection_cpp
[0.442s] -- Found python_cmake_module: 0.10.0 (/opt/ros/humble/share/python_cmake_module/cmake)
[0.453s] -- Using PYTHON_EXECUTABLE: /usr/bin/python3
[0.453s] -- Using PYTHON_INCLUDE_DIRS: /usr/include/python3.10
[0.453s] -- Using PYTHON_LIBRARIES: /usr/lib/x86_64-linux-gnu/libpython3.10.so
[0.459s] -- Added test 'copyright' to check source files copyright and LICENSE
[0.460s] -- Added test 'lint_cmake' to check CMake code style
[0.460s] -- Added test 'xmllint' to check XML markup files
[0.461s] -- Configuring done
[0.472s] -- Generating done
[0.476s] -- Build files have been written to: /home/spaceshipecsat/ur_10_CatapultTest/build/linkattacher_msgs
[0.480s] Invoked command in '/home/spaceshipecsat/ur_10_CatapultTest/build/linkattacher_msgs' returned '0': CMAKE_PREFIX_PATH=/opt/ros/humble /usr/bin/cmake /home/spaceshipecsat/ur_10_CatapultTest/src/IFRA_LinkAttacher/linkattacher_msgs -DCMAKE_INSTALL_PREFIX=/home/spaceshipecsat/ur_10_CatapultTest/install/linkattacher_msgs
[0.481s] Invoking command in '/home/spaceshipecsat/ur_10_CatapultTest/build/linkattacher_msgs': CMAKE_PREFIX_PATH=/opt/ros/humble /usr/bin/cmake --build /home/spaceshipecsat/ur_10_CatapultTest/build/linkattacher_msgs -- -j32 -l32
[0.505s] [35m[1mConsolidate compiler generated dependencies of target linkattacher_msgs__rosidl_generator_c[0m
[0.511s] [ 10%] Built target linkattacher_msgs__rosidl_generator_c
[0.511s] [ 12%] Built target linkattacher_msgs__cpp
[0.517s] [ 12%] Built target ament_cmake_python_symlink_linkattacher_msgs
[0.517s] [35m[1mConsolidate compiler generated dependencies of target linkattacher_msgs__rosidl_typesupport_c[0m
[0.517s] [35m[1mConsolidate compiler generated dependencies of target linkattacher_msgs__rosidl_typesupport_introspection_c[0m
[0.517s] [35m[1mConsolidate compiler generated dependencies of target linkattacher_msgs__rosidl_typesupport_fastrtps_c[0m
[0.518s] [35m[1mConsolidate compiler generated dependencies of target linkattacher_msgs__rosidl_typesupport_introspection_cpp[0m
[0.518s] [35m[1mConsolidate compiler generated dependencies of target linkattacher_msgs__rosidl_typesupport_fastrtps_cpp[0m
[0.523s] [ 23%] Built target linkattacher_msgs__rosidl_typesupport_introspection_c
[0.524s] [ 33%] Built target linkattacher_msgs__rosidl_typesupport_c
[0.524s] [35m[1mConsolidate compiler generated dependencies of target linkattacher_msgs__rosidl_typesupport_cpp[0m
[0.524s] [ 43%] Built target linkattacher_msgs__rosidl_typesupport_introspection_cpp
[0.526s] [ 53%] Built target linkattacher_msgs__rosidl_typesupport_fastrtps_c
[0.527s] [ 64%] Built target linkattacher_msgs__rosidl_typesupport_fastrtps_cpp
[0.532s] [ 74%] Built target linkattacher_msgs__rosidl_typesupport_cpp
[0.543s] [ 74%] Built target linkattacher_msgs
[0.554s] [ 76%] Built target linkattacher_msgs__py
[0.559s] [35m[1mConsolidate compiler generated dependencies of target linkattacher_msgs__rosidl_generator_py[0m
[0.567s] [ 84%] Built target linkattacher_msgs__rosidl_generator_py
[0.572s] [35m[1mConsolidate compiler generated dependencies of target linkattacher_msgs__rosidl_typesupport_introspection_c__pyext[0m
[0.573s] [35m[1mConsolidate compiler generated dependencies of target linkattacher_msgs__rosidl_typesupport_fastrtps_c__pyext[0m
[0.573s] [35m[1mConsolidate compiler generated dependencies of target linkattacher_msgs__rosidl_typesupport_c__pyext[0m
[0.579s] [ 89%] Built target linkattacher_msgs__rosidl_typesupport_fastrtps_c__pyext
[0.579s] [ 94%] Built target linkattacher_msgs__rosidl_typesupport_introspection_c__pyext
[0.581s] [100%] Built target linkattacher_msgs__rosidl_typesupport_c__pyext
[0.630s] running egg_info
[0.630s] writing linkattacher_msgs.egg-info/PKG-INFO
[0.630s] writing dependency_links to linkattacher_msgs.egg-info/dependency_links.txt
[0.630s] writing top-level names to linkattacher_msgs.egg-info/top_level.txt
[0.632s] reading manifest file 'linkattacher_msgs.egg-info/SOURCES.txt'
[0.632s] writing manifest file 'linkattacher_msgs.egg-info/SOURCES.txt'
[0.646s] [100%] Built target ament_cmake_python_build_linkattacher_msgs_egg
[0.651s] Invoked command in '/home/spaceshipecsat/ur_10_CatapultTest/build/linkattacher_msgs' returned '0': CMAKE_PREFIX_PATH=/opt/ros/humble /usr/bin/cmake --build /home/spaceshipecsat/ur_10_CatapultTest/build/linkattacher_msgs -- -j32 -l32
[0.656s] Invoking command in '/home/spaceshipecsat/ur_10_CatapultTest/build/linkattacher_msgs': CMAKE_PREFIX_PATH=/opt/ros/humble /usr/bin/cmake --install /home/spaceshipecsat/ur_10_CatapultTest/build/linkattacher_msgs
[0.661s] -- Install configuration: ""
[0.661s] -- Execute custom install script
[0.662s] -- Up-to-date symlink: /home/spaceshipecsat/ur_10_CatapultTest/install/linkattacher_msgs/share/linkattacher_msgs/srv/AttachLink.srv
[0.662s] -- Up-to-date symlink: /home/spaceshipecsat/ur_10_CatapultTest/install/linkattacher_msgs/share/linkattacher_msgs/srv/DetachLink.srv
[0.662s] -- Up-to-date symlink: /home/spaceshipecsat/ur_10_CatapultTest/install/linkattacher_msgs/share/ament_index/resource_index/rosidl_interfaces/linkattacher_msgs
[0.662s] -- Up-to-date symlink: /home/spaceshipecsat/ur_10_CatapultTest/install/linkattacher_msgs/include/linkattacher_msgs/linkattacher_msgs/msg/rosidl_generator_c__visibility_control.h
[0.662s] -- Up-to-date symlink: /home/spaceshipecsat/ur_10_CatapultTest/install/linkattacher_msgs/include/linkattacher_msgs/linkattacher_msgs/srv/attach_link.h
[0.662s] -- Up-to-date symlink: /home/spaceshipecsat/ur_10_CatapultTest/install/linkattacher_msgs/include/linkattacher_msgs/linkattacher_msgs/srv/detach_link.h
[0.662s] -- Up-to-date symlink: /home/spaceshipecsat/ur_10_CatapultTest/install/linkattacher_msgs/include/linkattacher_msgs/linkattacher_msgs/srv/detail/attach_link__functions.h
[0.663s] -- Up-to-date symlink: /home/spaceshipecsat/ur_10_CatapultTest/install/linkattacher_msgs/include/linkattacher_msgs/linkattacher_msgs/srv/detail/attach_link__struct.h
[0.663s] -- Up-to-date symlink: /home/spaceshipecsat/ur_10_CatapultTest/install/linkattacher_msgs/include/linkattacher_msgs/linkattacher_msgs/srv/detail/attach_link__type_support.h
[0.663s] -- Up-to-date symlink: /home/spaceshipecsat/ur_10_CatapultTest/install/linkattacher_msgs/include/linkattacher_msgs/linkattacher_msgs/srv/detail/detach_link__functions.h
[0.663s] -- Up-to-date symlink: /home/spaceshipecsat/ur_10_CatapultTest/install/linkattacher_msgs/include/linkattacher_msgs/linkattacher_msgs/srv/detail/detach_link__struct.h
[0.663s] -- Up-to-date symlink: /home/spaceshipecsat/ur_10_CatapultTest/install/linkattacher_msgs/include/linkattacher_msgs/linkattacher_msgs/srv/detail/detach_link__type_support.h
[0.663s] -- Up-to-date symlink: /home/spaceshipecsat/ur_10_CatapultTest/install/linkattacher_msgs/share/linkattacher_msgs/environment/library_path.sh
[0.663s] -- Up-to-date symlink: /home/spaceshipecsat/ur_10_CatapultTest/install/linkattacher_msgs/share/linkattacher_msgs/environment/library_path.dsv
[0.663s] -- Up-to-date symlink: /home/spaceshipecsat/ur_10_CatapultTest/install/linkattacher_msgs/include/linkattacher_msgs/linkattacher_msgs/msg/rosidl_typesupport_fastrtps_c__visibility_control.h
[0.663s] -- Up-to-date symlink: /home/spaceshipecsat/ur_10_CatapultTest/install/linkattacher_msgs/include/linkattacher_msgs/linkattacher_msgs/srv/detail/attach_link__rosidl_typesupport_fastrtps_c.h
[0.664s] -- Up-to-date symlink: /home/spaceshipecsat/ur_10_CatapultTest/install/linkattacher_msgs/include/linkattacher_msgs/linkattacher_msgs/srv/detail/detach_link__rosidl_typesupport_fastrtps_c.h
[0.664s] -- Up-to-date symlink: /home/spaceshipecsat/ur_10_CatapultTest/install/linkattacher_msgs/include/linkattacher_msgs/linkattacher_msgs/msg/rosidl_typesupport_introspection_c__visibility_control.h
[0.664s] -- Up-to-date symlink: /home/spaceshipecsat/ur_10_CatapultTest/install/linkattacher_msgs/include/linkattacher_msgs/linkattacher_msgs/srv/detail/attach_link__rosidl_typesupport_introspection_c.h
[0.664s] -- Up-to-date symlink: /home/spaceshipecsat/ur_10_CatapultTest/install/linkattacher_msgs/include/linkattacher_msgs/linkattacher_msgs/srv/detail/detach_link__rosidl_typesupport_introspection_c.h
[0.664s] -- Up-to-date symlink: /home/spaceshipecsat/ur_10_CatapultTest/install/linkattacher_msgs/include/linkattacher_msgs/linkattacher_msgs/msg/rosidl_generator_cpp__visibility_control.hpp
[0.664s] -- Up-to-date symlink: /home/spaceshipecsat/ur_10_CatapultTest/install/linkattacher_msgs/include/linkattacher_msgs/linkattacher_msgs/srv/attach_link.hpp
[0.664s] -- Up-to-date symlink: /home/spaceshipecsat/ur_10_CatapultTest/install/linkattacher_msgs/include/linkattacher_msgs/linkattacher_msgs/srv/detach_link.hpp
[0.664s] -- Up-to-date symlink: /home/spaceshipecsat/ur_10_CatapultTest/install/linkattacher_msgs/include/linkattacher_msgs/linkattacher_msgs/srv/detail/attach_link__builder.hpp
[0.664s] -- Up-to-date symlink: /home/spaceshipecsat/ur_10_CatapultTest/install/linkattacher_msgs/include/linkattacher_msgs/linkattacher_msgs/srv/detail/attach_link__struct.hpp
[0.664s] -- Up-to-date symlink: /home/spaceshipecsat/ur_10_CatapultTest/install/linkattacher_msgs/include/linkattacher_msgs/linkattacher_msgs/srv/detail/attach_link__traits.hpp
[0.664s] -- Up-to-date symlink: /home/spaceshipecsat/ur_10_CatapultTest/install/linkattacher_msgs/include/linkattacher_msgs/linkattacher_msgs/srv/detail/attach_link__type_support.hpp
[0.664s] -- Up-to-date symlink: /home/spaceshipecsat/ur_10_CatapultTest/install/linkattacher_msgs/include/linkattacher_msgs/linkattacher_msgs/srv/detail/detach_link__builder.hpp
[0.664s] -- Up-to-date symlink: /home/spaceshipecsat/ur_10_CatapultTest/install/linkattacher_msgs/include/linkattacher_msgs/linkattacher_msgs/srv/detail/detach_link__struct.hpp
[0.664s] -- Up-to-date symlink: /home/spaceshipecsat/ur_10_CatapultTest/install/linkattacher_msgs/include/linkattacher_msgs/linkattacher_msgs/srv/detail/detach_link__traits.hpp
[0.664s] -- Up-to-date symlink: /home/spaceshipecsat/ur_10_CatapultTest/install/linkattacher_msgs/include/linkattacher_msgs/linkattacher_msgs/srv/detail/detach_link__type_support.hpp
[0.665s] -- Up-to-date symlink: /home/spaceshipecsat/ur_10_CatapultTest/install/linkattacher_msgs/include/linkattacher_msgs/linkattacher_msgs/msg/rosidl_typesupport_fastrtps_cpp__visibility_control.h
[0.665s] -- Up-to-date symlink: /home/spaceshipecsat/ur_10_CatapultTest/install/linkattacher_msgs/include/linkattacher_msgs/linkattacher_msgs/srv/detail/attach_link__rosidl_typesupport_fastrtps_cpp.hpp
[0.665s] -- Up-to-date symlink: /home/spaceshipecsat/ur_10_CatapultTest/install/linkattacher_msgs/include/linkattacher_msgs/linkattacher_msgs/srv/detail/detach_link__rosidl_typesupport_fastrtps_cpp.hpp
[0.665s] -- Up-to-date symlink: /home/spaceshipecsat/ur_10_CatapultTest/install/linkattacher_msgs/include/linkattacher_msgs/linkattacher_msgs/srv/detail/attach_link__rosidl_typesupport_introspection_cpp.hpp
[0.665s] -- Up-to-date symlink: /home/spaceshipecsat/ur_10_CatapultTest/install/linkattacher_msgs/include/linkattacher_msgs/linkattacher_msgs/srv/detail/detach_link__rosidl_typesupport_introspection_cpp.hpp
[0.665s] -- Up-to-date symlink: /home/spaceshipecsat/ur_10_CatapultTest/install/linkattacher_msgs/share/linkattacher_msgs/environment/pythonpath.sh
[0.665s] -- Up-to-date symlink: /home/spaceshipecsat/ur_10_CatapultTest/install/linkattacher_msgs/share/linkattacher_msgs/environment/pythonpath.dsv
[0.665s] -- Up-to-date symlink: /home/spaceshipecsat/ur_10_CatapultTest/install/linkattacher_msgs/local/lib/python3.10/dist-packages/linkattacher_msgs-0.0.0-py3.10.egg-info/PKG-INFO
[0.665s] -- Up-to-date symlink: /home/spaceshipecsat/ur_10_CatapultTest/install/linkattacher_msgs/local/lib/python3.10/dist-packages/linkattacher_msgs-0.0.0-py3.10.egg-info/SOURCES.txt
[0.665s] -- Up-to-date symlink: /home/spaceshipecsat/ur_10_CatapultTest/install/linkattacher_msgs/local/lib/python3.10/dist-packages/linkattacher_msgs-0.0.0-py3.10.egg-info/dependency_links.txt
[0.665s] -- Up-to-date symlink: /home/spaceshipecsat/ur_10_CatapultTest/install/linkattacher_msgs/local/lib/python3.10/dist-packages/linkattacher_msgs-0.0.0-py3.10.egg-info/top_level.txt
[0.665s] -- Up-to-date symlink: /home/spaceshipecsat/ur_10_CatapultTest/install/linkattacher_msgs/local/lib/python3.10/dist-packages/linkattacher_msgs/__init__.py
[0.665s] -- Up-to-date symlink: /home/spaceshipecsat/ur_10_CatapultTest/install/linkattacher_msgs/local/lib/python3.10/dist-packages/linkattacher_msgs/_linkattacher_msgs_s.ep.rosidl_typesupport_c.c
[0.665s] -- Up-to-date symlink: /home/spaceshipecsat/ur_10_CatapultTest/install/linkattacher_msgs/local/lib/python3.10/dist-packages/linkattacher_msgs/_linkattacher_msgs_s.ep.rosidl_typesupport_fastrtps_c.c
[0.665s] -- Up-to-date symlink: /home/spaceshipecsat/ur_10_CatapultTest/install/linkattacher_msgs/local/lib/python3.10/dist-packages/linkattacher_msgs/_linkattacher_msgs_s.ep.rosidl_typesupport_introspection_c.c
[0.665s] -- Up-to-date symlink: /home/spaceshipecsat/ur_10_CatapultTest/install/linkattacher_msgs/local/lib/python3.10/dist-packages/linkattacher_msgs/liblinkattacher_msgs__rosidl_generator_py.so
[0.665s] -- Up-to-date symlink: /home/spaceshipecsat/ur_10_CatapultTest/install/linkattacher_msgs/local/lib/python3.10/dist-packages/linkattacher_msgs/linkattacher_msgs_s__rosidl_typesupport_c.cpython-310-x86_64-linux-gnu.so
[0.665s] -- Up-to-date symlink: /home/spaceshipecsat/ur_10_CatapultTest/install/linkattacher_msgs/local/lib/python3.10/dist-packages/linkattacher_msgs/linkattacher_msgs_s__rosidl_typesupport_fastrtps_c.cpython-310-x86_64-linux-gnu.so
[0.666s] -- Up-to-date symlink: /home/spaceshipecsat/ur_10_CatapultTest/install/linkattacher_msgs/local/lib/python3.10/dist-packages/linkattacher_msgs/linkattacher_msgs_s__rosidl_typesupport_introspection_c.cpython-310-x86_64-linux-gnu.so
[0.666s] -- Up-to-date symlink: /home/spaceshipecsat/ur_10_CatapultTest/install/linkattacher_msgs/local/lib/python3.10/dist-packages/linkattacher_msgs/srv/__init__.py
[0.666s] -- Up-to-date symlink: /home/spaceshipecsat/ur_10_CatapultTest/install/linkattacher_msgs/local/lib/python3.10/dist-packages/linkattacher_msgs/srv/_attach_link.py
[0.666s] -- Up-to-date symlink: /home/spaceshipecsat/ur_10_CatapultTest/install/linkattacher_msgs/local/lib/python3.10/dist-packages/linkattacher_msgs/srv/_attach_link_s.c
[0.666s] -- Up-to-date symlink: /home/spaceshipecsat/ur_10_CatapultTest/install/linkattacher_msgs/local/lib/python3.10/dist-packages/linkattacher_msgs/srv/_detach_link.py
[0.666s] -- Up-to-date symlink: /home/spaceshipecsat/ur_10_CatapultTest/install/linkattacher_msgs/local/lib/python3.10/dist-packages/linkattacher_msgs/srv/_detach_link_s.c
[0.666s] -- Up-to-date symlink: /home/spaceshipecsat/ur_10_CatapultTest/install/linkattacher_msgs/local/lib/python3.10/dist-packages/linkattacher_msgs/linkattacher_msgs_s__rosidl_typesupport_fastrtps_c.cpython-310-x86_64-linux-gnu.so
[0.666s] -- Up-to-date symlink: /home/spaceshipecsat/ur_10_CatapultTest/install/linkattacher_msgs/local/lib/python3.10/dist-packages/linkattacher_msgs/linkattacher_msgs_s__rosidl_typesupport_introspection_c.cpython-310-x86_64-linux-gnu.so
[0.666s] -- Up-to-date symlink: /home/spaceshipecsat/ur_10_CatapultTest/install/linkattacher_msgs/local/lib/python3.10/dist-packages/linkattacher_msgs/linkattacher_msgs_s__rosidl_typesupport_c.cpython-310-x86_64-linux-gnu.so
[0.666s] -- Up-to-date symlink: /home/spaceshipecsat/ur_10_CatapultTest/install/linkattacher_msgs/share/linkattacher_msgs/srv/AttachLink.idl
[0.666s] -- Up-to-date symlink: /home/spaceshipecsat/ur_10_CatapultTest/install/linkattacher_msgs/share/linkattacher_msgs/srv/DetachLink.idl
[0.666s] -- Up-to-date symlink: /home/spaceshipecsat/ur_10_CatapultTest/install/linkattacher_msgs/share/linkattacher_msgs/srv/AttachLink.srv
[0.666s] -- Up-to-date symlink: /home/spaceshipecsat/ur_10_CatapultTest/install/linkattacher_msgs/share/linkattacher_msgs/srv/AttachLink_Request.msg
[0.666s] -- Up-to-date symlink: /home/spaceshipecsat/ur_10_CatapultTest/install/linkattacher_msgs/share/linkattacher_msgs/srv/AttachLink_Response.msg
[0.666s] -- Up-to-date symlink: /home/spaceshipecsat/ur_10_CatapultTest/install/linkattacher_msgs/share/linkattacher_msgs/srv/DetachLink.srv
[0.666s] -- Up-to-date symlink: /home/spaceshipecsat/ur_10_CatapultTest/install/linkattacher_msgs/share/linkattacher_msgs/srv/DetachLink_Request.msg
[0.666s] -- Up-to-date symlink: /home/spaceshipecsat/ur_10_CatapultTest/install/linkattacher_msgs/share/linkattacher_msgs/srv/DetachLink_Response.msg
[0.666s] -- Up-to-date symlink: /home/spaceshipecsat/ur_10_CatapultTest/install/linkattacher_msgs/share/ament_index/resource_index/package_run_dependencies/linkattacher_msgs
[0.666s] -- Up-to-date symlink: /home/spaceshipecsat/ur_10_CatapultTest/install/linkattacher_msgs/share/ament_index/resource_index/parent_prefix_path/linkattacher_msgs
[0.667s] -- Up-to-date symlink: /home/spaceshipecsat/ur_10_CatapultTest/install/linkattacher_msgs/share/linkattacher_msgs/environment/ament_prefix_path.sh
[0.667s] -- Up-to-date symlink: /home/spaceshipecsat/ur_10_CatapultTest/install/linkattacher_msgs/share/linkattacher_msgs/environment/ament_prefix_path.dsv
[0.667s] -- Up-to-date symlink: /home/spaceshipecsat/ur_10_CatapultTest/install/linkattacher_msgs/share/linkattacher_msgs/environment/path.sh
[0.667s] -- Up-to-date symlink: /home/spaceshipecsat/ur_10_CatapultTest/install/linkattacher_msgs/share/linkattacher_msgs/environment/path.dsv
[0.667s] -- Up-to-date symlink: /home/spaceshipecsat/ur_10_CatapultTest/install/linkattacher_msgs/share/linkattacher_msgs/local_setup.bash
[0.667s] -- Up-to-date symlink: /home/spaceshipecsat/ur_10_CatapultTest/install/linkattacher_msgs/share/linkattacher_msgs/local_setup.sh
[0.667s] -- Up-to-date symlink: /home/spaceshipecsat/ur_10_CatapultTest/install/linkattacher_msgs/share/linkattacher_msgs/local_setup.zsh
[0.667s] -- Up-to-date symlink: /home/spaceshipecsat/ur_10_CatapultTest/install/linkattacher_msgs/share/linkattacher_msgs/local_setup.dsv
[0.667s] -- Symlinking: /home/spaceshipecsat/ur_10_CatapultTest/install/linkattacher_msgs/share/linkattacher_msgs/package.dsv
[0.671s] -- Up-to-date symlink: /home/spaceshipecsat/ur_10_CatapultTest/install/linkattacher_msgs/share/ament_index/resource_index/packages/linkattacher_msgs
[0.671s] -- Up-to-date symlink: /home/spaceshipecsat/ur_10_CatapultTest/install/linkattacher_msgs/share/linkattacher_msgs/cmake/rosidl_cmake-extras.cmake
[0.671s] -- Up-to-date symlink: /home/spaceshipecsat/ur_10_CatapultTest/install/linkattacher_msgs/share/linkattacher_msgs/cmake/ament_cmake_export_include_directories-extras.cmake
[0.671s] -- Up-to-date symlink: /home/spaceshipecsat/ur_10_CatapultTest/install/linkattacher_msgs/share/linkattacher_msgs/cmake/ament_cmake_export_libraries-extras.cmake
[0.671s] -- Up-to-date symlink: /home/spaceshipecsat/ur_10_CatapultTest/install/linkattacher_msgs/share/linkattacher_msgs/cmake/ament_cmake_export_targets-extras.cmake
[0.671s] -- Up-to-date symlink: /home/spaceshipecsat/ur_10_CatapultTest/install/linkattacher_msgs/share/linkattacher_msgs/cmake/rosidl_cmake_export_typesupport_targets-extras.cmake
[0.671s] -- Up-to-date symlink: /home/spaceshipecsat/ur_10_CatapultTest/install/linkattacher_msgs/share/linkattacher_msgs/cmake/ament_cmake_export_dependencies-extras.cmake
[0.671s] -- Up-to-date symlink: /home/spaceshipecsat/ur_10_CatapultTest/install/linkattacher_msgs/share/linkattacher_msgs/cmake/rosidl_cmake_export_typesupport_libraries-extras.cmake
[0.671s] -- Up-to-date symlink: /home/spaceshipecsat/ur_10_CatapultTest/install/linkattacher_msgs/share/linkattacher_msgs/cmake/linkattacher_msgsConfig.cmake
[0.671s] -- Up-to-date symlink: /home/spaceshipecsat/ur_10_CatapultTest/install/linkattacher_msgs/share/linkattacher_msgs/cmake/linkattacher_msgsConfig-version.cmake
[0.671s] -- Up-to-date symlink: /home/spaceshipecsat/ur_10_CatapultTest/install/linkattacher_msgs/share/linkattacher_msgs/package.xml
[0.672s] -- Up-to-date: /home/spaceshipecsat/ur_10_CatapultTest/install/linkattacher_msgs/lib/liblinkattacher_msgs__rosidl_generator_c.so
[0.672s] -- Up-to-date: /home/spaceshipecsat/ur_10_CatapultTest/install/linkattacher_msgs/lib/liblinkattacher_msgs__rosidl_typesupport_fastrtps_c.so
[0.672s] -- Up-to-date: /home/spaceshipecsat/ur_10_CatapultTest/install/linkattacher_msgs/lib/liblinkattacher_msgs__rosidl_typesupport_introspection_c.so
[0.672s] -- Up-to-date: /home/spaceshipecsat/ur_10_CatapultTest/install/linkattacher_msgs/lib/liblinkattacher_msgs__rosidl_typesupport_c.so
[0.672s] -- Up-to-date: /home/spaceshipecsat/ur_10_CatapultTest/install/linkattacher_msgs/lib/liblinkattacher_msgs__rosidl_typesupport_fastrtps_cpp.so
[0.672s] -- Up-to-date: /home/spaceshipecsat/ur_10_CatapultTest/install/linkattacher_msgs/lib/liblinkattacher_msgs__rosidl_typesupport_introspection_cpp.so
[0.672s] -- Up-to-date: /home/spaceshipecsat/ur_10_CatapultTest/install/linkattacher_msgs/lib/liblinkattacher_msgs__rosidl_typesupport_cpp.so
[0.687s] Listing '/home/spaceshipecsat/ur_10_CatapultTest/install/linkattacher_msgs/local/lib/python3.10/dist-packages/linkattacher_msgs'...
[0.687s] Compiling '/home/spaceshipecsat/ur_10_CatapultTest/install/linkattacher_msgs/local/lib/python3.10/dist-packages/linkattacher_msgs/__init__.py'...
[0.687s] Listing '/home/spaceshipecsat/ur_10_CatapultTest/install/linkattacher_msgs/local/lib/python3.10/dist-packages/linkattacher_msgs/srv'...
[0.689s] -- Up-to-date: /home/spaceshipecsat/ur_10_CatapultTest/install/linkattacher_msgs/lib/liblinkattacher_msgs__rosidl_generator_py.so
[0.689s] -- Up-to-date: /home/spaceshipecsat/ur_10_CatapultTest/install/linkattacher_msgs/share/linkattacher_msgs/cmake/export_linkattacher_msgs__rosidl_generator_cExport.cmake
[0.689s] -- Up-to-date: /home/spaceshipecsat/ur_10_CatapultTest/install/linkattacher_msgs/share/linkattacher_msgs/cmake/export_linkattacher_msgs__rosidl_generator_cExport-noconfig.cmake
[0.689s] -- Up-to-date: /home/spaceshipecsat/ur_10_CatapultTest/install/linkattacher_msgs/share/linkattacher_msgs/cmake/export_linkattacher_msgs__rosidl_typesupport_fastrtps_cExport.cmake
[0.690s] -- Up-to-date: /home/spaceshipecsat/ur_10_CatapultTest/install/linkattacher_msgs/share/linkattacher_msgs/cmake/export_linkattacher_msgs__rosidl_typesupport_fastrtps_cExport-noconfig.cmake
[0.690s] -- Up-to-date: /home/spaceshipecsat/ur_10_CatapultTest/install/linkattacher_msgs/share/linkattacher_msgs/cmake/linkattacher_msgs__rosidl_typesupport_introspection_cExport.cmake
[0.690s] -- Up-to-date: /home/spaceshipecsat/ur_10_CatapultTest/install/linkattacher_msgs/share/linkattacher_msgs/cmake/linkattacher_msgs__rosidl_typesupport_introspection_cExport-noconfig.cmake
[0.690s] -- Up-to-date: /home/spaceshipecsat/ur_10_CatapultTest/install/linkattacher_msgs/share/linkattacher_msgs/cmake/linkattacher_msgs__rosidl_typesupport_cExport.cmake
[0.690s] -- Up-to-date: /home/spaceshipecsat/ur_10_CatapultTest/install/linkattacher_msgs/share/linkattacher_msgs/cmake/linkattacher_msgs__rosidl_typesupport_cExport-noconfig.cmake
[0.690s] -- Up-to-date: /home/spaceshipecsat/ur_10_CatapultTest/install/linkattacher_msgs/share/linkattacher_msgs/cmake/export_linkattacher_msgs__rosidl_generator_cppExport.cmake
[0.690s] -- Up-to-date: /home/spaceshipecsat/ur_10_CatapultTest/install/linkattacher_msgs/share/linkattacher_msgs/cmake/export_linkattacher_msgs__rosidl_typesupport_fastrtps_cppExport.cmake
[0.690s] -- Up-to-date: /home/spaceshipecsat/ur_10_CatapultTest/install/linkattacher_msgs/share/linkattacher_msgs/cmake/export_linkattacher_msgs__rosidl_typesupport_fastrtps_cppExport-noconfig.cmake
[0.690s] -- Up-to-date: /home/spaceshipecsat/ur_10_CatapultTest/install/linkattacher_msgs/share/linkattacher_msgs/cmake/linkattacher_msgs__rosidl_typesupport_introspection_cppExport.cmake
[0.690s] -- Up-to-date: /home/spaceshipecsat/ur_10_CatapultTest/install/linkattacher_msgs/share/linkattacher_msgs/cmake/linkattacher_msgs__rosidl_typesupport_introspection_cppExport-noconfig.cmake
[0.690s] -- Up-to-date: /home/spaceshipecsat/ur_10_CatapultTest/install/linkattacher_msgs/share/linkattacher_msgs/cmake/linkattacher_msgs__rosidl_typesupport_cppExport.cmake
[0.690s] -- Up-to-date: /home/spaceshipecsat/ur_10_CatapultTest/install/linkattacher_msgs/share/linkattacher_msgs/cmake/linkattacher_msgs__rosidl_typesupport_cppExport-noconfig.cmake
[0.690s] -- Up-to-date: /home/spaceshipecsat/ur_10_CatapultTest/install/linkattacher_msgs/share/linkattacher_msgs/cmake/export_linkattacher_msgs__rosidl_generator_pyExport.cmake
[0.690s] -- Up-to-date: /home/spaceshipecsat/ur_10_CatapultTest/install/linkattacher_msgs/share/linkattacher_msgs/cmake/export_linkattacher_msgs__rosidl_generator_pyExport-noconfig.cmake
[0.691s] Invoked command in '/home/spaceshipecsat/ur_10_CatapultTest/build/linkattacher_msgs' returned '0': CMAKE_PREFIX_PATH=/opt/ros/humble /usr/bin/cmake --install /home/spaceshipecsat/ur_10_CatapultTest/build/linkattacher_msgs
